Archive member included to satisfy reference by file (symbol)

/home/hobian/arm/gcc-arm-none-eabi-8-2018-q4-major/bin/../lib/gcc/arm-none-eabi/8.2.1/../../../../arm-none-eabi/lib/thumb/v7-m/nofp/libm.a(lib_a-w_exp2.o)
                              build/cc26x0-cc13x0/sensortag/cc2650//obj/opt-3001-sensor.o (exp2)
/home/hobian/arm/gcc-arm-none-eabi-8-2018-q4-major/bin/../lib/gcc/arm-none-eabi/8.2.1/../../../../arm-none-eabi/lib/thumb/v7-m/nofp/libm.a(lib_a-w_pow.o)
                              /home/hobian/arm/gcc-arm-none-eabi-8-2018-q4-major/bin/../lib/gcc/arm-none-eabi/8.2.1/../../../../arm-none-eabi/lib/thumb/v7-m/nofp/libm.a(lib_a-w_exp2.o) (pow)
/home/hobian/arm/gcc-arm-none-eabi-8-2018-q4-major/bin/../lib/gcc/arm-none-eabi/8.2.1/../../../../arm-none-eabi/lib/thumb/v7-m/nofp/libm.a(lib_a-e_pow.o)
                              /home/hobian/arm/gcc-arm-none-eabi-8-2018-q4-major/bin/../lib/gcc/arm-none-eabi/8.2.1/../../../../arm-none-eabi/lib/thumb/v7-m/nofp/libm.a(lib_a-w_pow.o) (__ieee754_pow)
/home/hobian/arm/gcc-arm-none-eabi-8-2018-q4-major/bin/../lib/gcc/arm-none-eabi/8.2.1/../../../../arm-none-eabi/lib/thumb/v7-m/nofp/libm.a(lib_a-e_sqrt.o)
                              /home/hobian/arm/gcc-arm-none-eabi-8-2018-q4-major/bin/../lib/gcc/arm-none-eabi/8.2.1/../../../../arm-none-eabi/lib/thumb/v7-m/nofp/libm.a(lib_a-e_pow.o) (__ieee754_sqrt)
/home/hobian/arm/gcc-arm-none-eabi-8-2018-q4-major/bin/../lib/gcc/arm-none-eabi/8.2.1/../../../../arm-none-eabi/lib/thumb/v7-m/nofp/libm.a(lib_a-s_fabs.o)
                              /home/hobian/arm/gcc-arm-none-eabi-8-2018-q4-major/bin/../lib/gcc/arm-none-eabi/8.2.1/../../../../arm-none-eabi/lib/thumb/v7-m/nofp/libm.a(lib_a-e_pow.o) (fabs)
/home/hobian/arm/gcc-arm-none-eabi-8-2018-q4-major/bin/../lib/gcc/arm-none-eabi/8.2.1/../../../../arm-none-eabi/lib/thumb/v7-m/nofp/libm.a(lib_a-s_finite.o)
                              /home/hobian/arm/gcc-arm-none-eabi-8-2018-q4-major/bin/../lib/gcc/arm-none-eabi/8.2.1/../../../../arm-none-eabi/lib/thumb/v7-m/nofp/libm.a(lib_a-w_pow.o) (finite)
/home/hobian/arm/gcc-arm-none-eabi-8-2018-q4-major/bin/../lib/gcc/arm-none-eabi/8.2.1/../../../../arm-none-eabi/lib/thumb/v7-m/nofp/libm.a(lib_a-s_lib_ver.o)
                              /home/hobian/arm/gcc-arm-none-eabi-8-2018-q4-major/bin/../lib/gcc/arm-none-eabi/8.2.1/../../../../arm-none-eabi/lib/thumb/v7-m/nofp/libm.a(lib_a-w_pow.o) (__fdlib_version)
/home/hobian/arm/gcc-arm-none-eabi-8-2018-q4-major/bin/../lib/gcc/arm-none-eabi/8.2.1/../../../../arm-none-eabi/lib/thumb/v7-m/nofp/libm.a(lib_a-s_matherr.o)
                              /home/hobian/arm/gcc-arm-none-eabi-8-2018-q4-major/bin/../lib/gcc/arm-none-eabi/8.2.1/../../../../arm-none-eabi/lib/thumb/v7-m/nofp/libm.a(lib_a-w_pow.o) (matherr)
/home/hobian/arm/gcc-arm-none-eabi-8-2018-q4-major/bin/../lib/gcc/arm-none-eabi/8.2.1/../../../../arm-none-eabi/lib/thumb/v7-m/nofp/libm.a(lib_a-s_nan.o)
                              /home/hobian/arm/gcc-arm-none-eabi-8-2018-q4-major/bin/../lib/gcc/arm-none-eabi/8.2.1/../../../../arm-none-eabi/lib/thumb/v7-m/nofp/libm.a(lib_a-e_pow.o) (nan)
/home/hobian/arm/gcc-arm-none-eabi-8-2018-q4-major/bin/../lib/gcc/arm-none-eabi/8.2.1/../../../../arm-none-eabi/lib/thumb/v7-m/nofp/libm.a(lib_a-s_rint.o)
                              /home/hobian/arm/gcc-arm-none-eabi-8-2018-q4-major/bin/../lib/gcc/arm-none-eabi/8.2.1/../../../../arm-none-eabi/lib/thumb/v7-m/nofp/libm.a(lib_a-w_pow.o) (rint)
/home/hobian/arm/gcc-arm-none-eabi-8-2018-q4-major/bin/../lib/gcc/arm-none-eabi/8.2.1/../../../../arm-none-eabi/lib/thumb/v7-m/nofp/libm.a(lib_a-s_scalbn.o)
                              /home/hobian/arm/gcc-arm-none-eabi-8-2018-q4-major/bin/../lib/gcc/arm-none-eabi/8.2.1/../../../../arm-none-eabi/lib/thumb/v7-m/nofp/libm.a(lib_a-e_pow.o) (scalbn)
/home/hobian/arm/gcc-arm-none-eabi-8-2018-q4-major/bin/../lib/gcc/arm-none-eabi/8.2.1/thumb/v7-m/nofp/libgcc.a(_arm_addsubdf3.o)
                              build/cc26x0-cc13x0/sensortag/cc2650//obj/hdc-1000-sensor.o (__aeabi_dsub)
/home/hobian/arm/gcc-arm-none-eabi-8-2018-q4-major/bin/../lib/gcc/arm-none-eabi/8.2.1/thumb/v7-m/nofp/libgcc.a(_arm_muldivdf3.o)
                              build/cc26x0-cc13x0/sensortag/cc2650//obj/opt-3001-sensor.o (__aeabi_dmul)
/home/hobian/arm/gcc-arm-none-eabi-8-2018-q4-major/bin/../lib/gcc/arm-none-eabi/8.2.1/thumb/v7-m/nofp/libgcc.a(_arm_cmpdf2.o)
                              /home/hobian/arm/gcc-arm-none-eabi-8-2018-q4-major/bin/../lib/gcc/arm-none-eabi/8.2.1/../../../../arm-none-eabi/lib/thumb/v7-m/nofp/libm.a(lib_a-w_pow.o) (__aeabi_dcmpeq)
/home/hobian/arm/gcc-arm-none-eabi-8-2018-q4-major/bin/../lib/gcc/arm-none-eabi/8.2.1/thumb/v7-m/nofp/libgcc.a(_arm_unorddf2.o)
                              /home/hobian/arm/gcc-arm-none-eabi-8-2018-q4-major/bin/../lib/gcc/arm-none-eabi/8.2.1/../../../../arm-none-eabi/lib/thumb/v7-m/nofp/libm.a(lib_a-w_pow.o) (__aeabi_dcmpun)
[...]
Memory Configuration

Name             Origin             Length             Attributes
FLASH            0x0000000000000000 0x000000000001ffa8 xr
FLASH_CCFG       0x000000000001ffa8 0x0000000000000058 xr
SRAM             0x0000000020000000 0x0000000000005000 xrw
GPRAM            0x0000000011000000 0x0000000000002000 xrw
*default*        0x0000000000000000 0xffffffffffffffff

Linker script and memory map

LOAD build/cc26x0-cc13x0/sensortag/cc2650//obj/fault-handlers.o
LOAD build/cc26x0-cc13x0/sensortag/cc2650//obj/ccfg.o
LOAD build/cc26x0-cc13x0/sensortag/cc2650//obj/startup_gcc.o
LOAD build/cc26x0-cc13x0/sensortag/cc2650//obj/platform.o
LOAD build/cc26x0-cc13x0/sensortag/cc2650//obj/leds-arch.o
LOAD build/cc26x0-cc13x0/sensortag/cc2650//obj/sensortag-sensors.o
LOAD build/cc26x0-cc13x0/sensortag/cc2650//obj/board-buttons.o
LOAD build/cc26x0-cc13x0/sensortag/cc2650//obj/sensor-common.o
LOAD build/cc26x0-cc13x0/sensortag/cc2650//obj/bmp-280-sensor.o
LOAD build/cc26x0-cc13x0/sensortag/cc2650//obj/tmp-007-sensor.o
LOAD build/cc26x0-cc13x0/sensortag/cc2650//obj/opt-3001-sensor.o
LOAD build/cc26x0-cc13x0/sensortag/cc2650//obj/hdc-1000-sensor.o
LOAD build/cc26x0-cc13x0/sensortag/cc2650//obj/mpu-9250-sensor.o
LOAD build/cc26x0-cc13x0/sensortag/cc2650//obj/xmem.o
LOAD build/cc26x0-cc13x0/sensortag/cc2650//obj/buzzer.o
LOAD build/cc26x0-cc13x0/sensortag/cc2650//obj/board.o
LOAD build/cc26x0-cc13x0/sensortag/cc2650//obj/board-i2c.o
LOAD build/cc26x0-cc13x0/sensortag/cc2650//obj/clock.o
LOAD build/cc26x0-cc13x0/sensortag/cc2650//obj/rtimer-arch.o
LOAD build/cc26x0-cc13x0/sensortag/cc2650//obj/soc-rtc.o
LOAD build/cc26x0-cc13x0/sensortag/cc2650//obj/uart.o
LOAD build/cc26x0-cc13x0/sensortag/cc2650//obj/contiki-watchdog.o
LOAD build/cc26x0-cc13x0/sensortag/cc2650//obj/aux-ctrl.o
LOAD build/cc26x0-cc13x0/sensortag/cc2650//obj/dbg.o
LOAD build/cc26x0-cc13x0/sensortag/cc2650//obj/ieee-addr.o
LOAD build/cc26x0-cc13x0/sensortag/cc2650//obj/batmon-sensor.o
LOAD build/cc26x0-cc13x0/sensortag/cc2650//obj/adc-sensor.o
LOAD build/cc26x0-cc13x0/sensortag/cc2650//obj/slip-arch.o
LOAD build/cc26x0-cc13x0/sensortag/cc2650//obj/slip.o
LOAD build/cc26x0-cc13x0/sensortag/cc2650//obj/cc26xx-uart.o
LOAD build/cc26x0-cc13x0/sensortag/cc2650//obj/lpm.o
LOAD build/cc26x0-cc13x0/sensortag/cc2650//obj/gpio-interrupt.o
LOAD build/cc26x0-cc13x0/sensortag/cc2650//obj/gpio-hal-arch.o
LOAD build/cc26x0-cc13x0/sensortag/cc2650//obj/oscillators.o
LOAD build/cc26x0-cc13x0/sensortag/cc2650//obj/rf-core.o
LOAD build/cc26x0-cc13x0/sensortag/cc2650//obj/rf-ble.o
LOAD build/cc26x0-cc13x0/sensortag/cc2650//obj/ieee-mode.o
LOAD build/cc26x0-cc13x0/sensortag/cc2650//obj/ble-cc2650.o
LOAD build/cc26x0-cc13x0/sensortag/cc2650//obj/ble-hal-cc26xx.o
LOAD build/cc26x0-cc13x0/sensortag/cc2650//obj/ble-addr.o
LOAD build/cc26x0-cc13x0/sensortag/cc2650//obj/rf-ble-cmd.o
LOAD build/cc26x0-cc13x0/sensortag/cc2650//obj/random.o
LOAD build/cc26x0-cc13x0/sensortag/cc2650//obj/soc-trng.o
LOAD build/cc26x0-cc13x0/sensortag/cc2650//obj/int-master.o
LOAD build/cc26x0-cc13x0/sensortag/cc2650//obj/spi-arch.o
LOAD build/cc26x0-cc13x0/sensortag/cc2650//obj/cc26xx-aes.o
LOAD build/cc26x0-cc13x0/sensortag/cc2650//obj/contiki-main.o
LOAD build/cc26x0-cc13x0/sensortag/cc2650//obj/autostart.o
LOAD build/cc26x0-cc13x0/sensortag/cc2650//obj/ctimer.o
LOAD build/cc26x0-cc13x0/sensortag/cc2650//obj/log.o
LOAD build/cc26x0-cc13x0/sensortag/cc2650//obj/energest.o
LOAD build/cc26x0-cc13x0/sensortag/cc2650//obj/etimer.o
LOAD build/cc26x0-cc13x0/sensortag/cc2650//obj/node-id.o
LOAD build/cc26x0-cc13x0/sensortag/cc2650//obj/mutex.o
LOAD build/cc26x0-cc13x0/sensortag/cc2650//obj/stimer.o
LOAD build/cc26x0-cc13x0/sensortag/cc2650//obj/compower.o
LOAD build/cc26x0-cc13x0/sensortag/cc2650//obj/process.o
LOAD build/cc26x0-cc13x0/sensortag/cc2650//obj/rtimer.o
LOAD build/cc26x0-cc13x0/sensortag/cc2650//obj/timer.o
LOAD build/cc26x0-cc13x0/sensortag/cc2650//obj/stack-check.o
LOAD build/cc26x0-cc13x0/sensortag/cc2650//obj/button-hal.o
LOAD build/cc26x0-cc13x0/sensortag/cc2650//obj/serial-line.o
LOAD build/cc26x0-cc13x0/sensortag/cc2650//obj/spi.o
LOAD build/cc26x0-cc13x0/sensortag/cc2650//obj/leds.o
LOAD build/cc26x0-cc13x0/sensortag/cc2650//obj/nullradio.o
LOAD build/cc26x0-cc13x0/sensortag/cc2650//obj/gpio-hal.o
LOAD build/cc26x0-cc13x0/sensortag/cc2650//obj/dbl-list.o
LOAD build/cc26x0-cc13x0/sensortag/cc2650//obj/dbl-circ-list.o
LOAD build/cc26x0-cc13x0/sensortag/cc2650//obj/crc16.o
LOAD build/cc26x0-cc13x0/sensortag/cc2650//obj/ifft.o
LOAD build/cc26x0-cc13x0/sensortag/cc2650//obj/ccm-star.o
LOAD build/cc26x0-cc13x0/sensortag/cc2650//obj/sensors.o
LOAD build/cc26x0-cc13x0/sensortag/cc2650//obj/ringbufindex.o
LOAD build/cc26x0-cc13x0/sensortag/cc2650//obj/list.o
LOAD build/cc26x0-cc13x0/sensortag/cc2650//obj/circular-list.o
LOAD build/cc26x0-cc13x0/sensortag/cc2650//obj/aes-128.o
LOAD build/cc26x0-cc13x0/sensortag/cc2650//obj/trickle-timer.o
LOAD build/cc26x0-cc13x0/sensortag/cc2650//obj/memb.o
LOAD build/cc26x0-cc13x0/sensortag/cc2650//obj/heapmem.o
LOAD build/cc26x0-cc13x0/sensortag/cc2650//obj/assert.o
LOAD build/cc26x0-cc13x0/sensortag/cc2650//obj/ringbuf.o
LOAD build/cc26x0-cc13x0/sensortag/cc2650//obj/queuebuf.o
LOAD build/cc26x0-cc13x0/sensortag/cc2650//obj/nbr-table.o
LOAD build/cc26x0-cc13x0/sensortag/cc2650//obj/packetbuf.o
LOAD build/cc26x0-cc13x0/sensortag/cc2650//obj/netstack.o
LOAD build/cc26x0-cc13x0/sensortag/cc2650//obj/linkaddr.o
LOAD build/cc26x0-cc13x0/sensortag/cc2650//obj/net-debug.o
LOAD build/cc26x0-cc13x0/sensortag/cc2650//obj/link-stats.o
LOAD build/cc26x0-cc13x0/sensortag/cc2650//obj/mac-sequence.o
LOAD build/cc26x0-cc13x0/sensortag/cc2650//obj/mac.o
LOAD build/cc26x0-cc13x0/sensortag/cc2650//obj/frame802154e-ie.o
LOAD build/cc26x0-cc13x0/sensortag/cc2650//obj/framer-802154.o
LOAD build/cc26x0-cc13x0/sensortag/cc2650//obj/nullframer.o
LOAD build/cc26x0-cc13x0/sensortag/cc2650//obj/frame802154.o
LOAD build/cc26x0-cc13x0/sensortag/cc2650//obj/ext-flash.o
LOAD build/cc26x0-cc13x0/sensortag/cc2650//obj/driverlib_release.o
LOAD build/cc26x0-cc13x0/sensortag/cc2650//obj/udma.o
LOAD build/cc26x0-cc13x0/sensortag/cc2650//obj/aux_wuc.o
LOAD build/cc26x0-cc13x0/sensortag/cc2650//obj/aux_smph.o
LOAD build/cc26x0-cc13x0/sensortag/cc2650//obj/setup_rom.o
LOAD build/cc26x0-cc13x0/sensortag/cc2650//obj/watchdog.o
LOAD build/cc26x0-cc13x0/sensortag/cc2650//obj/ssi.o
LOAD build/cc26x0-cc13x0/sensortag/cc2650//obj/setup.o
LOAD build/cc26x0-cc13x0/sensortag/cc2650//obj/trng.o
LOAD build/cc26x0-cc13x0/sensortag/cc2650//obj/adi.o
LOAD build/cc26x0-cc13x0/sensortag/cc2650//obj/aux_adc.o
LOAD build/cc26x0-cc13x0/sensortag/cc2650//obj/i2c.o
LOAD build/cc26x0-cc13x0/sensortag/cc2650//obj/crypto.o
LOAD build/cc26x0-cc13x0/sensortag/cc2650//obj/ioc.o
LOAD build/cc26x0-cc13x0/sensortag/cc2650//obj/aon_ioc.o
LOAD build/cc26x0-cc13x0/sensortag/cc2650//obj/systick.o
LOAD build/cc26x0-cc13x0/sensortag/cc2650//obj/ccfgread.o
LOAD build/cc26x0-cc13x0/sensortag/cc2650//obj/interrupt.o
LOAD build/cc26x0-cc13x0/sensortag/cc2650//obj/aux_tdc.o
LOAD build/cc26x0-cc13x0/sensortag/cc2650//obj/flash.o
LOAD build/cc26x0-cc13x0/sensortag/cc2650//obj/smph.o
LOAD build/cc26x0-cc13x0/sensortag/cc2650//obj/vims.o
LOAD build/cc26x0-cc13x0/sensortag/cc2650//obj/gpio.o
LOAD build/cc26x0-cc13x0/sensortag/cc2650//obj/cpu.o
LOAD build/cc26x0-cc13x0/sensortag/cc2650//obj/pwr_ctrl.o
LOAD build/cc26x0-cc13x0/sensortag/cc2650//obj/aon_batmon.o
LOAD build/cc26x0-cc13x0/sensortag/cc2650//obj/ddi.o
LOAD build/cc26x0-cc13x0/sensortag/cc2650//obj/sys_ctrl.o
LOAD build/cc26x0-cc13x0/sensortag/cc2650//obj/event.o
LOAD build/cc26x0-cc13x0/sensortag/cc2650//obj/rom_crypto.o
LOAD build/cc26x0-cc13x0/sensortag/cc2650//obj/prcm.o
LOAD build/cc26x0-cc13x0/sensortag/cc2650//obj/aux_timer.o
LOAD build/cc26x0-cc13x0/sensortag/cc2650//obj/i2s.o
LOAD build/cc26x0-cc13x0/sensortag/cc2650//obj/aon_event.o
LOAD build/cc26x0-cc13x0/sensortag/cc2650//obj/aon_wuc.o
LOAD build/cc26x0-cc13x0/sensortag/cc2650//obj/aon_rtc.o
LOAD build/cc26x0-cc13x0/sensortag/cc2650//obj/chipinfo.o
LOAD build/cc26x0-cc13x0/sensortag/cc2650//obj/osc.o
LOAD build/cc26x0-cc13x0/sensortag/cc2650//obj/rfc.o
LOAD build/cc26x0-cc13x0/sensortag/cc2650//obj/syscalls.o
LOAD build/cc26x0-cc13x0/sensortag/cc2650//obj/strformat.o
LOAD build/cc26x0-cc13x0/sensortag/cc2650//obj/printf.o
LOAD build/cc26x0-cc13x0/sensortag/cc2650//obj/sprintf.o
LOAD build/cc26x0-cc13x0/sensortag/cc2650//obj/snprintf.o
LOAD build/cc26x0-cc13x0/sensortag/cc2650//obj/puts.o
LOAD build/cc26x0-cc13x0/sensortag/cc2650//obj/putchar.o
LOAD build/cc26x0-cc13x0/sensortag/cc2650//obj/csma-security.o
LOAD build/cc26x0-cc13x0/sensortag/cc2650//obj/anti-replay.o
LOAD build/cc26x0-cc13x0/sensortag/cc2650//obj/csma.o
LOAD build/cc26x0-cc13x0/sensortag/cc2650//obj/csma-output.o
LOAD build/cc26x0-cc13x0/sensortag/cc2650//obj/ccm-star-packetbuf.o
LOAD build/cc26x0-cc13x0/sensortag/cc2650//obj/uipbuf.o
LOAD build/cc26x0-cc13x0/sensortag/cc2650//obj/uip-icmp6.o
LOAD build/cc26x0-cc13x0/sensortag/cc2650//obj/uip-sr.o
LOAD build/cc26x0-cc13x0/sensortag/cc2650//obj/uip-ds6.o
LOAD build/cc26x0-cc13x0/sensortag/cc2650//obj/uip-packetqueue.o
LOAD build/cc26x0-cc13x0/sensortag/cc2650//obj/tcp-socket.o
LOAD build/cc26x0-cc13x0/sensortag/cc2650//obj/tcpip.o
LOAD build/cc26x0-cc13x0/sensortag/cc2650//obj/ip64-addr.o
LOAD build/cc26x0-cc13x0/sensortag/cc2650//obj/uip-udp-packet.o
LOAD build/cc26x0-cc13x0/sensortag/cc2650//obj/psock.o
LOAD build/cc26x0-cc13x0/sensortag/cc2650//obj/uip6.o
LOAD build/cc26x0-cc13x0/sensortag/cc2650//obj/resolv.o
LOAD build/cc26x0-cc13x0/sensortag/cc2650//obj/uip-ds6-nbr.o
LOAD build/cc26x0-cc13x0/sensortag/cc2650//obj/uip-nameserver.o
LOAD build/cc26x0-cc13x0/sensortag/cc2650//obj/uip-nd6.o
LOAD build/cc26x0-cc13x0/sensortag/cc2650//obj/udp-socket.o
LOAD build/cc26x0-cc13x0/sensortag/cc2650//obj/simple-udp.o
LOAD build/cc26x0-cc13x0/sensortag/cc2650//obj/uip-ds6-route.o
LOAD build/cc26x0-cc13x0/sensortag/cc2650//obj/sicslowpan.o
LOAD build/cc26x0-cc13x0/sensortag/cc2650//obj/uiplib.o
LOAD build/cc26x0-cc13x0/sensortag/cc2650//obj/rpl-icmp6.o
LOAD build/cc26x0-cc13x0/sensortag/cc2650//obj/rpl-of0.o
LOAD build/cc26x0-cc13x0/sensortag/cc2650//obj/rpl-neighbor.o
LOAD build/cc26x0-cc13x0/sensortag/cc2650//obj/rpl-dag.o
LOAD build/cc26x0-cc13x0/sensortag/cc2650//obj/rpl-timers.o
LOAD build/cc26x0-cc13x0/sensortag/cc2650//obj/rpl-ext-header.o
LOAD build/cc26x0-cc13x0/sensortag/cc2650//obj/rpl.o
LOAD build/cc26x0-cc13x0/sensortag/cc2650//obj/rpl-nbr-policy.o
LOAD build/cc26x0-cc13x0/sensortag/cc2650//obj/rpl-mrhof.o
LOAD build/cc26x0-cc13x0/sensortag/cc2650//obj/rpl-dag-root.o
LOAD leds-example.o
START GROUP
LOAD /home/hobian/arm/gcc-arm-none-eabi-8-2018-q4-major/bin/../lib/gcc/arm-none-eabi/8.2.1/../../../../arm-none-eabi/lib/thumb/v7-m/nofp/libm.a
END GROUP
START GROUP
LOAD /home/hobian/arm/gcc-arm-none-eabi-8-2018-q4-major/bin/../lib/gcc/arm-none-eabi/8.2.1/thumb/v7-m/nofp/libgcc.a
LOAD /home/hobian/arm/gcc-arm-none-eabi-8-2018-q4-major/bin/../lib/gcc/arm-none-eabi/8.2.1/../../../../arm-none-eabi/lib/thumb/v7-m/nofp/libc.a
END GROUP
                0x0000000020005000                _estack = (ORIGIN (SRAM) + LENGTH (SRAM))
                0x0000000000000000                _Min_Heap_Size = 0x0
                0x0000000000000400                _Min_Stack_Size = 0x400

.text           0x0000000000000000    0x1028c
                0x0000000000000000                _text = .
 *(SORT_BY_ALIGNMENT(.vectors))
 .vectors       0x0000000000000000       0xc8 build/cc26x0-cc13x0/sensortag/cc2650//obj/startup_gcc.o
                0x0000000000000000                g_pfnVectors
 *(SORT_BY_ALIGNMENT(.text*))
 .text.value    0x00000000000000c8       0xb0 build/cc26x0-cc13x0/sensortag/cc2650//obj/opt-3001-sensor.o
 .text.value    0x0000000000000178       0x9c build/cc26x0-cc13x0/sensortag/cc2650//obj/hdc-1000-sensor.o
 *fill*         0x0000000000000214        0x4 00000000
 .text.value    0x0000000000000218      0x194 build/cc26x0-cc13x0/sensortag/cc2650//obj/mpu-9250-sensor.o
 *fill*         0x00000000000003ac        0x4 00000000
 .text.__ieee754_pow
                0x00000000000003b0      0xaa4 /home/hobian/arm/gcc-arm-none-eabi-8-2018-q4-major/bin/../lib/gcc/arm-none-eabi/8.2.1/../../../../arm-none-eabi/lib/thumb/v7-m/nofp/libm.a(lib_a-e_pow.o)
                0x00000000000003b0                __ieee754_pow
 *fill*         0x0000000000000e54        0x4 00000000
 .text.scalbn   0x0000000000000e58       0xf4 /home/hobian/arm/gcc-arm-none-eabi-8-2018-q4-major/bin/../lib/gcc/arm-none-eabi/8.2.1/../../../../arm-none-eabi/lib/thumb/v7-m/nofp/libm.a(lib_a-s_scalbn.o)
                0x0000000000000e58                scalbn
 .text.FaultISR
                0x0000000000000f4c       0x18 build/cc26x0-cc13x0/sensortag/cc2650//obj/fault-handlers.o
                0x0000000000000f4c                FaultISR
 .text.NmiSRHandler
                0x0000000000000f64        0x4 build/cc26x0-cc13x0/sensortag/cc2650//obj/startup_gcc.o
                0x0000000000000f64                NmiSR
 .text.IntDefaultHandler
                0x0000000000000f68        0x4 build/cc26x0-cc13x0/sensortag/cc2650//obj/startup_gcc.o
                0x0000000000000f68                SSI0IntHandler
                0x0000000000000f68                SWEvent0IntHandler
                0x0000000000000f68                uDMAIntHandler
                0x0000000000000f68                WatchdogIntHandler
                0x0000000000000f68                RFCHardwareIntHandler
                0x0000000000000f68                Timer1BIntHandler
                0x0000000000000f68                I2SIntHandler
                0x0000000000000f68                Timer2BIntHandler
                0x0000000000000f68                Timer2AIntHandler
                0x0000000000000f68                Timer1AIntHandler
                0x0000000000000f68                AONIntHandler
                0x0000000000000f68                AUXSWEvent0IntHandler
                0x0000000000000f68                AUXADCIntHandler
                0x0000000000000f68                PendSVIntHandler
                0x0000000000000f68                AUXSWEvent1IntHandler
                0x0000000000000f68                SVCallIntHandler
                0x0000000000000f68                MPUFaultIntHandler
                0x0000000000000f68                SysTickIntHandler
                0x0000000000000f68                BusFaultIntHandler
                0x0000000000000f68                AONProgIntHandler
                0x0000000000000f68                AUXCompAIntHandler
                0x0000000000000f68                SSI1IntHandler
                0x0000000000000f68                FlashIntHandler
                0x0000000000000f68                uDMAErrIntHandler
                0x0000000000000f68                UsageFaultIntHandler
                0x0000000000000f68                RFCCmdAckIntHandler
                0x0000000000000f68                CryptoIntHandler
                0x0000000000000f68                Timer0AIntHandler
                0x0000000000000f68                I2CIntHandler
                0x0000000000000f68                DebugMonIntHandler
                0x0000000000000f68                Timer0BIntHandler
                0x0000000000000f68                AUXCombEventIntHandler
                0x0000000000000f68                Timer3AIntHandler
                0x0000000000000f68                DynProgIntHandler
                0x0000000000000f68                Timer3BIntHandler
 .text.ResetISR
                0x0000000000000f6c       0x5c build/cc26x0-cc13x0/sensortag/cc2650//obj/startup_gcc.o
                0x0000000000000f6c                ResetISR
 .text.fade     0x0000000000000fc8       0x64 build/cc26x0-cc13x0/sensortag/cc2650//obj/platform.o
 .text.platform_init_stage_one
                0x000000000000102c       0x7c build/cc26x0-cc13x0/sensortag/cc2650//obj/platform.o
                0x000000000000102c                platform_init_stage_one
 .text.platform_init_stage_two
                0x00000000000010a8       0x2c build/cc26x0-cc13x0/sensortag/cc2650//obj/platform.o
                0x00000000000010a8                platform_init_stage_two
 .text.platform_init_stage_three
                0x00000000000010d4       0xd8 build/cc26x0-cc13x0/sensortag/cc2650//obj/platform.o
                0x00000000000010d4                platform_init_stage_three
 .text.platform_idle
                0x00000000000011ac        0x4 build/cc26x0-cc13x0/sensortag/cc2650//obj/platform.o
                0x00000000000011ac                platform_idle
 .text.sensor_common_read_reg
                0x00000000000011b0       0x1c build/cc26x0-cc13x0/sensortag/cc2650//obj/sensor-common.o
                0x00000000000011b0                sensor_common_read_reg
 .text.sensor_common_write_reg
                0x00000000000011cc       0x38 build/cc26x0-cc13x0/sensortag/cc2650//obj/sensor-common.o
                0x00000000000011cc                sensor_common_write_reg
 .text.sensor_common_set_error_data
                0x0000000000001204       0x18 build/cc26x0-cc13x0/sensortag/cc2650//obj/sensor-common.o
                0x0000000000001204                sensor_common_set_error_data
 .text.status   0x000000000000121c       0x14 build/cc26x0-cc13x0/sensortag/cc2650//obj/bmp-280-sensor.o
 .text.notify_ready
                0x0000000000001230       0x14 build/cc26x0-cc13x0/sensortag/cc2650//obj/bmp-280-sensor.o
 .text.enable_sensor
                0x0000000000001244       0x2c build/cc26x0-cc13x0/sensortag/cc2650//obj/bmp-280-sensor.o
 .text.configure
                0x0000000000001270       0x98 build/cc26x0-cc13x0/sensortag/cc2650//obj/bmp-280-sensor.o
 .text.value    0x0000000000001308      0x15c build/cc26x0-cc13x0/sensortag/cc2650//obj/bmp-280-sensor.o
 .text.status   0x0000000000001464       0x14 build/cc26x0-cc13x0/sensortag/cc2650//obj/tmp-007-sensor.o
 .text.notify_ready
                0x0000000000001478       0x14 build/cc26x0-cc13x0/sensortag/cc2650//obj/tmp-007-sensor.o
 .text.enable_sensor
                0x000000000000148c       0x2c build/cc26x0-cc13x0/sensortag/cc2650//obj/tmp-007-sensor.o
 .text.configure
                0x00000000000014b8       0x98 build/cc26x0-cc13x0/sensortag/cc2650//obj/tmp-007-sensor.o
 .text.value    0x0000000000001550       0xf0 build/cc26x0-cc13x0/sensortag/cc2650//obj/tmp-007-sensor.o
 .text.status   0x0000000000001640        0xc build/cc26x0-cc13x0/sensortag/cc2650//obj/opt-3001-sensor.o
 .text.enable_sensor
                0x000000000000164c       0x44 build/cc26x0-cc13x0/sensortag/cc2650//obj/opt-3001-sensor.o
 .text.notify_ready
                0x0000000000001690       0x54 build/cc26x0-cc13x0/sensortag/cc2650//obj/opt-3001-sensor.o
 .text.configure
                0x00000000000016e4       0x48 build/cc26x0-cc13x0/sensortag/cc2650//obj/opt-3001-sensor.o
 .text.status   0x000000000000172c       0x14 build/cc26x0-cc13x0/sensortag/cc2650//obj/hdc-1000-sensor.o
 .text.notify_ready
                0x0000000000001740       0x6c build/cc26x0-cc13x0/sensortag/cc2650//obj/hdc-1000-sensor.o
 .text.configure
                0x00000000000017ac       0xc4 build/cc26x0-cc13x0/sensortag/cc2650//obj/hdc-1000-sensor.o
 .text.acc_convert
                0x0000000000001870       0x70 build/cc26x0-cc13x0/sensortag/cc2650//obj/mpu-9250-sensor.o
 .text.status   0x00000000000018e0       0x14 build/cc26x0-cc13x0/sensortag/cc2650//obj/mpu-9250-sensor.o
 .text.notify_ready
                0x00000000000018f4       0x14 build/cc26x0-cc13x0/sensortag/cc2650//obj/mpu-9250-sensor.o
 .text.sensor_sleep
                0x0000000000001908       0x38 build/cc26x0-cc13x0/sensortag/cc2650//obj/mpu-9250-sensor.o
 .text.configure
                0x0000000000001940       0xdc build/cc26x0-cc13x0/sensortag/cc2650//obj/mpu-9250-sensor.o
 .text.int_status
                0x0000000000001a1c       0x28 build/cc26x0-cc13x0/sensortag/cc2650//obj/mpu-9250-sensor.o
 .text.initialise
                0x0000000000001a44       0xfc build/cc26x0-cc13x0/sensortag/cc2650//obj/mpu-9250-sensor.o
 .text.buzzer_init
                0x0000000000001b40        0xc build/cc26x0-cc13x0/sensortag/cc2650//obj/buzzer.o
                0x0000000000001b40                buzzer_init
 .text.buzzer_stop
                0x0000000000001b4c       0x74 build/cc26x0-cc13x0/sensortag/cc2650//obj/buzzer.o
                0x0000000000001b4c                buzzer_stop
 .text.power_domains_on
                0x0000000000001bc0       0x20 build/cc26x0-cc13x0/sensortag/cc2650//obj/board.o
 .text.lpm_wakeup_handler
                0x0000000000001be0        0x4 build/cc26x0-cc13x0/sensortag/cc2650//obj/board.o
 .text.shutdown_handler
                0x0000000000001be4       0x68 build/cc26x0-cc13x0/sensortag/cc2650//obj/board.o
 .text.board_init
                0x0000000000001c4c      0x110 build/cc26x0-cc13x0/sensortag/cc2650//obj/board.o
                0x0000000000001c4c                board_init
 .text.i2c_status
                0x0000000000001d5c       0x3c build/cc26x0-cc13x0/sensortag/cc2650//obj/board-i2c.o
 .text.accessible
                0x0000000000001d98       0x24 build/cc26x0-cc13x0/sensortag/cc2650//obj/board-i2c.o
 .text.board_i2c_wakeup
                0x0000000000001dbc       0x5c build/cc26x0-cc13x0/sensortag/cc2650//obj/board-i2c.o
                0x0000000000001dbc                board_i2c_wakeup
 .text.board_i2c_shutdown
                0x0000000000001e18       0xa4 build/cc26x0-cc13x0/sensortag/cc2650//obj/board-i2c.o
                0x0000000000001e18                board_i2c_shutdown
 .text.board_i2c_write
                0x0000000000001ebc      0x134 build/cc26x0-cc13x0/sensortag/cc2650//obj/board-i2c.o
                0x0000000000001ebc                board_i2c_write
 .text.board_i2c_write_single
                0x0000000000001ff0       0x70 build/cc26x0-cc13x0/sensortag/cc2650//obj/board-i2c.o
                0x0000000000001ff0                board_i2c_write_single
 .text.board_i2c_read
                0x0000000000002060       0xfc build/cc26x0-cc13x0/sensortag/cc2650//obj/board-i2c.o
                0x0000000000002060                board_i2c_read
 .text.board_i2c_write_read
                0x000000000000215c      0x1a8 build/cc26x0-cc13x0/sensortag/cc2650//obj/board-i2c.o
                0x000000000000215c                board_i2c_write_read
 .text.board_i2c_select
                0x0000000000002304       0xd4 build/cc26x0-cc13x0/sensortag/cc2650//obj/board-i2c.o
                0x0000000000002304                board_i2c_select
 .text.power_domain_on
                0x00000000000023d8       0x20 build/cc26x0-cc13x0/sensortag/cc2650//obj/clock.o
 .text.clock_init
                0x00000000000023f8       0x9c build/cc26x0-cc13x0/sensortag/cc2650//obj/clock.o
                0x00000000000023f8                clock_init
 .text.clock_time
                0x0000000000002494       0x34 build/cc26x0-cc13x0/sensortag/cc2650//obj/clock.o
                0x0000000000002494                clock_time
 .text.clock_update
                0x00000000000024c8       0x3c build/cc26x0-cc13x0/sensortag/cc2650//obj/clock.o
                0x00000000000024c8                clock_update
 .text.clock_seconds
                0x0000000000002504       0x1c build/cc26x0-cc13x0/sensortag/cc2650//obj/clock.o
                0x0000000000002504                clock_seconds
 .text.rtimer_arch_init
                0x0000000000002520        0x4 build/cc26x0-cc13x0/sensortag/cc2650//obj/rtimer-arch.o
                0x0000000000002520                rtimer_arch_init
 .text.rtimer_arch_schedule
                0x0000000000002524        0x8 build/cc26x0-cc13x0/sensortag/cc2650//obj/rtimer-arch.o
                0x0000000000002524                rtimer_arch_schedule
 .text.rtimer_arch_now
                0x000000000000252c        0x4 build/cc26x0-cc13x0/sensortag/cc2650//obj/rtimer-arch.o
                0x000000000000252c                rtimer_arch_now
 .text.soc_rtc_init
                0x0000000000002530       0xa0 build/cc26x0-cc13x0/sensortag/cc2650//obj/soc-rtc.o
                0x0000000000002530                soc_rtc_init
 .text.soc_rtc_schedule_one_shot
                0x00000000000025d0       0x70 build/cc26x0-cc13x0/sensortag/cc2650//obj/soc-rtc.o
                0x00000000000025d0                soc_rtc_schedule_one_shot
 .text.soc_rtc_last_isr_time
                0x0000000000002640        0xc build/cc26x0-cc13x0/sensortag/cc2650//obj/soc-rtc.o
                0x0000000000002640                soc_rtc_last_isr_time
 .text.AONRTCIntHandler
                0x000000000000264c       0x88 build/cc26x0-cc13x0/sensortag/cc2650//obj/soc-rtc.o
                0x000000000000264c                AONRTCIntHandler
 .text.watchdog_init
                0x00000000000026d4       0x1c build/cc26x0-cc13x0/sensortag/cc2650//obj/contiki-watchdog.o
                0x00000000000026d4                watchdog_init
 .text.watchdog_start
                0x00000000000026f0       0x64 build/cc26x0-cc13x0/sensortag/cc2650//obj/contiki-watchdog.o
                0x00000000000026f0                watchdog_start
 .text.watchdog_periodic
                0x0000000000002754       0x1c build/cc26x0-cc13x0/sensortag/cc2650//obj/contiki-watchdog.o
                0x0000000000002754                watchdog_periodic
 .text.aux_ctrl_power_up
                0x0000000000002770       0x28 build/cc26x0-cc13x0/sensortag/cc2650//obj/aux-ctrl.o
                0x0000000000002770                aux_ctrl_power_up
 .text.aux_ctrl_register_consumer
                0x0000000000002798       0x40 build/cc26x0-cc13x0/sensortag/cc2650//obj/aux-ctrl.o
                0x0000000000002798                aux_ctrl_register_consumer
 .text.aux_ctrl_power_down
                0x00000000000027d8       0x6c build/cc26x0-cc13x0/sensortag/cc2650//obj/aux-ctrl.o
                0x00000000000027d8                aux_ctrl_power_down
 .text.aux_ctrl_unregister_consumer
                0x0000000000002844       0x28 build/cc26x0-cc13x0/sensortag/cc2650//obj/aux-ctrl.o
                0x0000000000002844                aux_ctrl_unregister_consumer
 .text.dbg_send_bytes
                0x000000000000286c       0x44 build/cc26x0-cc13x0/sensortag/cc2650//obj/dbg.o
                0x000000000000286c                dbg_send_bytes
 .text.ieee_addr_cpy_to
                0x00000000000028b0       0x44 build/cc26x0-cc13x0/sensortag/cc2650//obj/ieee-addr.o
                0x00000000000028b0                ieee_addr_cpy_to
 .text.power_and_clock
                0x00000000000028f4       0x40 build/cc26x0-cc13x0/sensortag/cc2650//obj/cc26xx-uart.o
 .text.enable   0x0000000000002934       0xf0 build/cc26x0-cc13x0/sensortag/cc2650//obj/cc26xx-uart.o
 .text.accessible
                0x0000000000002a24       0x24 build/cc26x0-cc13x0/sensortag/cc2650//obj/cc26xx-uart.o
 .text.lpm_drop_handler
                0x0000000000002a48       0xcc build/cc26x0-cc13x0/sensortag/cc2650//obj/cc26xx-uart.o
 .text.cc26xx_uart_init
                0x0000000000002b14       0x28 build/cc26x0-cc13x0/sensortag/cc2650//obj/cc26xx-uart.o
                0x0000000000002b14                cc26xx_uart_init
 .text.cc26xx_uart_write_byte
                0x0000000000002b3c       0x28 build/cc26x0-cc13x0/sensortag/cc2650//obj/cc26xx-uart.o
                0x0000000000002b3c                cc26xx_uart_write_byte
 .text.cc26xx_uart_busy
                0x0000000000002b64       0x18 build/cc26x0-cc13x0/sensortag/cc2650//obj/cc26xx-uart.o
                0x0000000000002b64                cc26xx_uart_busy
 .text.UART0IntHandler
                0x0000000000002b7c       0x54 build/cc26x0-cc13x0/sensortag/cc2650//obj/cc26xx-uart.o
                0x0000000000002b7c                UART0IntHandler
 .text.lpm_sleep
                0x0000000000002bd0       0x14 build/cc26x0-cc13x0/sensortag/cc2650//obj/lpm.o
                0x0000000000002bd0                lpm_sleep
 .text.lpm_drop
                0x0000000000002be4      0x248 build/cc26x0-cc13x0/sensortag/cc2650//obj/lpm.o
                0x0000000000002be4                lpm_drop
 .text.lpm_register_module
                0x0000000000002e2c        0xc build/cc26x0-cc13x0/sensortag/cc2650//obj/lpm.o
                0x0000000000002e2c                lpm_register_module
 .text.lpm_unregister_module
                0x0000000000002e38        0xc build/cc26x0-cc13x0/sensortag/cc2650//obj/lpm.o
                0x0000000000002e38                lpm_unregister_module
 .text.lpm_init
                0x0000000000002e44       0x20 build/cc26x0-cc13x0/sensortag/cc2650//obj/lpm.o
                0x0000000000002e44                lpm_init
 .text.lpm_pin_set_default_state
                0x0000000000002e64       0x2c build/cc26x0-cc13x0/sensortag/cc2650//obj/lpm.o
                0x0000000000002e64                lpm_pin_set_default_state
 .text.GPIOIntHandler
                0x0000000000002e90       0x10 build/cc26x0-cc13x0/sensortag/cc2650//obj/gpio-interrupt.o
                0x0000000000002e90                GPIOIntHandler
 .text.gpio_hal_arch_pin_cfg_set
                0x0000000000002ea0       0x74 build/cc26x0-cc13x0/sensortag/cc2650//obj/gpio-hal-arch.o
                0x0000000000002ea0                gpio_hal_arch_pin_cfg_set
 .text.gpio_hal_arch_read_pin
                0x0000000000002f14       0x30 build/cc26x0-cc13x0/sensortag/cc2650//obj/gpio-hal-arch.o
                0x0000000000002f14                gpio_hal_arch_read_pin
 .text.oscillators_select_lf_xosc
                0x0000000000002f44       0x5c build/cc26x0-cc13x0/sensortag/cc2650//obj/oscillators.o
                0x0000000000002f44                oscillators_select_lf_xosc
 .text.oscillators_request_hf_xosc
                0x0000000000002fa0       0x30 build/cc26x0-cc13x0/sensortag/cc2650//obj/oscillators.o
                0x0000000000002fa0                oscillators_request_hf_xosc
 .text.oscillators_switch_to_hf_xosc
                0x0000000000002fd0       0x34 build/cc26x0-cc13x0/sensortag/cc2650//obj/oscillators.o
                0x0000000000002fd0                oscillators_switch_to_hf_xosc
 .text.oscillators_switch_to_hf_rc
                0x0000000000003004       0x44 build/cc26x0-cc13x0/sensortag/cc2650//obj/oscillators.o
                0x0000000000003004                oscillators_switch_to_hf_rc
 .text.process_thread_rf_core_process
                0x0000000000003048       0x58 build/cc26x0-cc13x0/sensortag/cc2650//obj/rf-core.o
 .text.rf_core_is_accessible
                0x00000000000030a0       0x10 build/cc26x0-cc13x0/sensortag/cc2650//obj/rf-core.o
                0x00000000000030a0                rf_core_is_accessible
 .text.rf_core_send_cmd
                0x00000000000030b0       0x94 build/cc26x0-cc13x0/sensortag/cc2650//obj/rf-core.o
                0x00000000000030b0                rf_core_send_cmd
 .text.rf_core_wait_cmd_done
                0x0000000000003144       0x30 build/cc26x0-cc13x0/sensortag/cc2650//obj/rf-core.o
                0x0000000000003144                rf_core_wait_cmd_done
 .text.rf_core_power_up
                0x0000000000003174       0xcc build/cc26x0-cc13x0/sensortag/cc2650//obj/rf-core.o
                0x0000000000003174                rf_core_power_up
 .text.rf_core_start_rat
                0x0000000000003240       0x70 build/cc26x0-cc13x0/sensortag/cc2650//obj/rf-core.o
                0x0000000000003240                rf_core_start_rat
 .text.rf_core_stop_rat
                0x00000000000032b0       0x88 build/cc26x0-cc13x0/sensortag/cc2650//obj/rf-core.o
                0x00000000000032b0                rf_core_stop_rat
 .text.rf_core_power_down
                0x0000000000003338       0xf8 build/cc26x0-cc13x0/sensortag/cc2650//obj/rf-core.o
                0x0000000000003338                rf_core_power_down
 .text.rf_core_set_modesel
                0x0000000000003430       0x44 build/cc26x0-cc13x0/sensortag/cc2650//obj/rf-core.o
                0x0000000000003430                rf_core_set_modesel
 .text.rf_core_boot
                0x0000000000003474       0x1c build/cc26x0-cc13x0/sensortag/cc2650//obj/rf-core.o
                0x0000000000003474                rf_core_boot
 .text.rf_core_restart_rat
                0x0000000000003490       0x18 build/cc26x0-cc13x0/sensortag/cc2650//obj/rf-core.o
                0x0000000000003490                rf_core_restart_rat
 .text.rf_core_setup_interrupts
                0x00000000000034a8       0x78 build/cc26x0-cc13x0/sensortag/cc2650//obj/rf-core.o
                0x00000000000034a8                rf_core_setup_interrupts
 .text.rf_core_cmd_done_en
                0x0000000000003520       0x3c build/cc26x0-cc13x0/sensortag/cc2650//obj/rf-core.o
                0x0000000000003520                rf_core_cmd_done_en
 .text.rf_core_cmd_done_dis
                0x000000000000355c       0x20 build/cc26x0-cc13x0/sensortag/cc2650//obj/rf-core.o
                0x000000000000355c                rf_core_cmd_done_dis
 .text.rf_core_get_last_radio_op
                0x000000000000357c        0xc build/cc26x0-cc13x0/sensortag/cc2650//obj/rf-core.o
                0x000000000000357c                rf_core_get_last_radio_op
 .text.rf_core_init_radio_op
                0x0000000000003588       0x1c build/cc26x0-cc13x0/sensortag/cc2650//obj/rf-core.o
                0x0000000000003588                rf_core_init_radio_op
 .text.rf_core_primary_mode_register
                0x00000000000035a4        0xc build/cc26x0-cc13x0/sensortag/cc2650//obj/rf-core.o
                0x00000000000035a4                rf_core_primary_mode_register
 .text.rf_core_rat_init
                0x00000000000035b0       0x2c build/cc26x0-cc13x0/sensortag/cc2650//obj/rf-core.o
                0x00000000000035b0                rf_core_rat_init
 .text.rf_core_check_rat_overflow
                0x00000000000035dc       0x80 build/cc26x0-cc13x0/sensortag/cc2650//obj/rf-core.o
                0x00000000000035dc                rf_core_check_rat_overflow
 .text.rat_overflow_check_timer_cb
                0x000000000000365c       0x60 build/cc26x0-cc13x0/sensortag/cc2650//obj/rf-core.o
 .text.rf_core_convert_rat_to_rtimer
                0x00000000000036bc       0xa0 build/cc26x0-cc13x0/sensortag/cc2650//obj/rf-core.o
                0x00000000000036bc                rf_core_convert_rat_to_rtimer
 .text.RFCCPE1IntHandler
                0x000000000000375c       0x54 build/cc26x0-cc13x0/sensortag/cc2650//obj/rf-core.o
                0x000000000000375c                RFCCPE1IntHandler
 .text.RFCCPE0IntHandler
                0x00000000000037b0       0x5c build/cc26x0-cc13x0/sensortag/cc2650//obj/rf-core.o
                0x00000000000037b0                RFCCPE0IntHandler
 .text.rf_ble_is_active
                0x000000000000380c        0xc build/cc26x0-cc13x0/sensortag/cc2650//obj/rf-ble.o
                0x000000000000380c                rf_ble_is_active
 .text.rf_is_on
                0x0000000000003818       0x1c build/cc26x0-cc13x0/sensortag/cc2650//obj/ieee-mode.o
 .text.rx_on    0x0000000000003834       0x64 build/cc26x0-cc13x0/sensortag/cc2650//obj/ieee-mode.o
 .text.prepare  0x0000000000003898       0x1c build/cc26x0-cc13x0/sensortag/cc2650//obj/ieee-mode.o
 .text.rf_radio_setup
                0x00000000000038b4       0x5c build/cc26x0-cc13x0/sensortag/cc2650//obj/ieee-mode.o
 .text.soft_on  0x0000000000003910       0x18 build/cc26x0-cc13x0/sensortag/cc2650//obj/ieee-mode.o
 .text.pending_packet
                0x0000000000003928       0x48 build/cc26x0-cc13x0/sensortag/cc2650//obj/ieee-mode.o
 .text.soft_off
                0x0000000000003970       0x54 build/cc26x0-cc13x0/sensortag/cc2650//obj/ieee-mode.o
 .text.get_object
                0x00000000000039c4       0x44 build/cc26x0-cc13x0/sensortag/cc2650//obj/ieee-mode.o
 .text.request  0x0000000000003a08       0x20 build/cc26x0-cc13x0/sensortag/cc2650//obj/ieee-mode.o
 .text.transmitting.part.2
                0x0000000000003a28       0x48 build/cc26x0-cc13x0/sensortag/cc2650//obj/ieee-mode.o
 .text.rx_off   0x0000000000003a70       0x98 build/cc26x0-cc13x0/sensortag/cc2650//obj/ieee-mode.o
 .text.set_object
                0x0000000000003b08       0x60 build/cc26x0-cc13x0/sensortag/cc2650//obj/ieee-mode.o
 .text.get_cca_info
                0x0000000000003b68       0x60 build/cc26x0-cc13x0/sensortag/cc2650//obj/ieee-mode.o
 .text.receiving_packet
                0x0000000000003bc8       0x3c build/cc26x0-cc13x0/sensortag/cc2650//obj/ieee-mode.o
 .text.off.part.7
                0x0000000000003c04       0x84 build/cc26x0-cc13x0/sensortag/cc2650//obj/ieee-mode.o
 .text.off      0x0000000000003c88       0x14 build/cc26x0-cc13x0/sensortag/cc2650//obj/ieee-mode.o
 .text.on       0x0000000000003c9c       0x94 build/cc26x0-cc13x0/sensortag/cc2650//obj/ieee-mode.o
 .text.set_value
                0x0000000000003d30      0x188 build/cc26x0-cc13x0/sensortag/cc2650//obj/ieee-mode.o
 .text.get_value
                0x0000000000003eb8      0x1bc build/cc26x0-cc13x0/sensortag/cc2650//obj/ieee-mode.o
 .text.transmit
                0x0000000000004074       0xec build/cc26x0-cc13x0/sensortag/cc2650//obj/ieee-mode.o
 .text.send     0x0000000000004160       0x24 build/cc26x0-cc13x0/sensortag/cc2650//obj/ieee-mode.o
 .text.channel_clear
                0x0000000000004184       0xa0 build/cc26x0-cc13x0/sensortag/cc2650//obj/ieee-mode.o
 .text.read_frame
                0x0000000000004224       0xe8 build/cc26x0-cc13x0/sensortag/cc2650//obj/ieee-mode.o
 .text.init     0x000000000000430c      0x128 build/cc26x0-cc13x0/sensortag/cc2650//obj/ieee-mode.o
 .text.random_rand
                0x0000000000004434        0xc build/cc26x0-cc13x0/sensortag/cc2650//obj/random.o
                0x0000000000004434                random_rand
 .text.random_init
                0x0000000000004440        0x4 build/cc26x0-cc13x0/sensortag/cc2650//obj/random.o
                0x0000000000004440                random_init
 .text.power_up
                0x0000000000004444       0x40 build/cc26x0-cc13x0/sensortag/cc2650//obj/soc-trng.o
 .text.request  0x0000000000004484       0x14 build/cc26x0-cc13x0/sensortag/cc2650//obj/soc-trng.o
 .text.process_thread_soc_trng_process
                0x0000000000004498       0x94 build/cc26x0-cc13x0/sensortag/cc2650//obj/soc-trng.o
 .text.accessible
                0x000000000000452c       0x24 build/cc26x0-cc13x0/sensortag/cc2650//obj/soc-trng.o
 .text.soc_trng_rand_synchronous
                0x0000000000004550       0xcc build/cc26x0-cc13x0/sensortag/cc2650//obj/soc-trng.o
                0x0000000000004550                soc_trng_rand_synchronous
 .text.TRNGIntHandler
                0x000000000000461c       0x50 build/cc26x0-cc13x0/sensortag/cc2650//obj/soc-trng.o
                0x000000000000461c                TRNGIntHandler
 .text.soc_trng_init
                0x000000000000466c       0x28 build/cc26x0-cc13x0/sensortag/cc2650//obj/soc-trng.o
                0x000000000000466c                soc_trng_init
 .text.int_master_read_and_disable
                0x0000000000004694       0x10 build/cc26x0-cc13x0/sensortag/cc2650//obj/int-master.o
                0x0000000000004694                int_master_read_and_disable
 .text.int_master_status_set
                0x00000000000046a4        0x8 build/cc26x0-cc13x0/sensortag/cc2650//obj/int-master.o
                0x00000000000046a4                int_master_status_set
 .text.spi_arch_has_lock
                0x00000000000046ac       0x18 build/cc26x0-cc13x0/sensortag/cc2650//obj/spi-arch.o
                0x00000000000046ac                spi_arch_has_lock
 .text.spi_arch_lock_and_open
                0x00000000000046c4      0x140 build/cc26x0-cc13x0/sensortag/cc2650//obj/spi-arch.o
                0x00000000000046c4                spi_arch_lock_and_open
 .text.spi_arch_close_and_unlock
                0x0000000000004804       0xa0 build/cc26x0-cc13x0/sensortag/cc2650//obj/spi-arch.o
                0x0000000000004804                spi_arch_close_and_unlock
 .text.spi_arch_transfer
                0x00000000000048a4       0xdc build/cc26x0-cc13x0/sensortag/cc2650//obj/spi-arch.o
                0x00000000000048a4                spi_arch_transfer
 .text.startup.main
                0x0000000000004980      0x1f8 build/cc26x0-cc13x0/sensortag/cc2650//obj/contiki-main.o
                0x0000000000004980                main
 .text.autostart_start
                0x0000000000004b78       0x18 build/cc26x0-cc13x0/sensortag/cc2650//obj/autostart.o
                0x0000000000004b78                autostart_start
 .text.process_thread_ctimer_process
                0x0000000000004b90       0x94 build/cc26x0-cc13x0/sensortag/cc2650//obj/ctimer.o
 .text.ctimer_init
                0x0000000000004c24       0x28 build/cc26x0-cc13x0/sensortag/cc2650//obj/ctimer.o
                0x0000000000004c24                ctimer_init
 .text.ctimer_set_with_process
                0x0000000000004c4c       0x4c build/cc26x0-cc13x0/sensortag/cc2650//obj/ctimer.o
                0x0000000000004c4c                ctimer_set_with_process
 .text.ctimer_set
                0x0000000000004c98       0x18 build/cc26x0-cc13x0/sensortag/cc2650//obj/ctimer.o
                0x0000000000004c98                ctimer_set
 .text.ctimer_reset
                0x0000000000004cb0       0x44 build/cc26x0-cc13x0/sensortag/cc2650//obj/ctimer.o
                0x0000000000004cb0                ctimer_reset
 .text.ctimer_stop
                0x0000000000004cf4       0x34 build/cc26x0-cc13x0/sensortag/cc2650//obj/ctimer.o
                0x0000000000004cf4                ctimer_stop
 .text.ctimer_expired
                0x0000000000004d28       0x38 build/cc26x0-cc13x0/sensortag/cc2650//obj/ctimer.o
                0x0000000000004d28                ctimer_expired
 .text.log_6addr
                0x0000000000004d60       0x20 build/cc26x0-cc13x0/sensortag/cc2650//obj/log.o
                0x0000000000004d60                log_6addr
 .text.log_lladdr
                0x0000000000004d80       0x54 build/cc26x0-cc13x0/sensortag/cc2650//obj/log.o
                0x0000000000004d80                log_lladdr
 .text.energest_init
                0x0000000000004dd4        0x4 build/cc26x0-cc13x0/sensortag/cc2650//obj/energest.o
                0x0000000000004dd4                energest_init
 .text.update_time.part.0
                0x0000000000004dd8       0x3c build/cc26x0-cc13x0/sensortag/cc2650//obj/etimer.o
 .text.process_thread_etimer_process
                0x0000000000004e14       0xd4 build/cc26x0-cc13x0/sensortag/cc2650//obj/etimer.o
 .text.add_timer
                0x0000000000004ee8       0x54 build/cc26x0-cc13x0/sensortag/cc2650//obj/etimer.o
 .text.etimer_request_poll
                0x0000000000004f3c        0xc build/cc26x0-cc13x0/sensortag/cc2650//obj/etimer.o
                0x0000000000004f3c                etimer_request_poll
 .text.etimer_set
                0x0000000000004f48       0x14 build/cc26x0-cc13x0/sensortag/cc2650//obj/etimer.o
                0x0000000000004f48                etimer_set
 .text.etimer_reset
                0x0000000000004f5c       0x14 build/cc26x0-cc13x0/sensortag/cc2650//obj/etimer.o
                0x0000000000004f5c                etimer_reset
 .text.etimer_expired
                0x0000000000004f70        0xc build/cc26x0-cc13x0/sensortag/cc2650//obj/etimer.o
                0x0000000000004f70                etimer_expired
 .text.etimer_pending
                0x0000000000004f7c       0x10 build/cc26x0-cc13x0/sensortag/cc2650//obj/etimer.o
                0x0000000000004f7c                etimer_pending
 .text.etimer_next_expiration_time
                0x0000000000004f8c       0x14 build/cc26x0-cc13x0/sensortag/cc2650//obj/etimer.o
                0x0000000000004f8c                etimer_next_expiration_time
 .text.etimer_stop
                0x0000000000004fa0       0x5c build/cc26x0-cc13x0/sensortag/cc2650//obj/etimer.o
                0x0000000000004fa0                etimer_stop
 .text.node_id_init
                0x0000000000004ffc       0x18 build/cc26x0-cc13x0/sensortag/cc2650//obj/node-id.o
                0x0000000000004ffc                node_id_init
 .text.stimer_set
                0x0000000000005014       0x10 build/cc26x0-cc13x0/sensortag/cc2650//obj/stimer.o
                0x0000000000005014                stimer_set
 .text.stimer_expired
                0x0000000000005024       0x20 build/cc26x0-cc13x0/sensortag/cc2650//obj/stimer.o
                0x0000000000005024                stimer_expired
 .text.exit_process
                0x0000000000005044       0xb4 build/cc26x0-cc13x0/sensortag/cc2650//obj/process.o
 .text.call_process.part.0
                0x00000000000050f8       0x38 build/cc26x0-cc13x0/sensortag/cc2650//obj/process.o
 .text.do_poll  0x0000000000005130       0x38 build/cc26x0-cc13x0/sensortag/cc2650//obj/process.o
 .text.process_alloc_event
                0x0000000000005168       0x10 build/cc26x0-cc13x0/sensortag/cc2650//obj/process.o
                0x0000000000005168                process_alloc_event
 .text.process_start
                0x0000000000005178       0x48 build/cc26x0-cc13x0/sensortag/cc2650//obj/process.o
                0x0000000000005178                process_start
 .text.process_init
                0x00000000000051c0       0x34 build/cc26x0-cc13x0/sensortag/cc2650//obj/process.o
                0x00000000000051c0                process_init
 .text.process_run
                0x00000000000051f4       0xa0 build/cc26x0-cc13x0/sensortag/cc2650//obj/process.o
                0x00000000000051f4                process_run
 .text.process_nevents
                0x0000000000005294       0x14 build/cc26x0-cc13x0/sensortag/cc2650//obj/process.o
                0x0000000000005294                process_nevents
 .text.process_post
                0x00000000000052a8       0x40 build/cc26x0-cc13x0/sensortag/cc2650//obj/process.o
                0x00000000000052a8                process_post
 .text.process_post_synch
                0x00000000000052e8       0x18 build/cc26x0-cc13x0/sensortag/cc2650//obj/process.o
                0x00000000000052e8                process_post_synch
 .text.process_poll
                0x0000000000005300       0x1c build/cc26x0-cc13x0/sensortag/cc2650//obj/process.o
                0x0000000000005300                process_poll
 .text.rtimer_init
                0x000000000000531c        0x4 build/cc26x0-cc13x0/sensortag/cc2650//obj/rtimer.o
                0x000000000000531c                rtimer_init
 .text.rtimer_run_next
                0x0000000000005320       0x28 build/cc26x0-cc13x0/sensortag/cc2650//obj/rtimer.o
                0x0000000000005320                rtimer_run_next
 .text.timer_set
                0x0000000000005348       0x10 build/cc26x0-cc13x0/sensortag/cc2650//obj/timer.o
                0x0000000000005348                timer_set
 .text.timer_reset
                0x0000000000005358       0x1c build/cc26x0-cc13x0/sensortag/cc2650//obj/timer.o
                0x0000000000005358                timer_reset
 .text.timer_expired
                0x0000000000005374       0x1c build/cc26x0-cc13x0/sensortag/cc2650//obj/timer.o
                0x0000000000005374                timer_expired
 .text.stack_check_init
                0x0000000000005390       0x28 build/cc26x0-cc13x0/sensortag/cc2650//obj/stack-check.o
                0x0000000000005390                stack_check_init
 .text.stack_check_get_usage
                0x00000000000053b8       0x54 build/cc26x0-cc13x0/sensortag/cc2650//obj/stack-check.o
                0x00000000000053b8                stack_check_get_usage
 .text.process_thread_stack_check_process
                0x000000000000540c       0x8c build/cc26x0-cc13x0/sensortag/cc2650//obj/stack-check.o
 .text.duration_exceeded_callback
                0x0000000000005498       0x34 build/cc26x0-cc13x0/sensortag/cc2650//obj/button-hal.o
 .text.process_thread_button_hal_process
                0x00000000000054cc       0x80 build/cc26x0-cc13x0/sensortag/cc2650//obj/button-hal.o
 .text.press_release_handler
                0x000000000000554c       0x18 build/cc26x0-cc13x0/sensortag/cc2650//obj/button-hal.o
 .text.button_hal_get_state
                0x0000000000005564       0x24 build/cc26x0-cc13x0/sensortag/cc2650//obj/button-hal.o
                0x0000000000005564                button_hal_get_state
 .text.debounce_handler
                0x0000000000005588       0x74 build/cc26x0-cc13x0/sensortag/cc2650//obj/button-hal.o
 .text.button_hal_init
                0x00000000000055fc       0xb4 build/cc26x0-cc13x0/sensortag/cc2650//obj/button-hal.o
                0x00000000000055fc                button_hal_init
 .text.process_thread_serial_line_process
                0x00000000000056b0       0xa4 build/cc26x0-cc13x0/sensortag/cc2650//obj/serial-line.o
 .text.serial_line_init
                0x0000000000005754       0x24 build/cc26x0-cc13x0/sensortag/cc2650//obj/serial-line.o
                0x0000000000005754                serial_line_init
 .text.spi_acquire
                0x0000000000005778       0x10 build/cc26x0-cc13x0/sensortag/cc2650//obj/spi.o
                0x0000000000005778                spi_acquire
 .text.spi_release
                0x0000000000005788       0x10 build/cc26x0-cc13x0/sensortag/cc2650//obj/spi.o
                0x0000000000005788                spi_release
 .text.spi_select
                0x0000000000005798       0x20 build/cc26x0-cc13x0/sensortag/cc2650//obj/spi.o
                0x0000000000005798                spi_select
 .text.spi_deselect
                0x00000000000057b8       0x14 build/cc26x0-cc13x0/sensortag/cc2650//obj/spi.o
                0x00000000000057b8                spi_deselect
 .text.spi_write_byte
                0x00000000000057cc       0x3c build/cc26x0-cc13x0/sensortag/cc2650//obj/spi.o
                0x00000000000057cc                spi_write_byte
 .text.spi_write
                0x0000000000005808       0x3c build/cc26x0-cc13x0/sensortag/cc2650//obj/spi.o
                0x0000000000005808                spi_write
 .text.spi_read
                0x0000000000005844       0x3c build/cc26x0-cc13x0/sensortag/cc2650//obj/spi.o
                0x0000000000005844                spi_read
 .text.leds_init
                0x0000000000005880       0x50 build/cc26x0-cc13x0/sensortag/cc2650//obj/leds.o
                0x0000000000005880                leds_init
 .text.leds_single_on
                0x00000000000058d0       0x30 build/cc26x0-cc13x0/sensortag/cc2650//obj/leds.o
                0x00000000000058d0                leds_single_on
 .text.leds_single_off
                0x0000000000005900       0x30 build/cc26x0-cc13x0/sensortag/cc2650//obj/leds.o
                0x0000000000005900                leds_single_off
 .text.leds_single_toggle
                0x0000000000005930       0x1c build/cc26x0-cc13x0/sensortag/cc2650//obj/leds.o
                0x0000000000005930                leds_single_toggle
 .text.leds_on  0x000000000000594c       0x44 build/cc26x0-cc13x0/sensortag/cc2650//obj/leds.o
                0x000000000000594c                leds_on
 .text.leds_off
                0x0000000000005990       0x44 build/cc26x0-cc13x0/sensortag/cc2650//obj/leds.o
                0x0000000000005990                leds_off
 .text.leds_toggle
                0x00000000000059d4       0x2c build/cc26x0-cc13x0/sensortag/cc2650//obj/leds.o
                0x00000000000059d4                leds_toggle
 .text.leds_set
                0x0000000000005a00       0x78 build/cc26x0-cc13x0/sensortag/cc2650//obj/leds.o
                0x0000000000005a00                leds_set
 .text.gpio_hal_register_handler
                0x0000000000005a78        0xc build/cc26x0-cc13x0/sensortag/cc2650//obj/gpio-hal.o
                0x0000000000005a78                gpio_hal_register_handler
 .text.gpio_hal_event_handler
                0x0000000000005a84       0x28 build/cc26x0-cc13x0/sensortag/cc2650//obj/gpio-hal.o
                0x0000000000005a84                gpio_hal_event_handler
 .text.gpio_hal_init
                0x0000000000005aac        0xc build/cc26x0-cc13x0/sensortag/cc2650//obj/gpio-hal.o
                0x0000000000005aac                gpio_hal_init
 .text.process_thread_sensors_process
                0x0000000000005ab8       0xf4 build/cc26x0-cc13x0/sensortag/cc2650//obj/sensors.o
 .text.sensors_changed
                0x0000000000005bac       0x4c build/cc26x0-cc13x0/sensortag/cc2650//obj/sensors.o
                0x0000000000005bac                sensors_changed
 .text.list_init
                0x0000000000005bf8        0x8 build/cc26x0-cc13x0/sensortag/cc2650//obj/list.o
                0x0000000000005bf8                list_init
 .text.list_head
                0x0000000000005c00        0x4 build/cc26x0-cc13x0/sensortag/cc2650//obj/list.o
                0x0000000000005c00                list_head
 .text.list_add
                0x0000000000005c04       0x4c build/cc26x0-cc13x0/sensortag/cc2650//obj/list.o
                0x0000000000005c04                list_add
 .text.list_push
                0x0000000000005c50       0x44 build/cc26x0-cc13x0/sensortag/cc2650//obj/list.o
                0x0000000000005c50                list_push
 .text.list_remove
                0x0000000000005c94       0x38 build/cc26x0-cc13x0/sensortag/cc2650//obj/list.o
                0x0000000000005c94                list_remove
 .text.list_length
                0x0000000000005ccc       0x14 build/cc26x0-cc13x0/sensortag/cc2650//obj/list.o
                0x0000000000005ccc                list_length
 .text.list_item_next
                0x0000000000005ce0        0x8 build/cc26x0-cc13x0/sensortag/cc2650//obj/list.o
                0x0000000000005ce0                list_item_next
 .text.memb_init
                0x0000000000005ce8       0x24 build/cc26x0-cc13x0/sensortag/cc2650//obj/memb.o
                0x0000000000005ce8                memb_init
 .text.memb_alloc
                0x0000000000005d0c       0x3c build/cc26x0-cc13x0/sensortag/cc2650//obj/memb.o
                0x0000000000005d0c                memb_alloc
 .text.memb_free
                0x0000000000005d48       0x3c build/cc26x0-cc13x0/sensortag/cc2650//obj/memb.o
                0x0000000000005d48                memb_free
 .text.memb_inmemb
                0x0000000000005d84       0x1c build/cc26x0-cc13x0/sensortag/cc2650//obj/memb.o
                0x0000000000005d84                memb_inmemb
 .text.memb_numfree
                0x0000000000005da0       0x20 build/cc26x0-cc13x0/sensortag/cc2650//obj/memb.o
                0x0000000000005da0                memb_numfree
 .text.ringbuf_init
                0x0000000000005dc0       0x10 build/cc26x0-cc13x0/sensortag/cc2650//obj/ringbuf.o
                0x0000000000005dc0                ringbuf_init
 .text.ringbuf_get
                0x0000000000005dd0       0x24 build/cc26x0-cc13x0/sensortag/cc2650//obj/ringbuf.o
                0x0000000000005dd0                ringbuf_get
 .text.queuebuf_init
                0x0000000000005df4       0x1c build/cc26x0-cc13x0/sensortag/cc2650//obj/queuebuf.o
                0x0000000000005df4                queuebuf_init
 .text.queuebuf_numfree
                0x0000000000005e10        0xc build/cc26x0-cc13x0/sensortag/cc2650//obj/queuebuf.o
                0x0000000000005e10                queuebuf_numfree
 .text.queuebuf_new_from_packetbuf
                0x0000000000005e1c       0x44 build/cc26x0-cc13x0/sensortag/cc2650//obj/queuebuf.o
                0x0000000000005e1c                queuebuf_new_from_packetbuf
 .text.queuebuf_update_attr_from_packetbuf
                0x0000000000005e60        0xc build/cc26x0-cc13x0/sensortag/cc2650//obj/queuebuf.o
                0x0000000000005e60                queuebuf_update_attr_from_packetbuf
 .text.queuebuf_free
                0x0000000000005e6c       0x2c build/cc26x0-cc13x0/sensortag/cc2650//obj/queuebuf.o
                0x0000000000005e6c                queuebuf_free
 .text.queuebuf_to_packetbuf
                0x0000000000005e98       0x30 build/cc26x0-cc13x0/sensortag/cc2650//obj/queuebuf.o
                0x0000000000005e98                queuebuf_to_packetbuf
 .text.index_from_lladdr
                0x0000000000005ec8       0x50 build/cc26x0-cc13x0/sensortag/cc2650//obj/nbr-table.o
 .text.nbr_table_register
                0x0000000000005f18       0x44 build/cc26x0-cc13x0/sensortag/cc2650//obj/nbr-table.o
                0x0000000000005f18                nbr_table_register
 .text.nbr_table_next
                0x0000000000005f5c       0x70 build/cc26x0-cc13x0/sensortag/cc2650//obj/nbr-table.o
                0x0000000000005f5c                nbr_table_next
 .text.nbr_table_head
                0x0000000000005fcc       0x58 build/cc26x0-cc13x0/sensortag/cc2650//obj/nbr-table.o
                0x0000000000005fcc                nbr_table_head
 .text.nbr_table_add_lladdr
                0x0000000000006024      0x1f4 build/cc26x0-cc13x0/sensortag/cc2650//obj/nbr-table.o
                0x0000000000006024                nbr_table_add_lladdr
 .text.nbr_table_get_from_lladdr
                0x0000000000006218       0x38 build/cc26x0-cc13x0/sensortag/cc2650//obj/nbr-table.o
                0x0000000000006218                nbr_table_get_from_lladdr
 .text.nbr_table_remove
                0x0000000000006250       0x5c build/cc26x0-cc13x0/sensortag/cc2650//obj/nbr-table.o
                0x0000000000006250                nbr_table_remove
 .text.nbr_table_lock
                0x00000000000062ac       0x34 build/cc26x0-cc13x0/sensortag/cc2650//obj/nbr-table.o
                0x00000000000062ac                nbr_table_lock
 .text.nbr_table_unlock
                0x00000000000062e0       0x38 build/cc26x0-cc13x0/sensortag/cc2650//obj/nbr-table.o
                0x00000000000062e0                nbr_table_unlock
 .text.nbr_table_get_lladdr
                0x0000000000006318       0x2c build/cc26x0-cc13x0/sensortag/cc2650//obj/nbr-table.o
                0x0000000000006318                nbr_table_get_lladdr
 .text.packetbuf_copyto
                0x0000000000006344       0x4c build/cc26x0-cc13x0/sensortag/cc2650//obj/packetbuf.o
                0x0000000000006344                packetbuf_copyto
 .text.packetbuf_hdralloc
                0x0000000000006390       0x60 build/cc26x0-cc13x0/sensortag/cc2650//obj/packetbuf.o
                0x0000000000006390                packetbuf_hdralloc
 .text.packetbuf_hdrreduce
                0x00000000000063f0       0x2c build/cc26x0-cc13x0/sensortag/cc2650//obj/packetbuf.o
                0x00000000000063f0                packetbuf_hdrreduce
 .text.packetbuf_set_datalen
                0x000000000000641c        0xc build/cc26x0-cc13x0/sensortag/cc2650//obj/packetbuf.o
                0x000000000000641c                packetbuf_set_datalen
 .text.packetbuf_dataptr
                0x0000000000006428       0x20 build/cc26x0-cc13x0/sensortag/cc2650//obj/packetbuf.o
                0x0000000000006428                packetbuf_dataptr
 .text.packetbuf_hdrptr
                0x0000000000006448        0x8 build/cc26x0-cc13x0/sensortag/cc2650//obj/packetbuf.o
                0x0000000000006448                packetbuf_hdrptr
 .text.packetbuf_datalen
                0x0000000000006450        0xc build/cc26x0-cc13x0/sensortag/cc2650//obj/packetbuf.o
                0x0000000000006450                packetbuf_datalen
 .text.packetbuf_totlen
                0x000000000000645c       0x24 build/cc26x0-cc13x0/sensortag/cc2650//obj/packetbuf.o
                0x000000000000645c                packetbuf_totlen
 .text.packetbuf_attr_clear
                0x0000000000006480       0x34 build/cc26x0-cc13x0/sensortag/cc2650//obj/packetbuf.o
                0x0000000000006480                packetbuf_attr_clear
 .text.packetbuf_clear
                0x00000000000064b4       0x20 build/cc26x0-cc13x0/sensortag/cc2650//obj/packetbuf.o
                0x00000000000064b4                packetbuf_clear
 .text.packetbuf_copyfrom
                0x00000000000064d4       0x40 build/cc26x0-cc13x0/sensortag/cc2650//obj/packetbuf.o
                0x00000000000064d4                packetbuf_copyfrom
 .text.packetbuf_attr_copyto
                0x0000000000006514       0x24 build/cc26x0-cc13x0/sensortag/cc2650//obj/packetbuf.o
                0x0000000000006514                packetbuf_attr_copyto
 .text.packetbuf_attr_copyfrom
                0x0000000000006538       0x24 build/cc26x0-cc13x0/sensortag/cc2650//obj/packetbuf.o
                0x0000000000006538                packetbuf_attr_copyfrom
 .text.packetbuf_set_attr
                0x000000000000655c       0x10 build/cc26x0-cc13x0/sensortag/cc2650//obj/packetbuf.o
                0x000000000000655c                packetbuf_set_attr
 .text.packetbuf_attr
                0x000000000000656c        0xc build/cc26x0-cc13x0/sensortag/cc2650//obj/packetbuf.o
                0x000000000000656c                packetbuf_attr
 .text.packetbuf_set_addr
                0x0000000000006578       0x18 build/cc26x0-cc13x0/sensortag/cc2650//obj/packetbuf.o
                0x0000000000006578                packetbuf_set_addr
 .text.packetbuf_addr
                0x0000000000006590       0x10 build/cc26x0-cc13x0/sensortag/cc2650//obj/packetbuf.o
                0x0000000000006590                packetbuf_addr
 .text.packetbuf_holds_broadcast
                0x00000000000065a0       0x10 build/cc26x0-cc13x0/sensortag/cc2650//obj/packetbuf.o
                0x00000000000065a0                packetbuf_holds_broadcast
 .text.netstack_process_ip_callback
                0x00000000000065b0       0x40 build/cc26x0-cc13x0/sensortag/cc2650//obj/netstack.o
                0x00000000000065b0                netstack_process_ip_callback
 .text.netstack_init
                0x00000000000065f0       0x24 build/cc26x0-cc13x0/sensortag/cc2650//obj/netstack.o
                0x00000000000065f0                netstack_init
 .text.linkaddr_copy
                0x0000000000006614        0x8 build/cc26x0-cc13x0/sensortag/cc2650//obj/linkaddr.o
                0x0000000000006614                linkaddr_copy
 .text.linkaddr_cmp
                0x000000000000661c       0x10 build/cc26x0-cc13x0/sensortag/cc2650//obj/linkaddr.o
                0x000000000000661c                linkaddr_cmp
 .text.periodic
                0x000000000000662c       0x30 build/cc26x0-cc13x0/sensortag/cc2650//obj/link-stats.o
 .text.link_stats_from_lladdr
                0x000000000000665c        0xc build/cc26x0-cc13x0/sensortag/cc2650//obj/link-stats.o
                0x000000000000665c                link_stats_from_lladdr
 .text.link_stats_is_fresh
                0x0000000000006668       0x28 build/cc26x0-cc13x0/sensortag/cc2650//obj/link-stats.o
                0x0000000000006668                link_stats_is_fresh
 .text.link_stats_packet_sent
                0x0000000000006690       0xf8 build/cc26x0-cc13x0/sensortag/cc2650//obj/link-stats.o
                0x0000000000006690                link_stats_packet_sent
 .text.link_stats_input_callback
                0x0000000000006788       0x88 build/cc26x0-cc13x0/sensortag/cc2650//obj/link-stats.o
                0x0000000000006788                link_stats_input_callback
 .text.link_stats_reset
                0x0000000000006810       0x2c build/cc26x0-cc13x0/sensortag/cc2650//obj/link-stats.o
                0x0000000000006810                link_stats_reset
 .text.link_stats_init
                0x000000000000683c       0x28 build/cc26x0-cc13x0/sensortag/cc2650//obj/link-stats.o
                0x000000000000683c                link_stats_init
 .text.mac_sequence_is_duplicate
                0x0000000000006864       0x4c build/cc26x0-cc13x0/sensortag/cc2650//obj/mac-sequence.o
                0x0000000000006864                mac_sequence_is_duplicate
 .text.mac_sequence_register_seqno
                0x00000000000068b0       0x64 build/cc26x0-cc13x0/sensortag/cc2650//obj/mac-sequence.o
                0x00000000000068b0                mac_sequence_register_seqno
 .text.mac_call_sent_callback
                0x0000000000006914       0x18 build/cc26x0-cc13x0/sensortag/cc2650//obj/mac.o
                0x0000000000006914                mac_call_sent_callback
 .text.parse    0x000000000000692c       0xa0 build/cc26x0-cc13x0/sensortag/cc2650//obj/framer-802154.o
 .text.framer_802154_setup_params.part.0
                0x00000000000069cc       0x88 build/cc26x0-cc13x0/sensortag/cc2650//obj/framer-802154.o
 .text.create_frame
                0x0000000000006a54       0xe0 build/cc26x0-cc13x0/sensortag/cc2650//obj/framer-802154.o
 .text.create   0x0000000000006b34        0x8 build/cc26x0-cc13x0/sensortag/cc2650//obj/framer-802154.o
 .text.hdr_length
                0x0000000000006b3c        0x8 build/cc26x0-cc13x0/sensortag/cc2650//obj/framer-802154.o
 .text.frame802154_get_pan_id
                0x0000000000006b44        0xc build/cc26x0-cc13x0/sensortag/cc2650//obj/frame802154.o
                0x0000000000006b44                frame802154_get_pan_id
 .text.frame802154_has_panid
                0x0000000000006b50       0xd8 build/cc26x0-cc13x0/sensortag/cc2650//obj/frame802154.o
                0x0000000000006b50                frame802154_has_panid
 .text.field_len
                0x0000000000006c28       0x8c build/cc26x0-cc13x0/sensortag/cc2650//obj/frame802154.o
 .text.frame802154_is_broadcast_addr
                0x0000000000006cb4       0x24 build/cc26x0-cc13x0/sensortag/cc2650//obj/frame802154.o
                0x0000000000006cb4                frame802154_is_broadcast_addr
 .text.frame802154_hdrlen
                0x0000000000006cd8       0x34 build/cc26x0-cc13x0/sensortag/cc2650//obj/frame802154.o
                0x0000000000006cd8                frame802154_hdrlen
 .text.frame802154_create_fcf
                0x0000000000006d0c       0x64 build/cc26x0-cc13x0/sensortag/cc2650//obj/frame802154.o
                0x0000000000006d0c                frame802154_create_fcf
 .text.frame802154_create
                0x0000000000006d70       0xa4 build/cc26x0-cc13x0/sensortag/cc2650//obj/frame802154.o
                0x0000000000006d70                frame802154_create
 .text.frame802154_parse_fcf
                0x0000000000006e14       0x64 build/cc26x0-cc13x0/sensortag/cc2650//obj/frame802154.o
                0x0000000000006e14                frame802154_parse_fcf
 .text.frame802154_parse
                0x0000000000006e78      0x138 build/cc26x0-cc13x0/sensortag/cc2650//obj/frame802154.o
                0x0000000000006e78                frame802154_parse
 .text.verify_part
                0x0000000000006fb0       0x74 build/cc26x0-cc13x0/sensortag/cc2650//obj/ext-flash.o
 .text.wait_ready
                0x0000000000007024       0x64 build/cc26x0-cc13x0/sensortag/cc2650//obj/ext-flash.o
 .text.ext_flash_open
                0x0000000000007088       0x74 build/cc26x0-cc13x0/sensortag/cc2650//obj/ext-flash.o
                0x0000000000007088                ext_flash_open
 .text.ext_flash_close
                0x00000000000070fc       0x64 build/cc26x0-cc13x0/sensortag/cc2650//obj/ext-flash.o
                0x00000000000070fc                ext_flash_close
 .text.ext_flash_init
                0x0000000000007160       0x18 build/cc26x0-cc13x0/sensortag/cc2650//obj/ext-flash.o
                0x0000000000007160                ext_flash_init
 .text.NOROM_SetupGetTrimForXoscHfCtl.part.3
                0x0000000000007178       0x20 build/cc26x0-cc13x0/sensortag/cc2650//obj/setup_rom.o
 .text.NOROM_SetupGetTrimForRadcExtCfg.part.4
                0x0000000000007198       0x1c build/cc26x0-cc13x0/sensortag/cc2650//obj/setup_rom.o
 .text.NOROM_SetupAfterColdResetWakeupFromShutDownCfg1
                0x00000000000071b4       0x74 build/cc26x0-cc13x0/sensortag/cc2650//obj/setup_rom.o
                0x00000000000071b4                NOROM_SetupAfterColdResetWakeupFromShutDownCfg1
 .text.NOROM_SetupAfterColdResetWakeupFromShutDownCfg3
                0x0000000000007228      0x1ac build/cc26x0-cc13x0/sensortag/cc2650//obj/setup_rom.o
                0x0000000000007228                NOROM_SetupAfterColdResetWakeupFromShutDownCfg3
 .text.NOROM_SetupGetTrimForAnabypassValue1
                0x00000000000073d4       0x64 build/cc26x0-cc13x0/sensortag/cc2650//obj/setup_rom.o
                0x00000000000073d4                NOROM_SetupGetTrimForAnabypassValue1
 .text.NOROM_SetupGetTrimForAmpcompCtrl
                0x0000000000007438       0x58 build/cc26x0-cc13x0/sensortag/cc2650//obj/setup_rom.o
                0x0000000000007438                NOROM_SetupGetTrimForAmpcompCtrl
 .text.NOROM_SetupAfterColdResetWakeupFromShutDownCfg2
                0x0000000000007490      0x190 build/cc26x0-cc13x0/sensortag/cc2650//obj/setup_rom.o
                0x0000000000007490                NOROM_SetupAfterColdResetWakeupFromShutDownCfg2
 .text.NOROM_SetupSetCacheModeAccordingToCcfgSetting
                0x0000000000007620       0x6c build/cc26x0-cc13x0/sensortag/cc2650//obj/setup_rom.o
                0x0000000000007620                NOROM_SetupSetCacheModeAccordingToCcfgSetting
 .text.TrimAfterColdResetWakeupFromShutDown
                0x000000000000768c       0xe0 build/cc26x0-cc13x0/sensortag/cc2650//obj/setup.o
 .text.NOROM_SetupTrimDevice
                0x000000000000776c       0xa0 build/cc26x0-cc13x0/sensortag/cc2650//obj/setup.o
                0x000000000000776c                NOROM_SetupTrimDevice
 .text.NOROM_TRNGConfigure
                0x000000000000780c       0x38 build/cc26x0-cc13x0/sensortag/cc2650//obj/trng.o
                0x000000000000780c                NOROM_TRNGConfigure
 .text.SafeHapiVoid
                0x0000000000007844       0x28 build/cc26x0-cc13x0/sensortag/cc2650//obj/adi.o
                0x0000000000007844                SafeHapiVoid
 .text.NOROM_CPUcpsid
                0x000000000000786c        0x8 build/cc26x0-cc13x0/sensortag/cc2650//obj/cpu.o
                0x000000000000786c                NOROM_CPUcpsid
 .text.NOROM_CPUcpsie
                0x0000000000007874        0x8 build/cc26x0-cc13x0/sensortag/cc2650//obj/cpu.o
                0x0000000000007874                NOROM_CPUcpsie
 .text.NOROM_CPUdelay
                0x000000000000787c        0x8 build/cc26x0-cc13x0/sensortag/cc2650//obj/cpu.o
                0x000000000000787c                NOROM_CPUdelay
 .text.NOROM_PowerCtrlSourceSet
                0x0000000000007884       0x30 build/cc26x0-cc13x0/sensortag/cc2650//obj/pwr_ctrl.o
                0x0000000000007884                NOROM_PowerCtrlSourceSet
 .text.NOROM_AONBatMonTemperatureGetDegC
                0x00000000000078b4       0x30 build/cc26x0-cc13x0/sensortag/cc2650//obj/aon_batmon.o
                0x00000000000078b4                NOROM_AONBatMonTemperatureGetDegC
 .text.NOROM_DDI32RegWrite
                0x00000000000078e4       0x2c build/cc26x0-cc13x0/sensortag/cc2650//obj/ddi.o
                0x00000000000078e4                NOROM_DDI32RegWrite
 .text.NOROM_DDI16BitfieldWrite
                0x0000000000007910       0x48 build/cc26x0-cc13x0/sensortag/cc2650//obj/ddi.o
                0x0000000000007910                NOROM_DDI16BitfieldWrite
 .text.NOROM_DDI16BitfieldRead
                0x0000000000007958       0x44 build/cc26x0-cc13x0/sensortag/cc2650//obj/ddi.o
                0x0000000000007958                NOROM_DDI16BitfieldRead
 .text.NOROM_SysCtrlSetRechargeBeforePowerDown
                0x000000000000799c      0x230 build/cc26x0-cc13x0/sensortag/cc2650//obj/sys_ctrl.o
                0x000000000000799c                NOROM_SysCtrlSetRechargeBeforePowerDown
 .text.NOROM_SysCtrlAdjustRechargeAfterPowerDown
                0x0000000000007bcc       0x64 build/cc26x0-cc13x0/sensortag/cc2650//obj/sys_ctrl.o
                0x0000000000007bcc                NOROM_SysCtrlAdjustRechargeAfterPowerDown
 .text.NOROM_SysCtrl_DCDC_VoltageConditionalControl
                0x0000000000007c30       0x7c build/cc26x0-cc13x0/sensortag/cc2650//obj/sys_ctrl.o
                0x0000000000007c30                NOROM_SysCtrl_DCDC_VoltageConditionalControl
 .text.NOROM_AONRTCCurrentCompareValueGet
                0x0000000000007cac       0x24 build/cc26x0-cc13x0/sensortag/cc2650//obj/aon_rtc.o
                0x0000000000007cac                NOROM_AONRTCCurrentCompareValueGet
 .text.NOROM_ChipInfo_GetChipFamily
                0x0000000000007cd0       0x4c build/cc26x0-cc13x0/sensortag/cc2650//obj/chipinfo.o
                0x0000000000007cd0                NOROM_ChipInfo_GetChipFamily
 .text.NOROM_ChipInfo_GetChipType
                0x0000000000007d1c       0x50 build/cc26x0-cc13x0/sensortag/cc2650//obj/chipinfo.o
                0x0000000000007d1c                NOROM_ChipInfo_GetChipType
 .text.NOROM_ChipInfo_GetHwRevision
                0x0000000000007d6c       0x8c build/cc26x0-cc13x0/sensortag/cc2650//obj/chipinfo.o
                0x0000000000007d6c                NOROM_ChipInfo_GetHwRevision
 .text.NOROM_ThisCodeIsBuiltForCC26xxHwRev22AndLater_HaltIfViolated
                0x0000000000007df8       0x14 build/cc26x0-cc13x0/sensortag/cc2650//obj/chipinfo.o
                0x0000000000007df8                NOROM_ThisCodeIsBuiltForCC26xxHwRev22AndLater_HaltIfViolated
 .text.NOROM_OSCClockSourceSet
                0x0000000000007e0c       0x58 build/cc26x0-cc13x0/sensortag/cc2650//obj/osc.o
                0x0000000000007e0c                NOROM_OSCClockSourceSet
 .text.NOROM_OSCClockSourceGet
                0x0000000000007e64       0x20 build/cc26x0-cc13x0/sensortag/cc2650//obj/osc.o
                0x0000000000007e64                NOROM_OSCClockSourceGet
 .text.fill_space.isra.0
                0x0000000000007e84       0x44 build/cc26x0-cc13x0/sensortag/cc2650//obj/strformat.o
 .text.format_str_v
                0x0000000000007ec8      0x89c build/cc26x0-cc13x0/sensortag/cc2650//obj/strformat.o
                0x0000000000007ec8                format_str_v
 .text.write_str
                0x0000000000008764       0x14 build/cc26x0-cc13x0/sensortag/cc2650//obj/printf.o
 .text.printf   0x0000000000008778       0x24 build/cc26x0-cc13x0/sensortag/cc2650//obj/printf.o
                0x0000000000008778                printf
 .text.buffer_str
                0x000000000000879c       0x28 build/cc26x0-cc13x0/sensortag/cc2650//obj/snprintf.o
 .text.snprintf
                0x00000000000087c4       0x38 build/cc26x0-cc13x0/sensortag/cc2650//obj/snprintf.o
                0x00000000000087c4                snprintf
 .text.csma_security_create_frame
                0x00000000000087fc       0x18 build/cc26x0-cc13x0/sensortag/cc2650//obj/csma-security.o
                0x00000000000087fc                csma_security_create_frame
 .text.csma_security_parse_frame
                0x0000000000008814        0xc build/cc26x0-cc13x0/sensortag/cc2650//obj/csma-security.o
                0x0000000000008814                csma_security_parse_frame
 .text.on       0x0000000000008820        0xc build/cc26x0-cc13x0/sensortag/cc2650//obj/csma.o
 .text.off      0x000000000000882c        0xc build/cc26x0-cc13x0/sensortag/cc2650//obj/csma.o
 .text.max_payload
                0x0000000000008838       0x18 build/cc26x0-cc13x0/sensortag/cc2650//obj/csma.o
 .text.send_packet
                0x0000000000008850        0x4 build/cc26x0-cc13x0/sensortag/cc2650//obj/csma.o
 .text.init     0x0000000000008854       0x14 build/cc26x0-cc13x0/sensortag/cc2650//obj/csma.o
 .text.input_packet
                0x0000000000008868       0x64 build/cc26x0-cc13x0/sensortag/cc2650//obj/csma.o
 .text.schedule_transmission
                0x00000000000088cc       0x38 build/cc26x0-cc13x0/sensortag/cc2650//obj/csma-output.o
 .text.tx_done  0x0000000000008904       0x8c build/cc26x0-cc13x0/sensortag/cc2650//obj/csma-output.o
 .text.transmit_from_queue
                0x0000000000008990      0x1bc build/cc26x0-cc13x0/sensortag/cc2650//obj/csma-output.o
 .text.csma_output_packet
                0x0000000000008b4c      0x154 build/cc26x0-cc13x0/sensortag/cc2650//obj/csma-output.o
                0x0000000000008b4c                csma_output_packet
 .text.csma_output_init
                0x0000000000008ca0       0x24 build/cc26x0-cc13x0/sensortag/cc2650//obj/csma-output.o
                0x0000000000008ca0                csma_output_init
 .text.uipbuf_clear
                0x0000000000008cc4       0x30 build/cc26x0-cc13x0/sensortag/cc2650//obj/uipbuf.o
                0x0000000000008cc4                uipbuf_clear
 .text.uipbuf_add_ext_hdr
                0x0000000000008cf4       0x2c build/cc26x0-cc13x0/sensortag/cc2650//obj/uipbuf.o
                0x0000000000008cf4                uipbuf_add_ext_hdr
 .text.uipbuf_set_len
                0x0000000000008d20       0x18 build/cc26x0-cc13x0/sensortag/cc2650//obj/uipbuf.o
                0x0000000000008d20                uipbuf_set_len
 .text.uipbuf_set_len_field
                0x0000000000008d38        0x8 build/cc26x0-cc13x0/sensortag/cc2650//obj/uipbuf.o
                0x0000000000008d38                uipbuf_set_len_field
 .text.uipbuf_get_len_field
                0x0000000000008d40        0xc build/cc26x0-cc13x0/sensortag/cc2650//obj/uipbuf.o
                0x0000000000008d40                uipbuf_get_len_field
 .text.uipbuf_get_next_header
                0x0000000000008d4c       0x88 build/cc26x0-cc13x0/sensortag/cc2650//obj/uipbuf.o
                0x0000000000008d4c                uipbuf_get_next_header
 .text.uipbuf_get_last_header
                0x0000000000008dd4       0x40 build/cc26x0-cc13x0/sensortag/cc2650//obj/uipbuf.o
                0x0000000000008dd4                uipbuf_get_last_header
 .text.uipbuf_search_header
                0x0000000000008e14       0x58 build/cc26x0-cc13x0/sensortag/cc2650//obj/uipbuf.o
                0x0000000000008e14                uipbuf_search_header
 .text.uipbuf_get_attr
                0x0000000000008e6c       0x14 build/cc26x0-cc13x0/sensortag/cc2650//obj/uipbuf.o
                0x0000000000008e6c                uipbuf_get_attr
 .text.uipbuf_init
                0x0000000000008e80       0x20 build/cc26x0-cc13x0/sensortag/cc2650//obj/uipbuf.o
                0x0000000000008e80                uipbuf_init
 .text.echo_reply_input
                0x0000000000008ea0       0x70 build/cc26x0-cc13x0/sensortag/cc2650//obj/uip-icmp6.o
 .text.echo_request_input
                0x0000000000008f10       0x84 build/cc26x0-cc13x0/sensortag/cc2650//obj/uip-icmp6.o
 .text.uip_icmp6_input
                0x0000000000008f94       0x3c build/cc26x0-cc13x0/sensortag/cc2650//obj/uip-icmp6.o
                0x0000000000008f94                uip_icmp6_input
 .text.uip_icmp6_register_input_handler
                0x0000000000008fd0        0xc build/cc26x0-cc13x0/sensortag/cc2650//obj/uip-icmp6.o
                0x0000000000008fd0                uip_icmp6_register_input_handler
 .text.uip_icmp6_error_output
                0x0000000000008fdc      0x13c build/cc26x0-cc13x0/sensortag/cc2650//obj/uip-icmp6.o
                0x0000000000008fdc                uip_icmp6_error_output
 .text.uip_icmp6_send
                0x0000000000009118       0x80 build/cc26x0-cc13x0/sensortag/cc2650//obj/uip-icmp6.o
                0x0000000000009118                uip_icmp6_send
 .text.uip_icmp6_init
                0x0000000000009198       0x24 build/cc26x0-cc13x0/sensortag/cc2650//obj/uip-icmp6.o
                0x0000000000009198                uip_icmp6_init
 .text.node_matches_address.part.0
                0x00000000000091bc       0x28 build/cc26x0-cc13x0/sensortag/cc2650//obj/uip-sr.o
 .text.uip_sr_get_node
                0x00000000000091e4       0x40 build/cc26x0-cc13x0/sensortag/cc2650//obj/uip-sr.o
                0x00000000000091e4                uip_sr_get_node
 .text.uip_sr_is_addr_reachable
                0x0000000000009224       0x4c build/cc26x0-cc13x0/sensortag/cc2650//obj/uip-sr.o
                0x0000000000009224                uip_sr_is_addr_reachable
 .text.uip_sr_expire_parent
                0x0000000000009270       0x2c build/cc26x0-cc13x0/sensortag/cc2650//obj/uip-sr.o
                0x0000000000009270                uip_sr_expire_parent
 .text.uip_sr_update_node
                0x000000000000929c       0xa4 build/cc26x0-cc13x0/sensortag/cc2650//obj/uip-sr.o
                0x000000000000929c                uip_sr_update_node
 .text.uip_sr_init
                0x0000000000009340       0x24 build/cc26x0-cc13x0/sensortag/cc2650//obj/uip-sr.o
                0x0000000000009340                uip_sr_init
 .text.uip_sr_periodic
                0x0000000000009364       0x80 build/cc26x0-cc13x0/sensortag/cc2650//obj/uip-sr.o
                0x0000000000009364                uip_sr_periodic
 .text.uip_sr_free_all
                0x00000000000093e4       0x4c build/cc26x0-cc13x0/sensortag/cc2650//obj/uip-sr.o
                0x00000000000093e4                uip_sr_free_all
 .text.uip_ds6_list_loop.part.0
                0x0000000000009430       0x50 build/cc26x0-cc13x0/sensortag/cc2650//obj/uip-ds6.o
 .text.uip_ds6_prefix_add
                0x0000000000009480       0x7c build/cc26x0-cc13x0/sensortag/cc2650//obj/uip-ds6.o
                0x0000000000009480                uip_ds6_prefix_add
 .text.uip_ds6_is_addr_onlink
                0x00000000000094fc       0x44 build/cc26x0-cc13x0/sensortag/cc2650//obj/uip-ds6.o
                0x00000000000094fc                uip_ds6_is_addr_onlink
 .text.uip_ds6_addr_lookup
                0x0000000000009540       0x38 build/cc26x0-cc13x0/sensortag/cc2650//obj/uip-ds6.o
                0x0000000000009540                uip_ds6_addr_lookup
 .text.uip_ds6_get_link_local
                0x0000000000009578       0x58 build/cc26x0-cc13x0/sensortag/cc2650//obj/uip-ds6.o
                0x0000000000009578                uip_ds6_get_link_local
 .text.uip_ds6_maddr_add
                0x00000000000095d0       0x5c build/cc26x0-cc13x0/sensortag/cc2650//obj/uip-ds6.o
                0x00000000000095d0                uip_ds6_maddr_add
 .text.uip_ds6_addr_add
                0x000000000000962c       0xb4 build/cc26x0-cc13x0/sensortag/cc2650//obj/uip-ds6.o
                0x000000000000962c                uip_ds6_addr_add
 .text.uip_ds6_maddr_lookup
                0x00000000000096e0       0x38 build/cc26x0-cc13x0/sensortag/cc2650//obj/uip-ds6.o
                0x00000000000096e0                uip_ds6_maddr_lookup
 .text.uip_ds6_addr_rm.part.4
                0x0000000000009718       0x40 build/cc26x0-cc13x0/sensortag/cc2650//obj/uip-ds6.o
 .text.uip_ds6_addr_rm
                0x0000000000009758        0x8 build/cc26x0-cc13x0/sensortag/cc2650//obj/uip-ds6.o
                0x0000000000009758                uip_ds6_addr_rm
 .text.uip_ds6_periodic
                0x0000000000009760       0x58 build/cc26x0-cc13x0/sensortag/cc2650//obj/uip-ds6.o
                0x0000000000009760                uip_ds6_periodic
 .text.uip_ds6_select_src
                0x00000000000097b8      0x10c build/cc26x0-cc13x0/sensortag/cc2650//obj/uip-ds6.o
                0x00000000000097b8                uip_ds6_select_src
 .text.uip_ds6_set_addr_iid
                0x00000000000098c4       0x18 build/cc26x0-cc13x0/sensortag/cc2650//obj/uip-ds6.o
                0x00000000000098c4                uip_ds6_set_addr_iid
 .text.uip_ds6_set_lladdr_from_iid
                0x00000000000098dc       0x18 build/cc26x0-cc13x0/sensortag/cc2650//obj/uip-ds6.o
                0x00000000000098dc                uip_ds6_set_lladdr_from_iid
 .text.uip_ds6_compute_reachable_time
                0x00000000000098f4       0x2c build/cc26x0-cc13x0/sensortag/cc2650//obj/uip-ds6.o
                0x00000000000098f4                uip_ds6_compute_reachable_time
 .text.uip_ds6_init
                0x0000000000009920       0xd8 build/cc26x0-cc13x0/sensortag/cc2650//obj/uip-ds6.o
                0x0000000000009920                uip_ds6_init
 .text.tcpip_output
                0x00000000000099f8       0x30 build/cc26x0-cc13x0/sensortag/cc2650//obj/tcpip.o
                0x00000000000099f8                tcpip_output
 .text.tcpip_input
                0x0000000000009a28       0x2c build/cc26x0-cc13x0/sensortag/cc2650//obj/tcpip.o
                0x0000000000009a28                tcpip_input
 .text.tcpip_ipv6_output
                0x0000000000009a54       0xec build/cc26x0-cc13x0/sensortag/cc2650//obj/tcpip.o
                0x0000000000009a54                tcpip_ipv6_output
 .text.packet_input.part.5
                0x0000000000009b40       0x1c build/cc26x0-cc13x0/sensortag/cc2650//obj/tcpip.o
 .text.process_thread_tcpip_process
                0x0000000000009b5c       0xd8 build/cc26x0-cc13x0/sensortag/cc2650//obj/tcpip.o
 .text.tcpip_uipcall
                0x0000000000009c34       0x2c build/cc26x0-cc13x0/sensortag/cc2650//obj/tcpip.o
                0x0000000000009c34                tcpip_uipcall
 .text.chksum   0x0000000000009c60       0x60 build/cc26x0-cc13x0/sensortag/cc2650//obj/uip6.o
 .text.upper_layer_chksum
                0x0000000000009cc0       0x54 build/cc26x0-cc13x0/sensortag/cc2650//obj/uip6.o
 .text.ext_hdr_options_process
                0x0000000000009d14       0x90 build/cc26x0-cc13x0/sensortag/cc2650//obj/uip6.o
 .text.uip_icmp6chksum
                0x0000000000009da4        0x8 build/cc26x0-cc13x0/sensortag/cc2650//obj/uip6.o
                0x0000000000009da4                uip_icmp6chksum
 .text.uip_init
                0x0000000000009dac       0x44 build/cc26x0-cc13x0/sensortag/cc2650//obj/uip6.o
                0x0000000000009dac                uip_init
 .text.uip_remove_ext_hdr
                0x0000000000009df0       0x60 build/cc26x0-cc13x0/sensortag/cc2650//obj/uip6.o
                0x0000000000009df0                uip_remove_ext_hdr
 .text.uip_process
                0x0000000000009e50      0x4c0 build/cc26x0-cc13x0/sensortag/cc2650//obj/uip6.o
                0x0000000000009e50                uip_process
 .text.uip_htonl
                0x000000000000a310       0x1c build/cc26x0-cc13x0/sensortag/cc2650//obj/uip6.o
                0x000000000000a310                uip_htonl
 .text.uip_ds6_nbr_rm.part.0
                0x000000000000a32c       0x20 build/cc26x0-cc13x0/sensortag/cc2650//obj/uip-ds6-nbr.o
 .text.uip_ds6_nbr_rm
                0x000000000000a34c        0x8 build/cc26x0-cc13x0/sensortag/cc2650//obj/uip-ds6-nbr.o
                0x000000000000a34c                uip_ds6_nbr_rm
 .text.uip_ds6_neighbors_init
                0x000000000000a354       0x1c build/cc26x0-cc13x0/sensortag/cc2650//obj/uip-ds6-nbr.o
                0x000000000000a354                uip_ds6_neighbors_init
 .text.uip_ds6_nbr_add
                0x000000000000a370       0x40 build/cc26x0-cc13x0/sensortag/cc2650//obj/uip-ds6-nbr.o
                0x000000000000a370                uip_ds6_nbr_add
 .text.uip_ds6_nbr_update_ll
                0x000000000000a3b0       0x64 build/cc26x0-cc13x0/sensortag/cc2650//obj/uip-ds6-nbr.o
                0x000000000000a3b0                uip_ds6_nbr_update_ll
 .text.uip_ds6_nbr_get_ll
                0x000000000000a414        0xc build/cc26x0-cc13x0/sensortag/cc2650//obj/uip-ds6-nbr.o
                0x000000000000a414                uip_ds6_nbr_get_ll
 .text.uip_ds6_nbr_head
                0x000000000000a420        0xc build/cc26x0-cc13x0/sensortag/cc2650//obj/uip-ds6-nbr.o
                0x000000000000a420                uip_ds6_nbr_head
 .text.uip_ds6_nbr_next
                0x000000000000a42c        0xc build/cc26x0-cc13x0/sensortag/cc2650//obj/uip-ds6-nbr.o
                0x000000000000a42c                uip_ds6_nbr_next
 .text.uip_ds6_nbr_lookup
                0x000000000000a438       0x3c build/cc26x0-cc13x0/sensortag/cc2650//obj/uip-ds6-nbr.o
                0x000000000000a438                uip_ds6_nbr_lookup
 .text.uip_ds6_nbr_ipaddr_from_lladdr
                0x000000000000a474        0xc build/cc26x0-cc13x0/sensortag/cc2650//obj/uip-ds6-nbr.o
                0x000000000000a474                uip_ds6_nbr_ipaddr_from_lladdr
 .text.uip_ds6_nbr_lladdr_from_ipaddr
                0x000000000000a480       0x1c build/cc26x0-cc13x0/sensortag/cc2650//obj/uip-ds6-nbr.o
                0x000000000000a480                uip_ds6_nbr_lladdr_from_ipaddr
 .text.uip_ds6_link_callback
                0x000000000000a49c        0x4 build/cc26x0-cc13x0/sensortag/cc2650//obj/uip-ds6-nbr.o
                0x000000000000a49c                uip_ds6_link_callback
 .text.ns_input
                0x000000000000a4a0      0x268 build/cc26x0-cc13x0/sensortag/cc2650//obj/uip-nd6.o
 .text.uip_nd6_init
                0x000000000000a708        0xc build/cc26x0-cc13x0/sensortag/cc2650//obj/uip-nd6.o
                0x000000000000a708                uip_nd6_init
 .text.uip_ds6_route_init
                0x000000000000a714       0x1c build/cc26x0-cc13x0/sensortag/cc2650//obj/uip-ds6-route.o
                0x000000000000a714                uip_ds6_route_init
 .text.uip_ds6_route_nexthop
                0x000000000000a730        0x4 build/cc26x0-cc13x0/sensortag/cc2650//obj/uip-ds6-route.o
                0x000000000000a730                uip_ds6_route_nexthop
 .text.uip_ds6_route_lookup
                0x000000000000a734        0x4 build/cc26x0-cc13x0/sensortag/cc2650//obj/uip-ds6-route.o
                0x000000000000a734                uip_ds6_route_lookup
 .text.uip_ds6_route_rm
                0x000000000000a738        0x4 build/cc26x0-cc13x0/sensortag/cc2650//obj/uip-ds6-route.o
                0x000000000000a738                uip_ds6_route_rm
 .text.uip_ds6_defrt_rm
                0x000000000000a73c       0x3c build/cc26x0-cc13x0/sensortag/cc2650//obj/uip-ds6-route.o
                0x000000000000a73c                uip_ds6_defrt_rm
 .text.uip_ds6_defrt_lookup
                0x000000000000a778       0x38 build/cc26x0-cc13x0/sensortag/cc2650//obj/uip-ds6-route.o
                0x000000000000a778                uip_ds6_defrt_lookup
 .text.uip_ds6_defrt_add
                0x000000000000a7b0       0x5c build/cc26x0-cc13x0/sensortag/cc2650//obj/uip-ds6-route.o
                0x000000000000a7b0                uip_ds6_defrt_add
 .text.uip_ds6_defrt_choose
                0x000000000000a80c       0x34 build/cc26x0-cc13x0/sensortag/cc2650//obj/uip-ds6-route.o
                0x000000000000a80c                uip_ds6_defrt_choose
 .text.uip_ds6_defrt_periodic
                0x000000000000a840       0x44 build/cc26x0-cc13x0/sensortag/cc2650//obj/uip-ds6-route.o
                0x000000000000a840                uip_ds6_defrt_periodic
 .text.sicslowpan_init
                0x000000000000a884       0x10 build/cc26x0-cc13x0/sensortag/cc2650//obj/sicslowpan.o
                0x000000000000a884                sicslowpan_init
 .text.set_packet_attrs
                0x000000000000a894       0x74 build/cc26x0-cc13x0/sensortag/cc2650//obj/sicslowpan.o
 .text.compress_addr_64
                0x000000000000a908       0x98 build/cc26x0-cc13x0/sensortag/cc2650//obj/sicslowpan.o
 .text.addr_context_lookup_by_prefix
                0x000000000000a9a0       0x24 build/cc26x0-cc13x0/sensortag/cc2650//obj/sicslowpan.o
 .text.send_packet
                0x000000000000a9c4       0x24 build/cc26x0-cc13x0/sensortag/cc2650//obj/sicslowpan.o
 .text.fragment_copy_payload_and_send
                0x000000000000a9e8       0x6c build/cc26x0-cc13x0/sensortag/cc2650//obj/sicslowpan.o
 .text.output   0x000000000000aa54      0x774 build/cc26x0-cc13x0/sensortag/cc2650//obj/sicslowpan.o
 .text.packet_sent
                0x000000000000b1c8       0x5c build/cc26x0-cc13x0/sensortag/cc2650//obj/sicslowpan.o
 .text.store_fragment
                0x000000000000b224       0x74 build/cc26x0-cc13x0/sensortag/cc2650//obj/sicslowpan.o
 .text.add_fragment
                0x000000000000b298      0x1b4 build/cc26x0-cc13x0/sensortag/cc2650//obj/sicslowpan.o
 .text.uncompress_addr
                0x000000000000b44c       0xb8 build/cc26x0-cc13x0/sensortag/cc2650//obj/sicslowpan.o
 .text.input    0x000000000000b504      0x798 build/cc26x0-cc13x0/sensortag/cc2650//obj/sicslowpan.o
 .text.uiplib_ipaddr_snprint
                0x000000000000bc9c      0x11c build/cc26x0-cc13x0/sensortag/cc2650//obj/uiplib.o
                0x000000000000bc9c                uiplib_ipaddr_snprint
 .text.dao_ack_input
                0x000000000000bdb8       0x40 build/cc26x0-cc13x0/sensortag/cc2650//obj/rpl-icmp6.o
 .text.dao_input
                0x000000000000bdf8      0x118 build/cc26x0-cc13x0/sensortag/cc2650//obj/rpl-icmp6.o
 .text.dio_input
                0x000000000000bf10      0x250 build/cc26x0-cc13x0/sensortag/cc2650//obj/rpl-icmp6.o
 .text.dis_input
                0x000000000000c160       0x2c build/cc26x0-cc13x0/sensortag/cc2650//obj/rpl-icmp6.o
 .text.rpl_icmp6_update_nbr_table
                0x000000000000c18c       0x38 build/cc26x0-cc13x0/sensortag/cc2650//obj/rpl-icmp6.o
                0x000000000000c18c                rpl_icmp6_update_nbr_table
 .text.rpl_icmp6_dis_output
                0x000000000000c1c4       0x3c build/cc26x0-cc13x0/sensortag/cc2650//obj/rpl-icmp6.o
                0x000000000000c1c4                rpl_icmp6_dis_output
 .text.rpl_icmp6_dio_output
                0x000000000000c200      0x27c build/cc26x0-cc13x0/sensortag/cc2650//obj/rpl-icmp6.o
                0x000000000000c200                rpl_icmp6_dio_output
 .text.rpl_icmp6_dao_output
                0x000000000000c47c       0xe0 build/cc26x0-cc13x0/sensortag/cc2650//obj/rpl-icmp6.o
                0x000000000000c47c                rpl_icmp6_dao_output
 .text.rpl_icmp6_dao_ack_output
                0x000000000000c55c       0x44 build/cc26x0-cc13x0/sensortag/cc2650//obj/rpl-icmp6.o
                0x000000000000c55c                rpl_icmp6_dao_ack_output
 .text.rpl_icmp6_init
                0x000000000000c5a0       0x30 build/cc26x0-cc13x0/sensortag/cc2650//obj/rpl-icmp6.o
                0x000000000000c5a0                rpl_icmp6_init
 .text.remove_neighbor
                0x000000000000c5d0       0x3c build/cc26x0-cc13x0/sensortag/cc2650//obj/rpl-neighbor.o
 .text.rpl_neighbor_get_from_lladdr
                0x000000000000c60c       0x10 build/cc26x0-cc13x0/sensortag/cc2650//obj/rpl-neighbor.o
                0x000000000000c60c                rpl_neighbor_get_from_lladdr
 .text.rpl_neighbor_rank_via_nbr
                0x000000000000c61c       0x18 build/cc26x0-cc13x0/sensortag/cc2650//obj/rpl-neighbor.o
                0x000000000000c61c                rpl_neighbor_rank_via_nbr
 .text.rpl_neighbor_get_ipaddr
                0x000000000000c634       0x18 build/cc26x0-cc13x0/sensortag/cc2650//obj/rpl-neighbor.o