Archive member included to satisfy reference by file (symbol)

build/native///contiki-ng-native.a(contiki-main.o)
                              /usr/lib/gcc/x86_64-linux-gnu/7/../../../x86_64-linux-gnu/Scrt1.o (main)
build/native///contiki-ng-native.a(autostart.o)
                              build/native///contiki-ng-native.a(contiki-main.o) (autostart_start)
build/native///contiki-ng-native.a(ctimer.o)
                              build/native///contiki-ng-native.a(contiki-main.o) (ctimer_init)
build/native///contiki-ng-native.a(log.o)
                              build/native///contiki-ng-native.a(contiki-main.o) (log_6addr)
build/native///contiki-ng-native.a(energest.o)
                              build/native///contiki-ng-native.a(contiki-main.o) (energest_init)
build/native///contiki-ng-native.a(etimer.o)
                              build/native///contiki-ng-native.a(contiki-main.o) (etimer_process)
build/native///contiki-ng-native.a(node-id.o)
                              build/native///contiki-ng-native.a(contiki-main.o) (node_id_init)
build/native///contiki-ng-native.a(process.o)
                              build/native///contiki-ng-native.a(ctimer.o) (process_current)
build/native///contiki-ng-native.a(rtimer.o)
                              build/native///contiki-ng-native.a(contiki-main.o) (rtimer_init)
build/native///contiki-ng-native.a(timer.o)
                              build/native///contiki-ng-native.a(etimer.o) (timer_set)
build/native///contiki-ng-native.a(list.o)
                              build/native///contiki-ng-native.a(ctimer.o) (list_init)
build/native///contiki-ng-native.a(queuebuf.o)
                              build/native///contiki-ng-native.a(contiki-main.o) (queuebuf_init)
build/native///contiki-ng-native.a(packetbuf.o)
                              build/native///contiki-ng-native.a(queuebuf.o) (packetbuf_copyto)
build/native///contiki-ng-native.a(netstack.o)
                              build/native///contiki-ng-native.a(contiki-main.o) (netstack_init)
build/native///contiki-ng-native.a(linkaddr.o)
                              build/native///contiki-ng-native.a(packetbuf.o) (linkaddr_copy)
build/native///contiki-ng-native.a(nullmac.o)
                              build/native///contiki-ng-native.a(contiki-main.o) (nullmac_driver)
build/native///contiki-ng-native.a(uip-ds6.o)
                              build/native///contiki-ng-native.a(contiki-main.o) (uip_ds6_get_link_local)
build/native///contiki-ng-native.a(tcpip.o)
                              build/native///contiki-ng-native.a(contiki-main.o) (tcpip_process)
build/native///contiki-ng-native.a(uip6.o)
                              build/native///contiki-ng-native.a(tcpip.o) (uip_aligned_buf)
build/native///contiki-ng-native.a(uip-ds6-nbr.o)
                              build/native///contiki-ng-native.a(uip-ds6.o) (uip_ds6_neighbors_init)
build/native///contiki-ng-native.a(uip-nd6.o)
                              build/native///contiki-ng-native.a(uip6.o) (uip_nd6_init)
build/native///contiki-ng-native.a(uip-ds6-route.o)
                              build/native///contiki-ng-native.a(uip-ds6.o) (uip_ds6_route_init)
build/native///contiki-ng-native.a(uiplib.o)
                              build/native///contiki-ng-native.a(log.o) (uiplib_ipaddr_snprint)
build/native///contiki-ng-native.a(rpl.o)
                              build/native///contiki-ng-native.a(contiki-main.o) (rpl_lite_driver)
build/native///contiki-ng-native.a(rpl-dag-root.o)
                              build/native///contiki-ng-native.a(rpl.o) (rpl_dag_root_set_prefix)
build/native///contiki-ng-native.a(platform.o)
                              build/native///contiki-ng-native.a(contiki-main.o) (platform_process_args)
build/native///contiki-ng-native.a(clock.o)
                              build/native///contiki-ng-native.a(etimer.o) (clock_time)
build/native///contiki-ng-native.a(tun6-net.o)
                              build/native///contiki-ng-native.a(contiki-main.o) (tun6_net_driver)
build/native///contiki-ng-native.a(rtimer-arch.o)
                              build/native///contiki-ng-native.a(rtimer.o) (rtimer_arch_init)
build/native///contiki-ng-native.a(watchdog.o)
                              build/native///contiki-ng-native.a(contiki-main.o) (watchdog_init)
build/native///contiki-ng-native.a(stimer.o)
                              build/native///contiki-ng-native.a(uip-ds6.o) (stimer_set)
build/native///contiki-ng-native.a(button-hal.o)
                              build/native///contiki-ng-native.a(platform.o) (button_hal_init)
build/native///contiki-ng-native.a(serial-line.o)
                              build/native///contiki-ng-native.a(platform.o) (serial_line_input_byte)
build/native///contiki-ng-native.a(leds.o)
                              build/native///contiki-ng-native.a(platform.o) (leds_init)
build/native///contiki-ng-native.a(nullradio.o)
[...]
Memory Configuration

Name             Origin             Length             Attributes
*default*        0x0000000000000000 0xffffffffffffffff

Linker script and memory map

LOAD /usr/lib/gcc/x86_64-linux-gnu/7/../../../x86_64-linux-gnu/Scrt1.o
LOAD /usr/lib/gcc/x86_64-linux-gnu/7/../../../x86_64-linux-gnu/crti.o
LOAD /usr/lib/gcc/x86_64-linux-gnu/7/crtbeginS.o
LOAD demo-sensor.o
LOAD build/native///obj/mysensor.o
LOAD build/native///contiki-ng-native.a
LOAD /usr/lib/gcc/x86_64-linux-gnu/7/../../../x86_64-linux-gnu/librt.so
LOAD /usr/lib/gcc/x86_64-linux-gnu/7/libgcc.a
LOAD /usr/lib/gcc/x86_64-linux-gnu/7/libgcc_s.so
START GROUP
LOAD /usr/lib/gcc/x86_64-linux-gnu/7/libgcc_s.so.1
LOAD /usr/lib/gcc/x86_64-linux-gnu/7/libgcc.a
END GROUP
LOAD /usr/lib/gcc/x86_64-linux-gnu/7/../../../x86_64-linux-gnu/libc.so
START GROUP
LOAD /lib/x86_64-linux-gnu/libc.so.6
LOAD /usr/lib/x86_64-linux-gnu/libc_nonshared.a
LOAD /lib/x86_64-linux-gnu/ld-linux-x86-64.so.2
END GROUP
LOAD /usr/lib/gcc/x86_64-linux-gnu/7/libgcc.a
LOAD /usr/lib/gcc/x86_64-linux-gnu/7/libgcc_s.so
START GROUP
LOAD /usr/lib/gcc/x86_64-linux-gnu/7/libgcc_s.so.1
LOAD /usr/lib/gcc/x86_64-linux-gnu/7/libgcc.a
END GROUP
LOAD /usr/lib/gcc/x86_64-linux-gnu/7/crtendS.o
LOAD /usr/lib/gcc/x86_64-linux-gnu/7/../../../x86_64-linux-gnu/crtn.o
                [!provide]                        PROVIDE (__executable_start = SEGMENT_START ("text-segment", 0x0))
                0x0000000000000238                . = (SEGMENT_START ("text-segment", 0x0) + SIZEOF_HEADERS)

.interp         0x0000000000000238       0x1c
 *(.interp)
 .interp        0x0000000000000238       0x1c /usr/lib/gcc/x86_64-linux-gnu/7/../../../x86_64-linux-gnu/Scrt1.o

.note.ABI-tag   0x0000000000000254       0x20
 .note.ABI-tag  0x0000000000000254       0x20 /usr/lib/gcc/x86_64-linux-gnu/7/../../../x86_64-linux-gnu/Scrt1.o

.note.gnu.build-id
                0x0000000000000274       0x24
 *(.note.gnu.build-id)
 .note.gnu.build-id
                0x0000000000000274       0x24 /usr/lib/gcc/x86_64-linux-gnu/7/../../../x86_64-linux-gnu/Scrt1.o

.hash
 *(.hash)

.gnu.hash       0x0000000000000298      0xd9c
 *(.gnu.hash)
 .gnu.hash      0x0000000000000298      0xd9c /usr/lib/gcc/x86_64-linux-gnu/7/../../../x86_64-linux-gnu/Scrt1.o

.dynsym         0x0000000000001038     0x30a8
 *(.dynsym)
 .dynsym        0x0000000000001038     0x30a8 /usr/lib/gcc/x86_64-linux-gnu/7/../../../x86_64-linux-gnu/Scrt1.o

.dynstr         0x00000000000040e0     0x23d9
 *(.dynstr)
 .dynstr        0x00000000000040e0     0x23d9 /usr/lib/gcc/x86_64-linux-gnu/7/../../../x86_64-linux-gnu/Scrt1.o

.gnu.version    0x00000000000064ba      0x40e
 *(.gnu.version)
 .gnu.version   0x00000000000064ba      0x40e /usr/lib/gcc/x86_64-linux-gnu/7/../../../x86_64-linux-gnu/Scrt1.o

.gnu.version_d  0x00000000000068c8        0x0
 *(.gnu.version_d)
 .gnu.version_d
                0x00000000000068c8        0x0 /usr/lib/gcc/x86_64-linux-gnu/7/../../../x86_64-linux-gnu/Scrt1.o

.gnu.version_r  0x00000000000068c8       0x80
 *(.gnu.version_r)
 .gnu.version_r
                0x00000000000068c8       0x80 /usr/lib/gcc/x86_64-linux-gnu/7/../../../x86_64-linux-gnu/Scrt1.o

.rela.dyn       0x0000000000006948      0xbb8
 *(.rela.init)
 *(.rela.text .rela.text.* .rela.gnu.linkonce.t.*)
 .rela.text.startup
                0x0000000000006948        0x0 /usr/lib/gcc/x86_64-linux-gnu/7/../../../x86_64-linux-gnu/Scrt1.o
 .rela.text     0x0000000000006948        0x0 /usr/lib/gcc/x86_64-linux-gnu/7/../../../x86_64-linux-gnu/Scrt1.o
 *(.rela.fini)
 *(.rela.rodata .rela.rodata.* .rela.gnu.linkonce.r.*)
 *(.rela.data .rela.data.* .rela.gnu.linkonce.d.*)
 .rela.data.rel.ro
                0x0000000000006948      0x1e0 /usr/lib/gcc/x86_64-linux-gnu/7/../../../x86_64-linux-gnu/Scrt1.o
 .rela.data.rel.local
                0x0000000000006b28      0x630 /usr/lib/gcc/x86_64-linux-gnu/7/../../../x86_64-linux-gnu/Scrt1.o
 .rela.data.rel.ro.local
                0x0000000000007158      0x2d0 /usr/lib/gcc/x86_64-linux-gnu/7/../../../x86_64-linux-gnu/Scrt1.o
 *(.rela.tdata .rela.tdata.* .rela.gnu.linkonce.td.*)
 *(.rela.tbss .rela.tbss.* .rela.gnu.linkonce.tb.*)
 *(.rela.ctors)
 *(.rela.dtors)
 *(.rela.got)
 .rela.got      0x0000000000007428       0x78 /usr/lib/gcc/x86_64-linux-gnu/7/../../../x86_64-linux-gnu/Scrt1.o
 *(.rela.bss .rela.bss.* .rela.gnu.linkonce.b.*)
 .rela.bss      0x00000000000074a0       0x30 /usr/lib/gcc/x86_64-linux-gnu/7/../../../x86_64-linux-gnu/Scrt1.o
 *(.rela.ldata .rela.ldata.* .rela.gnu.linkonce.l.*)
 *(.rela.lbss .rela.lbss.* .rela.gnu.linkonce.lb.*)
 *(.rela.lrodata .rela.lrodata.* .rela.gnu.linkonce.lr.*)
 *(.rela.ifunc)
 .rela.ifunc    0x00000000000074d0        0x0 /usr/lib/gcc/x86_64-linux-gnu/7/../../../x86_64-linux-gnu/Scrt1.o
 .rela.fini_array
                0x00000000000074d0       0x18 /usr/lib/gcc/x86_64-linux-gnu/7/../../../x86_64-linux-gnu/Scrt1.o
 .rela.init_array
                0x00000000000074e8       0x18 /usr/lib/gcc/x86_64-linux-gnu/7/../../../x86_64-linux-gnu/Scrt1.o

.rela.plt       0x0000000000007500      0x378
 *(.rela.plt)
 .rela.plt      0x0000000000007500      0x378 /usr/lib/gcc/x86_64-linux-gnu/7/../../../x86_64-linux-gnu/Scrt1.o
                [!provide]                        PROVIDE (__rela_iplt_start = .)
 *(.rela.iplt)
                [!provide]                        PROVIDE (__rela_iplt_end = .)

.init           0x0000000000007878       0x17
 *(SORT_NONE(.init))
 .init          0x0000000000007878       0x12 /usr/lib/gcc/x86_64-linux-gnu/7/../../../x86_64-linux-gnu/crti.o
                0x0000000000007878                _init
 .init          0x000000000000788a        0x5 /usr/lib/gcc/x86_64-linux-gnu/7/../../../x86_64-linux-gnu/crtn.o

.plt            0x0000000000007890      0x260
 *(.plt)
 .plt           0x0000000000007890      0x260 /usr/lib/gcc/x86_64-linux-gnu/7/../../../x86_64-linux-gnu/Scrt1.o
 *(.iplt)

.plt.got        0x0000000000007af0        0x8
 *(.plt.got)
 .plt.got       0x0000000000007af0        0x8 /usr/lib/gcc/x86_64-linux-gnu/7/../../../x86_64-linux-gnu/Scrt1.o

.plt.sec
 *(.plt.sec)

.text           0x0000000000007b00     0xc0de
 *(.text.unlikely .text.*_unlikely .text.unlikely.*)
 *(.text.exit .text.exit.*)
 *(.text.startup .text.startup.*)
 .text.startup  0x0000000000007b00      0x367 build/native///contiki-ng-native.a(contiki-main.o)
                0x0000000000007b00                main
 *(.text.hot .text.hot.*)
 *(.text .stub .text.* .gnu.linkonce.t.*)
 *fill*         0x0000000000007e67        0x9 
 .text          0x0000000000007e70       0x2b /usr/lib/gcc/x86_64-linux-gnu/7/../../../x86_64-linux-gnu/Scrt1.o
                0x0000000000007e70                _start
 .text          0x0000000000007e9b        0x0 /usr/lib/gcc/x86_64-linux-gnu/7/../../../x86_64-linux-gnu/crti.o
 *fill*         0x0000000000007e9b        0x5 
 .text          0x0000000000007ea0       0xda /usr/lib/gcc/x86_64-linux-gnu/7/crtbeginS.o
 *fill*         0x0000000000007f7a        0x6 
 .text          0x0000000000007f80      0x118 demo-sensor.o
 *fill*         0x0000000000008098        0x8 
 .text          0x00000000000080a0      0x182 build/native///obj/mysensor.o
                0x00000000000080a0                random_value
                0x00000000000080f0                read_temperature
                0x0000000000008190                read_humidity
 .text          0x0000000000008222        0x0 build/native///contiki-ng-native.a(contiki-main.o)
 *fill*         0x0000000000008222        0xe 
 .text          0x0000000000008230       0x54 build/native///contiki-ng-native.a(autostart.o)
                0x0000000000008230                autostart_start
                0x0000000000008260                autostart_exit
 *fill*         0x0000000000008284        0xc 
 .text          0x0000000000008290      0x364 build/native///contiki-ng-native.a(ctimer.o)
                0x00000000000083b0                ctimer_init
                0x00000000000083e0                ctimer_set_with_process
                0x0000000000008450                ctimer_set
                0x0000000000008460                ctimer_reset
                0x00000000000084d0                ctimer_restart
                0x0000000000008540                ctimer_stop
                0x00000000000085a0                ctimer_expired
 *fill*         0x00000000000085f4        0xc 
 .text          0x0000000000008600      0x3b8 build/native///contiki-ng-native.a(log.o)
                0x0000000000008600                log_6addr
                0x0000000000008660                log_6addr_compact_snprint
                0x00000000000086e0                log_6addr_compact
                0x0000000000008740                log_lladdr
                0x00000000000087e0                log_lladdr_compact
                0x0000000000008830                log_set_level
                0x00000000000088c0                log_get_level
                0x0000000000008950                log_level_to_str
 *fill*         0x00000000000089b8        0x8 
 .text          0x00000000000089c0       0x23 build/native///contiki-ng-native.a(energest.o)
                0x00000000000089c0                energest_init
                0x00000000000089d0                energest_flush
                0x00000000000089e0                energest_get_total_time
 *fill*         0x00000000000089e3        0xd 
 .text          0x00000000000089f0      0x44d build/native///contiki-ng-native.a(etimer.o)
                0x0000000000008c90                etimer_request_poll
                0x0000000000008ca0                etimer_set
                0x0000000000008cc0                etimer_reset_with_new_interval
                0x0000000000008cf0                etimer_reset
                0x0000000000008d10                etimer_restart
                0x0000000000008d30                etimer_adjust
                0x0000000000008d60                etimer_expired
                0x0000000000008d70                etimer_expiration_time
                0x0000000000008d80                etimer_start_time
                0x0000000000008d90                etimer_pending
                0x0000000000008da0                etimer_next_expiration_time
                0x0000000000008dc0                etimer_stop
 *fill*         0x0000000000008e3d        0x3 
 .text          0x0000000000008e40       0x1b build/native///contiki-ng-native.a(node-id.o)
                0x0000000000008e40                node_id_init
 *fill*         0x0000000000008e5b        0x5 
 .text          0x0000000000008e60      0x44a build/native///contiki-ng-native.a(process.o)
                0x0000000000009020                process_alloc_event
                0x0000000000009040                process_start
                0x00000000000090b0                process_exit
                0x00000000000090c0                process_init
                0x00000000000090f0                process_run
                0x00000000000091e0                process_nevents
                0x0000000000009200                process_post
                0x0000000000009250                process_post_synch
                0x0000000000009270                process_poll
                0x00000000000092a0                process_is_running
 *fill*         0x00000000000092aa        0x6 
 .text          0x00000000000092b0       0xaa build/native///contiki-ng-native.a(rtimer.o)
                0x00000000000092b0                rtimer_init
                0x00000000000092c0                rtimer_set
                0x0000000000009310                rtimer_run_next
 *fill*         0x000000000000935a        0x6 
 .text          0x0000000000009360       0x95 build/native///contiki-ng-native.a(timer.o)
                0x0000000000009360                timer_set
                0x0000000000009380                timer_reset
                0x00000000000093b0                timer_restart
                0x00000000000093c0                timer_expired
                0x00000000000093e0                timer_remaining
 *fill*         0x00000000000093f5        0xb 
 .text          0x0000000000009400      0x343 build/native///contiki-ng-native.a(list.o)
                0x0000000000009400                list_init
                0x0000000000009410                list_head
                0x0000000000009420                list_copy
                0x0000000000009430                list_tail
                0x0000000000009450                list_add
                0x00000000000094d0                list_push
                0x0000000000009540                list_chop
                0x0000000000009580                list_pop
                0x0000000000009590                list_remove
                0x0000000000009600                list_length
                0x0000000000009630                list_insert
                0x00000000000096f0                list_item_next
                0x0000000000009710                list_contains
 *fill*         0x0000000000009743        0xd 
 .text          0x0000000000009750      0x202 build/native///contiki-ng-native.a(queuebuf.o)
                0x0000000000009750                queuebuf_init
                0x0000000000009770                queuebuf_numfree
                0x0000000000009780                queuebuf_new_from_packetbuf
                0x0000000000009800                queuebuf_update_attr_from_packetbuf
                0x0000000000009820                queuebuf_update_from_packetbuf
                0x0000000000009850                queuebuf_free
                0x0000000000009890                queuebuf_to_packetbuf
                0x00000000000098e0                queuebuf_dataptr
                0x0000000000009910                queuebuf_datalen
                0x0000000000009920                queuebuf_addr
                0x0000000000009940                queuebuf_attr
                0x0000000000009950                queuebuf_debug_print
 *fill*         0x0000000000009952        0xe 
 .text          0x0000000000009960      0x3e3 build/native///contiki-ng-native.a(packetbuf.o)
                0x0000000000009960                packetbuf_copyto
                0x0000000000009a40                packetbuf_hdralloc
                0x0000000000009ab0                packetbuf_hdrreduce
                0x0000000000009ae0                packetbuf_set_datalen
                0x0000000000009af0                packetbuf_dataptr
                0x0000000000009b10                packetbuf_hdrptr
                0x0000000000009b20                packetbuf_datalen
                0x0000000000009b30                packetbuf_hdrlen
                0x0000000000009b40                packetbuf_totlen
                0x0000000000009b60                packetbuf_remaininglen
                0x0000000000009b80                packetbuf_attr_clear
                0x0000000000009bd0                packetbuf_clear
                0x0000000000009bf0                packetbuf_copyfrom
                0x0000000000009c50                packetbuf_attr_copyto
                0x0000000000009c80                packetbuf_attr_copyfrom
                0x0000000000009cb0                packetbuf_set_attr
                0x0000000000009cd0                packetbuf_attr
                0x0000000000009ce0                packetbuf_set_addr
                0x0000000000009d10                packetbuf_addr
                0x0000000000009d30                packetbuf_holds_broadcast
 *fill*         0x0000000000009d43        0xd 
 .text          0x0000000000009d50       0xba build/native///contiki-ng-native.a(netstack.o)
                0x0000000000009d50                netstack_process_ip_callback
                0x0000000000009dc0                netstack_ip_packet_processor_add
                0x0000000000009de0                uip_ds6_ip_packet_processor_rm
                0x0000000000009df0                netstack_init
 *fill*         0x0000000000009e0a        0x6 
 .text          0x0000000000009e10       0x2b build/native///contiki-ng-native.a(linkaddr.o)
                0x0000000000009e10                linkaddr_copy
                0x0000000000009e20                linkaddr_cmp
                0x0000000000009e30                linkaddr_set_node_addr
 *fill*         0x0000000000009e3b        0x5 
 .text          0x0000000000009e40       0x52 build/native///contiki-ng-native.a(nullmac.o)
 *fill*         0x0000000000009e92        0xe 
 .text          0x0000000000009ea0      0xa6f build/native///contiki-ng-native.a(uip-ds6.o)
                0x0000000000009f60                uip_ds6_list_loop
                0x0000000000009fa0                uip_ds6_prefix_add
                0x000000000000a050                uip_ds6_prefix_rm
                0x000000000000a060                uip_ds6_prefix_lookup
                0x000000000000a0c0                uip_ds6_is_addr_onlink
                0x000000000000a130                uip_ds6_addr_lookup
                0x000000000000a190                uip_ds6_get_link_local
                0x000000000000a200                uip_ds6_get_global
                0x000000000000a270                uip_ds6_maddr_add
                0x000000000000a2d0                uip_ds6_addr_add
                0x000000000000a3c0                uip_ds6_maddr_rm
                0x000000000000a3d0                uip_ds6_maddr_lookup
                0x000000000000a490                uip_ds6_addr_rm
                0x000000000000a4b0                uip_ds6_periodic
                0x000000000000a530                uip_ds6_aaddr_add
                0x000000000000a590                uip_ds6_aaddr_rm
                0x000000000000a5a0                uip_ds6_aaddr_lookup
                0x000000000000a600                uip_ds6_select_src
                0x000000000000a740                uip_ds6_set_addr_iid
                0x000000000000a750                uip_ds6_set_lladdr_from_iid
                0x000000000000a760                get_match_length
                0x000000000000a7b0                uip_ds6_compute_reachable_time
                0x000000000000a7f0                uip_ds6_init
 *fill*         0x000000000000a90f        0x1 
 .text          0x000000000000a910      0x575 build/native///contiki-ng-native.a(tcpip.o)
                0x000000000000a910                tcpip_output
                0x000000000000a940                udp_attach
                0x000000000000a950                udp_new
                0x000000000000a980                udp_broadcast_new
                0x000000000000aa00                tcpip_input
                0x000000000000aa30                tcpip_ipv6_output
                0x000000000000ae20                tcpip_poll_udp
                0x000000000000ae40                tcpip_uipcall
 *fill*         0x000000000000ae85        0xb 
 .text          0x000000000000ae90      0xc2e build/native///contiki-ng-native.a(uip6.o)
                0x000000000000b070                uip_chksum
                0x000000000000b090                uip_icmp6chksum
                0x000000000000b0a0                uip_udpchksum
                0x000000000000b0b0                uip_init
                0x000000000000b130                uip_remove_ext_hdr
                0x000000000000b1d0                uip_udp_new
                0x000000000000b290                uip_process
                0x000000000000ba00                uip_htons
                0x000000000000ba10                uip_htonl
                0x000000000000ba30                uip_send
 *fill*         0x000000000000babe        0x2 
 .text          0x000000000000bac0      0x2e2 build/native///contiki-ng-native.a(uip-ds6-nbr.o)
                0x000000000000baf0                uip_ds6_nbr_rm
                0x000000000000bb10                uip_ds6_neighbors_init
                0x000000000000bb30                uip_ds6_nbr_add
                0x000000000000bb80                uip_ds6_nbr_update_ll
                0x000000000000bc50                uip_ds6_nbr_get_ipaddr
                0x000000000000bc60                uip_ds6_nbr_get_ll
                0x000000000000bc70                uip_ds6_nbr_num
                0x000000000000bcb0                uip_ds6_nbr_head
                0x000000000000bcc0                uip_ds6_nbr_next
                0x000000000000bcd0                uip_ds6_nbr_lookup
                0x000000000000bd50                uip_ds6_nbr_ll_lookup
                0x000000000000bd60                uip_ds6_nbr_ipaddr_from_lladdr
                0x000000000000bd70                uip_ds6_nbr_lladdr_from_ipaddr
                0x000000000000bda0                uip_ds6_link_callback
 *fill*         0x000000000000bda2        0xe 
 .text          0x000000000000bdb0      0x45c build/native///contiki-ng-native.a(uip-nd6.o)
                0x000000000000c200                uip_nd6_init
 *fill*         0x000000000000c20c        0x4 
 .text          0x000000000000c210      0x2ea build/native///contiki-ng-native.a(uip-ds6-route.o)
                0x000000000000c210                uip_ds6_route_init
                0x000000000000c230                uip_ds6_route_nexthop
                0x000000000000c240                uip_ds6_route_head
                0x000000000000c250                uip_ds6_route_next
                0x000000000000c260                uip_ds6_route_is_nexthop
                0x000000000000c270                uip_ds6_route_num_routes
                0x000000000000c280                uip_ds6_route_lookup
                0x000000000000c290                uip_ds6_route_add
                0x000000000000c2a0                uip_ds6_route_rm
                0x000000000000c2b0                uip_ds6_route_rm_by_nexthop
                0x000000000000c2c0                uip_ds6_defrt_head
                0x000000000000c2d0                uip_ds6_defrt_rm
                0x000000000000c330                uip_ds6_defrt_lookup
                0x000000000000c380                uip_ds6_defrt_add
                0x000000000000c430                uip_ds6_defrt_choose
                0x000000000000c490                uip_ds6_defrt_periodic
 *fill*         0x000000000000c4fa        0x6 
 .text          0x000000000000c500      0x4a9 build/native///contiki-ng-native.a(uiplib.o)
                0x000000000000c500                uiplib_ip6addrconv
                0x000000000000c700                uiplib_ip4addrconv
                0x000000000000c780                uiplib_ipaddr_snprint
                0x000000000000c950                uiplib_ipaddr_print
 *fill*         0x000000000000c9a9        0x7 
 .text          0x000000000000c9b0      0x498 build/native///contiki-ng-native.a(rpl.o)
                0x000000000000c9b0                rpl_has_joined
                0x000000000000c9d0                rpl_is_reachable
                0x000000000000cb30                rpl_link_callback
                0x000000000000cb90                rpl_lollipop_greater_than
                0x000000000000cbe0                rpl_get_global_address
                0x000000000000ccb0                rpl_reset_prefix
                0x000000000000cd10                rpl_set_prefix_from_addr
                0x000000000000cdf0                rpl_set_prefix
                0x000000000000ce30                rpl_set_leaf_only
                0x000000000000ce40                rpl_get_leaf_only
 *fill*         0x000000000000ce48        0x8 
 .text          0x000000000000ce50      0x211 build/native///contiki-ng-native.a(rpl-dag-root.o)
                0x000000000000cec0                rpl_dag_root_print_links
                0x000000000000cf60                rpl_dag_root_set_prefix
                0x000000000000cf90                rpl_dag_root_start
                0x000000000000d040                rpl_dag_root_is_root
 *fill*         0x000000000000d061        0xf 
 .text          0x000000000000d070      0x41d build/native///contiki-ng-native.a(platform.o)
                0x000000000000d0e0                select_set_callback
                0x000000000000d170                platform_process_args
                0x000000000000d180                platform_init_stage_one
                0x000000000000d1a0                platform_init_stage_two
                0x000000000000d1f0                platform_init_stage_three
                0x000000000000d2f0                platform_main_loop
                0x000000000000d450                log_message
                0x000000000000d470                uip_log
 *fill*         0x000000000000d48d        0x3 
 .text          0x000000000000d490       0xc2 build/native///contiki-ng-native.a(clock.o)
                0x000000000000d490                clock_time
                0x000000000000d500                clock_seconds
                0x000000000000d540                clock_delay
                0x000000000000d550                clock_init
 *fill*         0x000000000000d552        0xe 
 .text          0x000000000000d560      0x51f build/native///contiki-ng-native.a(tun6-net.o)
 *fill*         0x000000000000da7f        0x1 
 .text          0x000000000000da80       0xc1 build/native///contiki-ng-native.a(rtimer-arch.o)
                0x000000000000daa0                rtimer_arch_init
                0x000000000000dac0                rtimer_arch_schedule
 *fill*         0x000000000000db41        0xf 
 .text          0x000000000000db50       0x4e build/native///contiki-ng-native.a(watchdog.o)
                0x000000000000db50                watchdog_init
                0x000000000000db60                watchdog_start
                0x000000000000db70                watchdog_periodic
                0x000000000000db80                watchdog_stop
                0x000000000000db90                watchdog_reboot
 *fill*         0x000000000000db9e        0x2 
 .text          0x000000000000dba0       0xbe build/native///contiki-ng-native.a(stimer.o)
                0x000000000000dba0                stimer_set
                0x000000000000dbc0                stimer_reset
                0x000000000000dbf0                stimer_restart
                0x000000000000dc00                stimer_expired
                0x000000000000dc30                stimer_remaining
                0x000000000000dc50                stimer_elapsed
 *fill*         0x000000000000dc5e        0x2 
 .text          0x000000000000dc60      0x378 build/native///contiki-ng-native.a(button-hal.o)
                0x000000000000ddb0                button_hal_get_by_id
                0x000000000000ddf0                button_hal_get_by_index
                0x000000000000de20                button_hal_get_state
                0x000000000000df00                button_hal_init
 *fill*         0x000000000000dfd8        0x8 
 .text          0x000000000000dfe0      0x1ce build/native///contiki-ng-native.a(serial-line.o)
                0x000000000000e100                serial_line_input_byte
                0x000000000000e180                serial_line_init
 *fill*         0x000000000000e1ae        0x2 
 .text          0x000000000000e1b0       0x83 build/native///contiki-ng-native.a(leds.o)
                0x000000000000e1b0                leds_init
                0x000000000000e1c0                leds_single_on
                0x000000000000e1d0                leds_single_off
                0x000000000000e1e0                leds_single_toggle
                0x000000000000e1f0                leds_on
                0x000000000000e200                leds_off
                0x000000000000e210                leds_toggle
                0x000000000000e220                leds_set
                0x000000000000e230                leds_get
 *fill*         0x000000000000e233        0xd 
 .text          0x000000000000e240       0xd3 build/native///contiki-ng-native.a(nullradio.o)
 *fill*         0x000000000000e313        0xd 
 .text          0x000000000000e320       0xc4 build/native///contiki-ng-native.a(gpio-hal.o)
                0x000000000000e320                gpio_hal_register_handler
                0x000000000000e330                gpio_hal_event_handler
                0x000000000000e380                gpio_hal_init
                0x000000000000e3a0                gpio_hal_arch_toggle_pin
                0x000000000000e3d0                gpio_hal_arch_toggle_pins
 *fill*         0x000000000000e3e4        0xc 
 .text          0x000000000000e3f0      0x16b build/native///contiki-ng-native.a(memb.o)
                0x000000000000e3f0                memb_init
                0x000000000000e420                memb_alloc
                0x000000000000e480                memb_free
                0x000000000000e4f0                memb_inmemb
                0x000000000000e520                memb_numfree
 *fill*         0x000000000000e55b        0x5 
 .text          0x000000000000e560       0x1e build/native///contiki-ng-native.a(random.o)
                0x000000000000e560                random_init
                0x000000000000e570                random_rand
 *fill*         0x000000000000e57e        0x2 
 .text          0x000000000000e580       0xb1 build/native///contiki-ng-native.a(ringbuf.o)
                0x000000000000e580                ringbuf_init
                0x000000000000e590                ringbuf_put
                0x000000000000e5d0                ringbuf_get
                0x000000000000e610                ringbuf_size
                0x000000000000e620                ringbuf_elements
 *fill*         0x000000000000e631        0xf 
 .text          0x000000000000e640      0x6d3 build/native///contiki-ng-native.a(nbr-table.o)
                0x000000000000e6c0                nbr_table_register
                0x000000000000e720                nbr_table_is_registered
                0x000000000000e750                nbr_table_next
                0x000000000000e7f0                nbr_table_head
                0x000000000000e870                nbr_table_add_lladdr
                0x000000000000eb70                nbr_table_get_from_lladdr
                0x000000000000ebd0                nbr_table_remove
                0x000000000000ec50                nbr_table_lock
                0x000000000000ec90                nbr_table_unlock
                0x000000000000ecd0                nbr_table_get_lladdr
 *fill*         0x000000000000ed13        0xd 
 .text          0x000000000000ed20      0x3a0 build/native///contiki-ng-native.a(link-stats.o)
                0x000000000000ed60                link_stats_from_lladdr
                0x000000000000ed70                link_stats_get_lladdr
                0x000000000000ed80                link_stats_is_fresh
                0x000000000000edc0                guess_etx_from_rssi
                0x000000000000ee10                link_stats_packet_sent
                0x000000000000ef70                link_stats_input_callback
                0x000000000000f040                link_stats_reset
                0x000000000000f090                link_stats_init
 .text          0x000000000000f0c0      0x381 build/native///contiki-ng-native.a(uipbuf.o)
                0x000000000000f0c0                uipbuf_clear
                0x000000000000f100                uipbuf_add_ext_hdr
                0x000000000000f130                uipbuf_set_len
                0x000000000000f150                uipbuf_set_len_field
                0x000000000000f160                uipbuf_get_len_field
                0x000000000000f170                uipbuf_get_next_header
                0x000000000000f220                uipbuf_get_last_header
                0x000000000000f2a0                uipbuf_search_header
                0x000000000000f360                uipbuf_get_attr
                0x000000000000f380                uipbuf_set_attr
                0x000000000000f3a0                uipbuf_set_default_attr
                0x000000000000f3c0                uipbuf_clear_attr
                0x000000000000f3e0                uipbuf_set_attr_flag
                0x000000000000f3f0                uipbuf_clr_attr_flag
                0x000000000000f400                uipbuf_is_attr_flag
                0x000000000000f420                uipbuf_init
 *fill*         0x000000000000f441        0xf 
 .text          0x000000000000f450      0x49e build/native///contiki-ng-native.a(uip-icmp6.o)
                0x000000000000f590                uip_icmp6_input
                0x000000000000f600                uip_icmp6_register_input_handler
                0x000000000000f610                uip_icmp6_error_output
                0x000000000000f7d0                uip_icmp6_send
                0x000000000000f880                uip_icmp6_echo_reply_callback_add
                0x000000000000f8b0                uip_icmp6_echo_reply_callback_rm
                0x000000000000f8c0                uip_icmp6_init
 *fill*         0x000000000000f8ee        0x2 
 .text          0x000000000000f8f0      0x5ab build/native///contiki-ng-native.a(uip-sr.o)
                0x000000000000f950                uip_sr_num_nodes
                0x000000000000f960                uip_sr_get_node
                0x000000000000f9d0                uip_sr_is_addr_reachable
                0x000000000000fa80                uip_sr_expire_parent
                0x000000000000fad0                uip_sr_update_node
                0x000000000000fbe0                uip_sr_init
                0x000000000000fc10                uip_sr_node_head
                0x000000000000fc20                uip_sr_node_next
                0x000000000000fc30                uip_sr_periodic
                0x000000000000fd00                uip_sr_free_all
                0x000000000000fd60                uip_sr_link_snprint
 *fill*         0x000000000000fe9b        0x5 
 .text          0x000000000000fea0      0x121 build/native///contiki-ng-native.a(uip-packetqueue)
                0x000000000000fec0                uip_packetqueue_new
                0x000000000000fed0                uip_packetqueue_alloc
                0x000000000000ff30                uip_packetqueue_free
                0x000000000000ff70                uip_packetqueue_buf
                0x000000000000ff90                uip_packetqueue_buflen
                0x000000000000ffb0                uip_packetqueue_set_buflen
 *fill*         0x000000000000ffc1        0xf 
 .text          0x000000000000ffd0      0xc18 build/native///contiki-ng-native.a(rpl-icmp6.o)
                0x00000000000105b0                rpl_icmp6_update_nbr_table
                0x0000000000010600                rpl_icmp6_dis_output
                0x0000000000010640                rpl_icmp6_dio_output
                0x0000000000010a60                rpl_icmp6_dao_output
                0x0000000000010b50                rpl_icmp6_dao_ack_output
                0x0000000000010bb0                rpl_icmp6_init
 *fill*         0x0000000000010be8        0x8 
 .text          0x0000000000010bf0      0x883 build/native///contiki-ng-native.a(rpl-neighbor.o)
                0x0000000000010c40                rpl_neighbor_count
                0x0000000000010c80                rpl_neighbor_get_from_lladdr
                0x0000000000010c90                rpl_neighbor_is_acceptable_parent
                0x0000000000010cc0                rpl_neighbor_get_link_metric
                0x0000000000010cf0                rpl_neighbor_rank_via_nbr
                0x0000000000010d20                rpl_neighbor_get_lladdr
                0x0000000000010d30                rpl_neighbor_get_ipaddr
                0x0000000000010d50                rpl_neighbor_get_link_stats
                0x0000000000010e60                rpl_neighbor_snprint
                0x00000000000111c0                rpl_neighbor_print_list
                0x0000000000011250                rpl_neighbor_is_fresh
                0x0000000000011270                rpl_neighbor_is_reachable
                0x00000000000112c0                rpl_neighbor_is_parent
                0x00000000000112e0                rpl_neighbor_set_preferred_parent
                0x0000000000011350                rpl_neighbor_remove_all
                0x0000000000011390                rpl_neighbor_get_from_ipaddr
                0x00000000000113c0                rpl_neighbor_select_best
                0x0000000000011460                rpl_neighbor_init
 *fill*         0x0000000000011473        0xd 
 .text          0x0000000000011480      0xca5 build/native///contiki-ng-native.a(rpl-dag.o)
                0x0000000000011890                rpl_dag_state_to_str
                0x00000000000118d0                rpl_dag_get_root_ipaddr
                0x0000000000011900                rpl_dag_leave
                0x0000000000011970                rpl_dag_poison_and_leave
                0x0000000000011980                rpl_dag_periodic
                0x0000000000011a00                rpl_is_addr_in_our_dag
                0x0000000000011a50                rpl_get_default_instance
                0x0000000000011a70                rpl_get_any_dag
                0x0000000000011a90                rpl_refresh_routes
                0x0000000000011ac0                rpl_global_repair
                0x0000000000011af0                rpl_local_repair
                0x0000000000011b10                rpl_dag_ready_to_advertise
                0x0000000000011b40                rpl_dag_update_state
                0x0000000000011b60                rpl_process_dio
                0x0000000000011e50                rpl_process_dis
                0x0000000000011e90                rpl_process_dao
                0x0000000000011f10                rpl_process_dao_ack
                0x0000000000011fa0                rpl_process_hbh
                0x0000000000012000                rpl_dag_init_root
                0x0000000000012110                rpl_dag_init
 *fill*         0x0000000000012125        0xb 
 .text          0x0000000000012130      0x937 build/native///contiki-ng-native.a(rpl-timers.o)
                0x0000000000012460                rpl_timers_schedule_periodic_dis
                0x0000000000012580                rpl_timers_dio_reset
                0x00000000000125c0                rpl_timers_schedule_unicast_dio
                0x00000000000125f0                rpl_timers_schedule_dao
                0x0000000000012670                rpl_timers_schedule_dao_ack
                0x00000000000126b0                get_probing_delay
                0x00000000000126d0                get_probing_target
                0x0000000000012890                rpl_schedule_probing
                0x00000000000128b0                rpl_schedule_probing_now
                0x0000000000012900                rpl_timers_unschedule_leaving
                0x0000000000012940                rpl_timers_schedule_leaving
                0x0000000000012990                rpl_timers_init
                0x00000000000129c0                rpl_timers_stop_dag_timers
                0x0000000000012a20                rpl_timers_unschedule_state_update
                0x0000000000012a40                rpl_timers_schedule_state_update
 *fill*         0x0000000000012a67        0x9 
 .text          0x0000000000012a70      0xb0e build/native///contiki-ng-native.a(rpl-ext-header.)
                0x0000000000012ae0                rpl_ext_header_srh_get_next_hop
                0x0000000000012b80                rpl_ext_header_srh_update
                0x0000000000012dd0                rpl_ext_header_hbh_update
                0x0000000000012e90                rpl_ext_header_remove
                0x0000000000013000                rpl_ext_header_update
 *fill*         0x000000000001357e        0x2 
 .text          0x0000000000013580      0x12e build/native///contiki-ng-native.a(rpl-nbr-policy.)
                0x0000000000013620                rpl_nbr_policy_find_removable
 *fill*         0x00000000000136ae        0x2 
 .text          0x00000000000136b0      0x27d build/native///contiki-ng-native.a(rpl-mrhof.o)
 .text          0x000000000001392d        0x0 build/native///contiki-ng-native.a(buttons.o)
 *fill*         0x000000000001392d        0x3 
 .text          0x0000000000013930       0x4c build/native///contiki-ng-native.a(int-master.o)
                0x0000000000013930                int_master_enable
                0x0000000000013940                int_master_read_and_disable
                0x0000000000013960                int_master_status_set
                0x0000000000013970                int_master_is_enabled
 *fill*         0x000000000001397c        0x4 
 .text          0x0000000000013980      0x1cb build/native///contiki-ng-native.a(gpio-hal-arch.o)
                0x0000000000013980                gpio_hal_arch_init
                0x0000000000013990                gpio_hal_arch_interrupt_enable
                0x00000000000139a0                gpio_hal_arch_interrupt_disable
                0x00000000000139b0                gpio_hal_arch_pin_cfg_set
                0x00000000000139d0                gpio_hal_arch_pin_cfg_get
                0x00000000000139f0                gpio_hal_arch_pin_set_input
                0x0000000000013a00                gpio_hal_arch_pin_set_output
                0x0000000000013a10                gpio_hal_arch_set_pin
                0x0000000000013a30                gpio_hal_arch_clear_pin
                0x0000000000013a50                gpio_hal_arch_read_pin
                0x0000000000013a70                gpio_hal_arch_write_pin
                0x0000000000013a90                gpio_hal_arch_set_pins
                0x0000000000013ac0                gpio_hal_arch_clear_pins
                0x0000000000013af0                gpio_hal_arch_read_pins
                0x0000000000013b20                gpio_hal_arch_write_pins
 *fill*         0x0000000000013b4b        0x5 
 .text          0x0000000000013b50       0x72 /usr/lib/x86_64-linux-gnu/libc_nonshared.a(elf-init.oS)
                0x0000000000013b50                __libc_csu_init
                0x0000000000013bc0                __libc_csu_fini
 *fill*         0x0000000000013bc2        0xe 
 .text          0x0000000000013bd0        0xe /usr/lib/x86_64-linux-gnu/libc_nonshared.a(atexit.oS)
                0x0000000000013bd0                atexit
 .text          0x0000000000013bde        0x0 /usr/lib/gcc/x86_64-linux-gnu/7/crtendS.o
 .text          0x0000000000013bde        0x0 /usr/lib/gcc/x86_64-linux-gnu/7/../../../x86_64-linux-gnu/crtn.o
 *(.gnu.warning)

.fini           0x0000000000013be0        0x9
 *(SORT_NONE(.fini))
 .fini          0x0000000000013be0        0x4 /usr/lib/gcc/x86_64-linux-gnu/7/../../../x86_64-linux-gnu/crti.o
                0x0000000000013be0                _fini
 .fini          0x0000000000013be4        0x5 /usr/lib/gcc/x86_64-linux-gnu/7/../../../x86_64-linux-gnu/crtn.o
                [!provide]                        PROVIDE (__etext = .)
                [!provide]                        PROVIDE (_etext = .)
                [!provide]                        PROVIDE (etext = .)

.rodata         0x0000000000013bf0      0x599
 *(.rodata .rodata.* .gnu.linkonce.r.*)
 .rodata.cst4   0x0000000000013bf0        0x4 /usr/lib/gcc/x86_64-linux-gnu/7/../../../x86_64-linux-gnu/Scrt1.o
                0x0000000000013bf0                _IO_stdin_used
 .rodata.str1.1
                0x0000000000013bf4       0x3a demo-sensor.o
 *fill*         0x0000000000013c2e        0x2 
 .rodata.cst4   0x0000000000013c30       0x10 build/native///obj/mysensor.o
 .rodata.str1.1
                0x0000000000013c40       0x7a build/native///contiki-ng-native.a(contiki-main.o)
 *fill*         0x0000000000013cba        0x6 
 .rodata.str1.8
                0x0000000000013cc0       0x7c build/native///contiki-ng-native.a(contiki-main.o)
 .rodata.str1.1
                0x0000000000013d3c        0xf build/native///contiki-ng-native.a(ctimer.o)
 .rodata.str1.1
                0x0000000000013d4b       0xa0 build/native///contiki-ng-native.a(log.o)
                                         0xa7 (size before relaxing)
 *fill*         0x0000000000013deb        0x1 
 .rodata        0x0000000000013dec       0x14 build/native///contiki-ng-native.a(log.o)
 .rodata.str1.1
                0x0000000000013e00        0xc build/native///contiki-ng-native.a(etimer.o)
 *fill*         0x0000000000013e0c        0x4 
 .rodata        0x0000000000013e10        0x8 build/native///contiki-ng-native.a(linkaddr.o)
                0x0000000000013e10                linkaddr_null
 .rodata.str1.1
                0x0000000000013e18        0x8 build/native///contiki-ng-native.a(nullmac.o)
 .rodata.str1.1
                0x0000000000013e20        0xd build/native///contiki-ng-native.a(tcpip.o)
 .rodata.str1.1
                0x0000000000013e2d       0x28 build/native///contiki-ng-native.a(uiplib.o)
                                         0x2d (size before relaxing)
 .rodata.str1.1
                0x0000000000013e55        0x9 build/native///contiki-ng-native.a(rpl.o)
 .rodata.str1.1
                0x0000000000013e5e       0x2f build/native///contiki-ng-native.a(platform.o)
                                         0x47 (size before relaxing)
 *fill*         0x0000000000013e8d        0x3 
 .rodata        0x0000000000013e90        0x8 build/native///contiki-ng-native.a(platform.o)
 .rodata.str1.1
                0x0000000000013e98       0xa6 build/native///contiki-ng-native.a(tun6-net.o)
                                         0xb9 (size before relaxing)
 *fill*         0x0000000000013f3e        0x2 
 .rodata.str1.8
                0x0000000000013f40       0xc7 build/native///contiki-ng-native.a(tun6-net.o)
 .rodata.str1.1
                0x0000000000014007       0x13 build/native///contiki-ng-native.a(button-hal.o)
 .rodata.str1.1
                0x000000000001401a        0xe build/native///contiki-ng-native.a(serial-line.o)
 .rodata.str1.1
                0x0000000000014028       0x44 build/native///contiki-ng-native.a(uip-sr.o)
 *fill*         0x000000000001406c        0x4 
 .rodata.str1.8
                0x0000000000014070       0x28 build/native///contiki-ng-native.a(rpl-neighbor.o)
                                         0x22 (size before relaxing)
 .rodata.str1.1
                0x0000000000014098       0x34 build/native///contiki-ng-native.a(rpl-neighbor.o)
                                         0x36 (size before relaxing)
 .rodata.str1.1
                0x00000000000140cc       0xb0 build/native///contiki-ng-native.a(rpl-dag.o)
 .rodata.str1.1
                0x000000000001417c        0xc build/native///contiki-ng-native.a(rpl-timers.o)
 .rodata        0x0000000000014188        0x1 build/native///contiki-ng-native.a(buttons.o)
                0x0000000000014188                button_hal_button_count

.rodata1
 *(.rodata1)

.eh_frame_hdr   0x000000000001418c      0xfac
 *(.eh_frame_hdr)
 .eh_frame_hdr  0x000000000001418c      0xfac /usr/lib/gcc/x86_64-linux-gnu/7/../../../x86_64-linux-gnu/Scrt1.o
                0x000000000001418c                __GNU_EH_FRAME_HDR
 *(.eh_frame_entry .eh_frame_entry.*)

.eh_frame       0x0000000000015138     0x3ba8
 *(.eh_frame)
 .eh_frame      0x0000000000015138       0x30 /usr/lib/gcc/x86_64-linux-gnu/7/../../../x86_64-linux-gnu/Scrt1.o
                                         0x2c (size before relaxing)
 *fill*         0x0000000000015168        0x0 
 .eh_frame      0x0000000000015168       0x40 /usr/lib/gcc/x86_64-linux-gnu/7/../../../x86_64-linux-gnu/Scrt1.o
 .eh_frame      0x00000000000151a8       0x18 /usr/lib/gcc/x86_64-linux-gnu/7/../../../x86_64-linux-gnu/Scrt1.o
                                         0x30 (size before relaxing)
 .eh_frame      0x00000000000151c0       0x30 demo-sensor.o
                                         0x48 (size before relaxing)
 .eh_frame      0x00000000000151f0       0x60 build/native///obj/mysensor.o
                                         0x78 (size before relaxing)
 .eh_frame      0x0000000000015250       0x20 build/native///contiki-ng-native.a(contiki-main.o)
                                         0x38 (size before relaxing)
 .eh_frame      0x0000000000015270       0x38 build/native///contiki-ng-native.a(autostart.o)
                                         0x50 (size before relaxing)
 .eh_frame      0x00000000000152a8      0x118 build/native///contiki-ng-native.a(ctimer.o)
                                        0x130 (size before relaxing)
 .eh_frame      0x00000000000153c0      0x170 build/native///contiki-ng-native.a(log.o)
                                        0x188 (size before relaxing)
 .eh_frame      0x0000000000015530       0x40 build/native///contiki-ng-native.a(energest.o)
                                         0x58 (size before relaxing)
 .eh_frame      0x0000000000015570      0x1b0 build/native///contiki-ng-native.a(etimer.o)
                                        0x1c8 (size before relaxing)
 .eh_frame      0x0000000000015720       0x18 build/native///contiki-ng-native.a(node-id.o)
                                         0x30 (size before relaxing)
 .eh_frame      0x0000000000015738      0x188 build/native///contiki-ng-native.a(process.o)
                                        0x1a0 (size before relaxing)
 .eh_frame      0x00000000000158c0       0x50 build/native///contiki-ng-native.a(rtimer.o)
                                         0x68 (size before relaxing)
 .eh_frame      0x0000000000015910       0x90 build/native///contiki-ng-native.a(timer.o)
                                         0xa8 (size before relaxing)
 .eh_frame      0x00000000000159a0      0x108 build/native///contiki-ng-native.a(list.o)
                                        0x120 (size before relaxing)
 .eh_frame      0x0000000000015aa8      0x138 build/native///contiki-ng-native.a(queuebuf.o)
                                        0x150 (size before relaxing)
 .eh_frame      0x0000000000015be0      0x1c0 build/native///contiki-ng-native.a(packetbuf.o)
                                        0x1d8 (size before relaxing)
 .eh_frame      0x0000000000015da0       0x78 build/native///contiki-ng-native.a(netstack.o)
                                         0x90 (size before relaxing)
 .eh_frame      0x0000000000015e18       0x40 build/native///contiki-ng-native.a(linkaddr.o)
                                         0x58 (size before relaxing)
 .eh_frame      0x0000000000015e58       0x78 build/native///contiki-ng-native.a(nullmac.o)
                                         0x90 (size before relaxing)
 .eh_frame      0x0000000000015ed0      0x390 build/native///contiki-ng-native.a(uip-ds6.o)
                                        0x3a8 (size before relaxing)
 .eh_frame      0x0000000000016260      0x138 build/native///contiki-ng-native.a(tcpip.o)
                                        0x150 (size before relaxing)
 .eh_frame      0x0000000000016398      0x1c0 build/native///contiki-ng-native.a(uip6.o)
                                        0x1d8 (size before relaxing)
 .eh_frame      0x0000000000016558      0x1b8 build/native///contiki-ng-native.a(uip-ds6-nbr.o)
                                        0x1d0 (size before relaxing)
 .eh_frame      0x0000000000016710       0x60 build/native///contiki-ng-native.a(uip-nd6.o)
                                         0x78 (size before relaxing)
 .eh_frame      0x0000000000016770      0x1b0 build/native///contiki-ng-native.a(uip-ds6-route.o)
                                        0x1c8 (size before relaxing)
 .eh_frame      0x0000000000016920       0xc8 build/native///contiki-ng-native.a(uiplib.o)
                                         0xe0 (size before relaxing)
 .eh_frame      0x00000000000169e8      0x1b0 build/native///contiki-ng-native.a(rpl.o)
                                        0x1c8 (size before relaxing)
 .eh_frame      0x0000000000016b98       0x98 build/native///contiki-ng-native.a(rpl-dag-root.o)
                                         0xb0 (size before relaxing)
 .eh_frame      0x0000000000016c30      0x108 build/native///contiki-ng-native.a(platform.o)
                                        0x120 (size before relaxing)
 .eh_frame      0x0000000000016d38       0x60 build/native///contiki-ng-native.a(clock.o)
                                         0x78 (size before relaxing)
 .eh_frame      0x0000000000016d98      0x100 build/native///contiki-ng-native.a(tun6-net.o)
                                        0x118 (size before relaxing)
 .eh_frame      0x0000000000016e98       0x50 build/native///contiki-ng-native.a(rtimer-arch.o)
                                         0x68 (size before relaxing)
 .eh_frame      0x0000000000016ee8       0x68 build/native///contiki-ng-native.a(watchdog.o)
                                         0x80 (size before relaxing)
 .eh_frame      0x0000000000016f50       0xa8 build/native///contiki-ng-native.a(stimer.o)
                                         0xc0 (size before relaxing)
 .eh_frame      0x0000000000016ff8      0x138 build/native///contiki-ng-native.a(button-hal.o)
                                        0x150 (size before relaxing)
 .eh_frame      0x0000000000017130       0x80 build/native///contiki-ng-native.a(serial-line.o)
                                         0x98 (size before relaxing)
 .eh_frame      0x00000000000171b0       0xb8 build/native///contiki-ng-native.a(leds.o)
                                         0xd0 (size before relaxing)
 .eh_frame      0x0000000000017268      0x118 build/native///contiki-ng-native.a(nullradio.o)
                                        0x130 (size before relaxing)
 .eh_frame      0x0000000000017380       0x90 build/native///contiki-ng-native.a(gpio-hal.o)
                                         0xa8 (size before relaxing)
 .eh_frame      0x0000000000017410       0x70 build/native///contiki-ng-native.a(memb.o)
                                         0x88 (size before relaxing)
 .eh_frame      0x0000000000017480       0x30 build/native///contiki-ng-native.a(random.o)
                                         0x48 (size before relaxing)
 .eh_frame      0x00000000000174b0       0x68 build/native///contiki-ng-native.a(ringbuf.o)
                                         0x80 (size before relaxing)
 .eh_frame      0x0000000000017518      0x170 build/native///contiki-ng-native.a(nbr-table.o)
                                        0x188 (size before relaxing)
 .eh_frame      0x0000000000017688      0x130 build/native///contiki-ng-native.a(link-stats.o)
                                        0x148 (size before relaxing)
 .eh_frame      0x00000000000177b8      0x150 build/native///contiki-ng-native.a(uipbuf.o)
                                        0x168 (size before relaxing)
 .eh_frame      0x0000000000017908      0x178 build/native///contiki-ng-native.a(uip-icmp6.o)
                                        0x190 (size before relaxing)
 .eh_frame      0x0000000000017a80      0x210 build/native///contiki-ng-native.a(uip-sr.o)
                                        0x228 (size before relaxing)
 .eh_frame      0x0000000000017c90       0xb8 build/native///contiki-ng-native.a(uip-packetqueue)
                                         0xd0 (size before relaxing)
 .eh_frame      0x0000000000017d48      0x1f0 build/native///contiki-ng-native.a(rpl-icmp6.o)
                                        0x208 (size before relaxing)
 .eh_frame      0x0000000000017f38      0x288 build/native///contiki-ng-native.a(rpl-neighbor.o)
                                        0x2a0 (size before relaxing)
 .eh_frame      0x00000000000181c0      0x340 build/native///contiki-ng-native.a(rpl-dag.o)
                                        0x358 (size before relaxing)
 .eh_frame      0x0000000000018500      0x300 build/native///contiki-ng-native.a(rpl-timers.o)
                                        0x318 (size before relaxing)
 .eh_frame      0x0000000000018800      0x148 build/native///contiki-ng-native.a(rpl-ext-header.)
                                        0x160 (size before relaxing)
 .eh_frame      0x0000000000018948       0x50 build/native///contiki-ng-native.a(rpl-nbr-policy.)
                                         0x68 (size before relaxing)
 .eh_frame      0x0000000000018998      0x150 build/native///contiki-ng-native.a(rpl-mrhof.o)
                                        0x168 (size before relaxing)
 .eh_frame      0x0000000000018ae8       0x50 build/native///contiki-ng-native.a(int-master.o)
                                         0x68 (size before relaxing)
 .eh_frame      0x0000000000018b38      0x130 build/native///contiki-ng-native.a(gpio-hal-arch.o)
                                        0x148 (size before relaxing)
 .eh_frame      0x0000000000018c68       0x60 /usr/lib/x86_64-linux-gnu/libc_nonshared.a(elf-init.oS)
                                         0x78 (size before relaxing)
 .eh_frame      0x0000000000018cc8       0x14 /usr/lib/x86_64-linux-gnu/libc_nonshared.a(atexit.oS)
                                         0x30 (size before relaxing)
 .eh_frame      0x0000000000018cdc        0x4 /usr/lib/gcc/x86_64-linux-gnu/7/crtendS.o
 *(.eh_frame.*)

.gcc_except_table
 *(.gcc_except_table .gcc_except_table.*)

.gnu_extab
 *(.gnu_extab*)

.exception_ranges
 *(.exception_ranges .exception_ranges*)
                0x0000000000219a90                . = DATA_SEGMENT_ALIGN (CONSTANT (MAXPAGESIZE), CONSTANT (COMMONPAGESIZE))

.eh_frame
 *(.eh_frame)
 *(.eh_frame.*)

.gnu_extab
 *(.gnu_extab)

.gcc_except_table
 *(.gcc_except_table .gcc_except_table.*)

.exception_ranges
 *(.exception_ranges .exception_ranges*)

.tdata
 *(.tdata .tdata.* .gnu.linkonce.td.*)

.tbss
 *(.tbss .tbss.* .gnu.linkonce.tb.*)
 *(.tcommon)

.preinit_array  0x0000000000219a90        0x0
                [!provide]                        PROVIDE (__preinit_array_start = .)
 *(.preinit_array)
                [!provide]                        PROVIDE (__preinit_array_end = .)

.init_array     0x0000000000219a90        0x8
                0x0000000000219a90                PROVIDE (__init_array_start = .)
 *(SORT_BY_INIT_PRIORITY(.init_array.*) SORT_BY_INIT_PRIORITY(.ctors.*))
 *(.init_array EXCLUDE_FILE(*crtend?.o *crtend.o *crtbegin?.o *crtbegin.o) .ctors)
 .init_array    0x0000000000219a90        0x8 /usr/lib/gcc/x86_64-linux-gnu/7/crtbeginS.o
                0x0000000000219a98                PROVIDE (__init_array_end = .)

.fini_array     0x0000000000219a98        0x8
                [!provide]                        PROVIDE (__fini_array_start = .)
 *(SORT_BY_INIT_PRIORITY(.fini_array.*) SORT_BY_INIT_PRIORITY(.dtors.*))
 *(.fini_array EXCLUDE_FILE(*crtend?.o *crtend.o *crtbegin?.o *crtbegin.o) .dtors)
 .fini_array    0x0000000000219a98        0x8 /usr/lib/gcc/x86_64-linux-gnu/7/crtbeginS.o
                [!provide]                        PROVIDE (__fini_array_end = .)

.ctors
 *crtbegin.o(.ctors)
 *crtbegin?.o(.ctors)
 *(EXCLUDE_FILE(*crtend?.o *crtend.o) .ctors)
 *(SORT_BY_NAME(.ctors.*))
 *(.ctors)

.dtors
 *crtbegin.o(.dtors)
 *crtbegin?.o(.dtors)
 *(EXCLUDE_FILE(*crtend?.o *crtend.o) .dtors)
 *(SORT_BY_NAME(.dtors.*))
 *(.dtors)

.jcr
 *(.jcr)

.data.rel.ro    0x0000000000219aa0      0x1e0
 *(.data.rel.ro.local* .gnu.linkonce.d.rel.ro.local.*)
 .data.rel.ro.local
                0x0000000000219aa0       0x10 demo-sensor.o
                0x0000000000219aa0                autostart_processes
 *fill*         0x0000000000219ab0       0x10 
 .data.rel.ro.local
                0x0000000000219ac0       0x38 build/native///contiki-ng-native.a(nullmac.o)
                0x0000000000219ac0                nullmac_driver
 *fill*         0x0000000000219af8        0x8 
 .data.rel.ro.local
                0x0000000000219b00       0x10 build/native///contiki-ng-native.a(platform.o)
 *fill*         0x0000000000219b10       0x10 
 .data.rel.ro.local
                0x0000000000219b20       0x30 build/native///contiki-ng-native.a(tun6-net.o)
                0x0000000000219b20                tun6_net_driver
 *fill*         0x0000000000219b50       0x10 
 .data.rel.ro.local
                0x0000000000219b60       0x70 build/native///contiki-ng-native.a(nullradio.o)
                0x0000000000219b60                nullradio_driver
 *(.data.rel.ro .data.rel.ro.* .gnu.linkonce.d.rel.ro.*)
 .data.rel.ro   0x0000000000219bd0        0x0 /usr/lib/gcc/x86_64-linux-gnu/7/../../../x86_64-linux-gnu/Scrt1.o
 *fill*         0x0000000000219bd0       0x10 
 .data.rel.ro   0x0000000000219be0       0xa0 build/native///contiki-ng-native.a(rpl.o)
                0x0000000000219be0                rpl_lite_driver

.dynamic        0x0000000000219c80      0x200
 *(.dynamic)
 .dynamic       0x0000000000219c80      0x200 /usr/lib/gcc/x86_64-linux-gnu/7/../../../x86_64-linux-gnu/Scrt1.o
                0x0000000000219c80                _DYNAMIC

.got            0x0000000000219e80      0x168
 *(.got.plt)
 .got.plt       0x0000000000219e80      0x140 /usr/lib/gcc/x86_64-linux-gnu/7/../../../x86_64-linux-gnu/Scrt1.o
                0x0000000000219e80                _GLOBAL_OFFSET_TABLE_
 *(.igot.plt)
 *(.got)
 .got           0x0000000000219fc0       0x28 /usr/lib/gcc/x86_64-linux-gnu/7/../../../x86_64-linux-gnu/Scrt1.o
 *(.igot)
                0x000000000021a000                . = DATA_SEGMENT_RELRO_END (., 0x0)

.data           0x000000000021a000      0x4e8
 *(.data .data.* .gnu.linkonce.d.*)
 .data          0x000000000021a000        0x4 /usr/lib/gcc/x86_64-linux-gnu/7/../../../x86_64-linux-gnu/Scrt1.o
                0x000000000021a000                data_start
                0x000000000021a000                __data_start
 .data          0x000000000021a004        0x0 /usr/lib/gcc/x86_64-linux-gnu/7/../../../x86_64-linux-gnu/crti.o
 .data          0x000000000021a004        0x0 /usr/lib/gcc/x86_64-linux-gnu/7/crtbeginS.o
 *fill*         0x000000000021a004        0x4 
 .data.rel.local
                0x000000000021a008        0x8 /usr/lib/gcc/x86_64-linux-gnu/7/crtbeginS.o
                0x000000000021a008                __dso_handle
 .data          0x000000000021a010        0x0 demo-sensor.o
 *fill*         0x000000000021a010       0x10 
 .data.rel.local
                0x000000000021a020       0x20 demo-sensor.o
                0x000000000021a020                sensor_process
 .data          0x000000000021a040        0x0 build/native///obj/mysensor.o
 .data          0x000000000021a040        0x0 build/native///contiki-ng-native.a(contiki-main.o)
 .data          0x000000000021a040        0x0 build/native///contiki-ng-native.a(autostart.o)
 .data          0x000000000021a040        0x0 build/native///contiki-ng-native.a(ctimer.o)
 .data.rel.local
                0x000000000021a040       0x20 build/native///contiki-ng-native.a(ctimer.o)
                0x000000000021a040                ctimer_process
 .data          0x000000000021a060        0x4 build/native///contiki-ng-native.a(log.o)
                0x000000000021a060                curr_log_level_main
 *fill*         0x000000000021a064       0x1c 
 .data.rel.local
                0x000000000021a080      0x120 build/native///contiki-ng-native.a(log.o)
                0x000000000021a080                all_modules
 .data          0x000000000021a1a0        0x0 build/native///contiki-ng-native.a(energest.o)
 .data          0x000000000021a1a0        0x0 build/native///contiki-ng-native.a(etimer.o)
 .data.rel.local
                0x000000000021a1a0       0x20 build/native///contiki-ng-native.a(etimer.o)
                0x000000000021a1a0                etimer_process
 .data          0x000000000021a1c0        0x0 build/native///contiki-ng-native.a(node-id.o)
 .data          0x000000000021a1c0        0x0 build/native///contiki-ng-native.a(process.o)
 .data          0x000000000021a1c0        0x0 build/native///contiki-ng-native.a(rtimer.o)
 .data          0x000000000021a1c0        0x0 build/native///contiki-ng-native.a(timer.o)
 .data          0x000000000021a1c0        0x0 build/native///contiki-ng-native.a(list.o)
 .data          0x000000000021a1c0        0x0 build/native///contiki-ng-native.a(queuebuf.o)
 .data.rel.local
                0x000000000021a1c0       0x38 build/native///contiki-ng-native.a(queuebuf.o)
 .data          0x000000000021a1f8        0x0 build/native///contiki-ng-native.a(packetbuf.o)
 .data          0x000000000021a1f8        0x0 build/native///contiki-ng-native.a(netstack.o)
 .data          0x000000000021a1f8        0x0 build/native///contiki-ng-native.a(linkaddr.o)
 .data          0x000000000021a1f8        0x0 build/native///contiki-ng-native.a(nullmac.o)
 .data          0x000000000021a1f8        0x0 build/native///contiki-ng-native.a(uip-ds6.o)
 .data          0x000000000021a1f8        0x0 build/native///contiki-ng-native.a(tcpip.o)
 *fill*         0x000000000021a1f8        0x8 
 .data.rel.local
                0x000000000021a200       0x20 build/native///contiki-ng-native.a(tcpip.o)
                0x000000000021a200                tcpip_process
 .data          0x000000000021a220        0x0 build/native///contiki-ng-native.a(uip6.o)
 .data          0x000000000021a220        0x0 build/native///contiki-ng-native.a(uip-ds6-nbr.o)
 .data.rel.local
                0x000000000021a220       0x18 build/native///contiki-ng-native.a(uip-ds6-nbr.o)
 .data          0x000000000021a238        0x0 build/native///contiki-ng-native.a(uip-nd6.o)
 *fill*         0x000000000021a238        0x8 
 .data.rel.local
                0x000000000021a240       0x18 build/native///contiki-ng-native.a(uip-nd6.o)
 .data          0x000000000021a258        0x0 build/native///contiki-ng-native.a(uip-ds6-route.o)
 *fill*         0x000000000021a258        0x8 
 .data.rel.local
                0x000000000021a260       0x18 build/native///contiki-ng-native.a(uip-ds6-route.o)
 .data          0x000000000021a278        0x0 build/native///contiki-ng-native.a(uiplib.o)
 .data          0x000000000021a278        0x0 build/native///contiki-ng-native.a(rpl.o)
 .data          0x000000000021a278        0x0 build/native///contiki-ng-native.a(rpl-dag-root.o)
 .data          0x000000000021a278        0x0 build/native///contiki-ng-native.a(platform.o)
 .data          0x000000000021a278        0x0 build/native///contiki-ng-native.a(clock.o)
 *fill*         0x000000000021a278        0x8 
 .data          0x000000000021a280       0x60 build/native///contiki-ng-native.a(tun6-net.o)
 .data          0x000000000021a2e0        0x0 build/native///contiki-ng-native.a(rtimer-arch.o)
 .data          0x000000000021a2e0        0x0 build/native///contiki-ng-native.a(watchdog.o)
 .data          0x000000000021a2e0        0x0 build/native///contiki-ng-native.a(stimer.o)
 .data          0x000000000021a2e0        0x0 build/native///contiki-ng-native.a(button-hal.o)
 .data.rel.local
                0x000000000021a2e0       0x20 build/native///contiki-ng-native.a(button-hal.o)
                0x000000000021a2e0                button_hal_process
 .data          0x000000000021a300        0x0 build/native///contiki-ng-native.a(serial-line.o)
 .data.rel.local
                0x000000000021a300       0x20 build/native///contiki-ng-native.a(serial-line.o)
                0x000000000021a300                serial_line_process
 .data          0x000000000021a320        0x0 build/native///contiki-ng-native.a(leds.o)
 .data          0x000000000021a320        0x0 build/native///contiki-ng-native.a(nullradio.o)
 .data          0x000000000021a320        0x0 build/native///contiki-ng-native.a(gpio-hal.o)
 .data          0x000000000021a320        0x0 build/native///contiki-ng-native.a(memb.o)
 .data          0x000000000021a320        0x0 build/native///contiki-ng-native.a(random.o)
 .data          0x000000000021a320        0x0 build/native///contiki-ng-native.a(ringbuf.o)
 .data          0x000000000021a320        0x0 build/native///contiki-ng-native.a(nbr-table.o)
 .data.rel.local
                0x000000000021a320       0x18 build/native///contiki-ng-native.a(nbr-table.o)
 .data          0x000000000021a338        0x0 build/native///contiki-ng-native.a(link-stats.o)
 *fill*         0x000000000021a338        0x8 
 .data.rel.local
                0x000000000021a340       0x18 build/native///contiki-ng-native.a(link-stats.o)
 .data          0x000000000021a358        0x0 build/native///contiki-ng-native.a(uipbuf.o)
 .data          0x000000000021a358        0x0 build/native///contiki-ng-native.a(uip-icmp6.o)
 *fill*         0x000000000021a358        0x8 
 .data.rel.local
                0x000000000021a360       0x38 build/native///contiki-ng-native.a(uip-icmp6.o)
 .data          0x000000000021a398        0x0 build/native///contiki-ng-native.a(uip-sr.o)
 *fill*         0x000000000021a398        0x8 
 .data.rel.local
                0x000000000021a3a0       0x18 build/native///contiki-ng-native.a(uip-sr.o)
 .data          0x000000000021a3b8        0x0 build/native///contiki-ng-native.a(uip-packetqueue)
 *fill*         0x000000000021a3b8        0x8 
 .data.rel.local
                0x000000000021a3c0       0x18 build/native///contiki-ng-native.a(uip-packetqueue)
 .data          0x000000000021a3d8        0x0 build/native///contiki-ng-native.a(rpl-icmp6.o)
 *fill*         0x000000000021a3d8        0x8 
 .data.rel.local
                0x000000000021a3e0       0x78 build/native///contiki-ng-native.a(rpl-icmp6.o)
 .data          0x000000000021a458        0x0 build/native///contiki-ng-native.a(rpl-neighbor.o)
 *fill*         0x000000000021a458        0x8 
 .data.rel.local
                0x000000000021a460       0x28 build/native///contiki-ng-native.a(rpl-neighbor.o)
                0x000000000021a460                rpl_neighbors
 .data          0x000000000021a488        0x0 build/native///contiki-ng-native.a(rpl-dag.o)
 .data          0x000000000021a488        0x0 build/native///contiki-ng-native.a(rpl-timers.o)
 .data          0x000000000021a488        0x0 build/native///contiki-ng-native.a(rpl-ext-header.)
 .data          0x000000000021a488        0x0 build/native///contiki-ng-native.a(rpl-nbr-policy.)
 .data          0x000000000021a488        0x0 build/native///contiki-ng-native.a(rpl-mrhof.o)
 *fill*         0x000000000021a488       0x18 
 .data.rel.local
                0x000000000021a4a0       0x48 build/native///contiki-ng-native.a(rpl-mrhof.o)
                0x000000000021a4a0                rpl_mrhof
 .data          0x000000000021a4e8        0x0 build/native///contiki-ng-native.a(buttons.o)
 .data          0x000000000021a4e8        0x0 build/native///contiki-ng-native.a(int-master.o)
 .data          0x000000000021a4e8        0x0 build/native///contiki-ng-native.a(gpio-hal-arch.o)
 .data          0x000000000021a4e8        0x0 /usr/lib/x86_64-linux-gnu/libc_nonshared.a(elf-init.oS)
 .data          0x000000000021a4e8        0x0 /usr/lib/x86_64-linux-gnu/libc_nonshared.a(atexit.oS)
 .data          0x000000000021a4e8        0x0 /usr/lib/gcc/x86_64-linux-gnu/7/crtendS.o
 .data          0x000000000021a4e8        0x0 /usr/lib/gcc/x86_64-linux-gnu/7/../../../x86_64-linux-gnu/crtn.o

.tm_clone_table
                0x000000000021a4e8        0x0
 .tm_clone_table
                0x000000000021a4e8        0x0 /usr/lib/gcc/x86_64-linux-gnu/7/crtbeginS.o
 .tm_clone_table
                0x000000000021a4e8        0x0 /usr/lib/gcc/x86_64-linux-gnu/7/crtendS.o

.data1
 *(.data1)
                0x000000000021a4e8                _edata = .
                [!provide]                        PROVIDE (edata = .)
                0x000000000021a4e8                . = .
                0x000000000021a4e8                __bss_start = .

.bss            0x000000000021a500     0xe020
 *(.dynbss)
 .dynbss        0x000000000021a500       0x28 /usr/lib/gcc/x86_64-linux-gnu/7/../../../x86_64-linux-gnu/Scrt1.o
                0x000000000021a500                stdout@@GLIBC_2.2.5
                0x000000000021a520                stderr@@GLIBC_2.2.5
 *(.bss .bss.* .gnu.linkonce.b.*)
 .bss           0x000000000021a528        0x0 /usr/lib/gcc/x86_64-linux-gnu/7/../../../x86_64-linux-gnu/Scrt1.o
 .bss           0x000000000021a528        0x0 /usr/lib/gcc/x86_64-linux-gnu/7/../../../x86_64-linux-gnu/crti.o
 .bss           0x000000000021a528        0x1 /usr/lib/gcc/x86_64-linux-gnu/7/crtbeginS.o
 *fill*         0x000000000021a529       0x17 
 .bss           0x000000000021a540       0x20 demo-sensor.o
 .bss           0x000000000021a560        0x0 build/native///obj/mysensor.o
 .bss           0x000000000021a560        0x0 build/native///contiki-ng-native.a(contiki-main.o)
 .bss           0x000000000021a560        0x0 build/native///contiki-ng-native.a(autostart.o)
 .bss           0x000000000021a560       0x10 build/native///contiki-ng-native.a(ctimer.o)
 .bss           0x000000000021a570       0x28 build/native///contiki-ng-native.a(log.o)
                0x000000000021a570                curr_log_level_lwm2m
                0x000000000021a574                curr_log_level_coap
                0x000000000021a578                curr_log_level_6top
                0x000000000021a57c                curr_log_level_framer
                0x000000000021a580                curr_log_level_mac
                0x000000000021a584                curr_log_level_nullnet
                0x000000000021a588                curr_log_level_6lowpan
                0x000000000021a58c                curr_log_level_ipv6
                0x000000000021a590                curr_log_level_tcpip
                0x000000000021a594                curr_log_level_rpl
 .bss           0x000000000021a598        0x0 build/native///contiki-ng-native.a(energest.o)
 .bss           0x000000000021a598       0x10 build/native///contiki-ng-native.a(etimer.o)
 .bss           0x000000000021a5a8        0x2 build/native///contiki-ng-native.a(node-id.o)
                0x000000000021a5a8                node_id
 *fill*         0x000000000021a5aa       0x16 
 .bss           0x000000000021a5c0      0x323 build/native///contiki-ng-native.a(process.o)
                0x000000000021a5c0                process_current
                0x000000000021a5c8                process_list
 *fill*         0x000000000021a8e3        0x5 
 .bss           0x000000000021a8e8        0x8 build/native///contiki-ng-native.a(rtimer.o)
 .bss           0x000000000021a8f0        0x0 build/native///contiki-ng-native.a(timer.o)
 .bss           0x000000000021a8f0        0x0 build/native///contiki-ng-native.a(list.o)
 *fill*         0x000000000021a8f0       0x10 
 .bss           0x000000000021a900     0x2d80 build/native///contiki-ng-native.a(queuebuf.o)
 .bss           0x000000000021d680       0x86 build/native///contiki-ng-native.a(packetbuf.o)
 *fill*         0x000000000021d706        0x2 
 .bss           0x000000000021d708        0x8 build/native///contiki-ng-native.a(netstack.o)
 .bss           0x000000000021d710        0x0 build/native///contiki-ng-native.a(linkaddr.o)
 .bss           0x000000000021d710        0x0 build/native///contiki-ng-native.a(nullmac.o)
 .bss           0x000000000021d710       0x30 build/native///contiki-ng-native.a(uip-ds6.o)
 .bss           0x000000000021d740       0x20 build/native///contiki-ng-native.a(tcpip.o)
 .bss           0x000000000021d760        0x6 build/native///contiki-ng-native.a(uip6.o)
                0x000000000021d760                uip_last_proto
                0x000000000021d761                uip_ext_len
                0x000000000021d762                uip_ext_bitmap
 *fill*         0x000000000021d766       0x1a 
 .bss           0x000000000021d780     0x2580 build/native///contiki-ng-native.a(uip-ds6-nbr.o)
 .bss           0x000000000021fd00       0x19 build/native///contiki-ng-native.a(uip-nd6.o)
 *fill*         0x000000000021fd19        0x7 
 .bss           0x000000000021fd20       0x70 build/native///contiki-ng-native.a(uip-ds6-route.o)
 .bss           0x000000000021fd90        0x0 build/native///contiki-ng-native.a(uiplib.o)
 .bss           0x000000000021fd90        0x1 build/native///contiki-ng-native.a(rpl.o)
 *fill*         0x000000000021fd91        0xf 
 .bss           0x000000000021fda0       0x11 build/native///contiki-ng-native.a(rpl-dag-root.o)
 *fill*         0x000000000021fdb1        0xf 
 .bss           0x000000000021fdc0       0x80 build/native///contiki-ng-native.a(platform.o)
                0x000000000021fdc0                contiki_argc
 .bss           0x000000000021fe40        0x0 build/native///contiki-ng-native.a(clock.o)
 .bss           0x000000000021fe40        0x0 build/native///contiki-ng-native.a(tun6-net.o)
 .bss           0x000000000021fe40        0x0 build/native///contiki-ng-native.a(rtimer-arch.o)
 .bss           0x000000000021fe40        0x0 build/native///contiki-ng-native.a(watchdog.o)
 .bss           0x000000000021fe40        0x0 build/native///contiki-ng-native.a(stimer.o)
 .bss           0x000000000021fe40       0x1c build/native///contiki-ng-native.a(button-hal.o)
 *fill*         0x000000000021fe5c        0x4 
 .bss           0x000000000021fe60      0x150 build/native///contiki-ng-native.a(serial-line.o)
 .bss           0x000000000021ffb0        0x0 build/native///contiki-ng-native.a(leds.o)
 .bss           0x000000000021ffb0        0x0 build/native///contiki-ng-native.a(nullradio.o)
 .bss           0x000000000021ffb0        0x8 build/native///contiki-ng-native.a(gpio-hal.o)
 .bss           0x000000000021ffb8        0x0 build/native///contiki-ng-native.a(memb.o)
 .bss           0x000000000021ffb8        0x0 build/native///contiki-ng-native.a(random.o)
 .bss           0x000000000021ffb8        0x0 build/native///contiki-ng-native.a(ringbuf.o)
 *fill*         0x000000000021ffb8        0x8 
 .bss           0x000000000021ffc0     0x16cc build/native///contiki-ng-native.a(nbr-table.o)
 *fill*         0x000000000022168c       0x14 
 .bss           0x00000000002216a0     0x12c0 build/native///contiki-ng-native.a(link-stats.o)
 .bss           0x0000000000222960       0x1c build/native///contiki-ng-native.a(uipbuf.o)
 *fill*         0x000000000022297c        0x4 
 .bss           0x0000000000222980       0x20 build/native///contiki-ng-native.a(uip-icmp6.o)
 .bss           0x00000000002229a0     0x301c build/native///contiki-ng-native.a(uip-sr.o)
 *fill*         0x00000000002259bc        0x4 
 .bss           0x00000000002259c0      0xab2 build/native///contiki-ng-native.a(uip-packetqueue)
 .bss           0x0000000000226472        0x0 build/native///contiki-ng-native.a(rpl-icmp6.o)
 *fill*         0x0000000000226472        0xe 
 .bss           0x0000000000226480     0x12c0 build/native///contiki-ng-native.a(rpl-neighbor.o)
 .bss           0x0000000000227740        0x0 build/native///contiki-ng-native.a(rpl-dag.o)
 .bss           0x0000000000227740       0x80 build/native///contiki-ng-native.a(rpl-timers.o)
 .bss           0x00000000002277c0        0x0 build/native///contiki-ng-native.a(rpl-ext-header.)
 .bss           0x00000000002277c0       0x14 build/native///contiki-ng-native.a(rpl-nbr-policy.)
 .bss           0x00000000002277d4        0x0 build/native///contiki-ng-native.a(rpl-mrhof.o)
 *fill*         0x00000000002277d4        0x4 
 .bss           0x00000000002277d8        0x8 build/native///contiki-ng-native.a(buttons.o)
                0x00000000002277d8                button_hal_buttons
 .bss           0x00000000002277e0        0x4 build/native///contiki-ng-native.a(int-master.o)
 *fill*         0x00000000002277e4       0x1c 
 .bss           0x0000000000227800       0xa0 build/native///contiki-ng-native.a(gpio-hal-arch.o)
 .bss           0x00000000002278a0        0x0 /usr/lib/x86_64-linux-gnu/libc_nonshared.a(elf-init.oS)
 .bss           0x00000000002278a0        0x0 /usr/lib/x86_64-linux-gnu/libc_nonshared.a(atexit.oS)
 .bss           0x00000000002278a0        0x0 /usr/lib/gcc/x86_64-linux-gnu/7/crtendS.o
 .bss           0x00000000002278a0        0x0 /usr/lib/gcc/x86_64-linux-gnu/7/../../../x86_64-linux-gnu/crtn.o
 *(COMMON)
 COMMON         0x00000000002278a0       0xe8 build/native///contiki-ng-native.a(contiki-main.o)
                0x00000000002278a0                eb_per_time_source
                0x00000000002278e0                unicast_per_neighbor_rpl_storing
                0x0000000000227920                unicast_per_neighbor_rpl_ns
                0x0000000000227960                default_common
 *fill*         0x0000000000227988        0x8 
 COMMON         0x0000000000227990       0x30 build/native///contiki-ng-native.a(packetbuf.o)
                0x0000000000227990                packetbuf_attrs
                0x00000000002279b0                packetbuf_addrs
 COMMON         0x00000000002279c0        0x8 build/native///contiki-ng-native.a(linkaddr.o)
                0x00000000002279c0                linkaddr_node_addr
 *fill*         0x00000000002279c8       0x18 
 COMMON         0x00000000002279e0      0x1c1 build/native///contiki-ng-native.a(uip-ds6.o)
                0x00000000002279e0                uip_ds6_prefix_list
                0x0000000000227a40                uip_ds6_timer_periodic
                0x0000000000227a60                uip_ds6_netif_addr_list_offset
                0x0000000000227a80                uip_ds6_if
                0x0000000000227b90                uip_ds6_timer_ra
                0x0000000000227ba0                uip_ds6_addr_size
 COMMON         0x0000000000227ba1        0x1 build/native///contiki-ng-native.a(tcpip.o)
                0x0000000000227ba1                tcpip_event
 *fill*         0x0000000000227ba2       0x1e 
 COMMON         0x0000000000227bc0      0x690 build/native///contiki-ng-native.a(uip6.o)
                0x0000000000227bc0                uip_slen
                0x0000000000227bc8                uip_lladdr
                0x0000000000227bd0                uip_appdata
                0x0000000000227bd8                uip_flags
                0x0000000000227be0                uip_aligned_buf
                0x00000000002280e0                uip_len
                0x00000000002280e8                uip_sappdata
                0x0000000000228100                uip_udp_conns
                0x0000000000228240                uip_udp_conn
                0x0000000000228248                uip_conn
 COMMON         0x0000000000228250       0x10 build/native///contiki-ng-native.a(rpl.o)
                0x0000000000228250                rpl_multicast_addr
 COMMON         0x0000000000228260        0x8 build/native///contiki-ng-native.a(platform.o)
                0x0000000000228260                contiki_argv
 COMMON         0x0000000000228268        0x3 build/native///contiki-ng-native.a(button-hal.o)
                0x0000000000228268                button_hal_periodic_event
                0x0000000000228269                button_hal_press_event
                0x000000000022826a                button_hal_release_event
 COMMON         0x000000000022826b        0x1 build/native///contiki-ng-native.a(serial-line.o)
                0x000000000022826b                serial_line_event_message
 *fill*         0x000000000022826c       0x14 
 COMMON         0x0000000000228280       0x40 build/native///contiki-ng-native.a(link-stats.o)
                0x0000000000228280                periodic_timer
 COMMON         0x00000000002282c0      0x260 build/native///contiki-ng-native.a(rpl-dag.o)
                0x00000000002282c0                curr_instance
                0x0000000000228520                . = ALIGN ((. != 0x0)?0x8:0x1)

.lbss
 *(.dynlbss)
 *(.lbss .lbss.* .gnu.linkonce.lb.*)
 *(LARGE_COMMON)
                0x0000000000228520                . = ALIGN (0x8)
                0x0000000000228520                . = SEGMENT_START ("ldata-segment", .)

.lrodata
 *(.lrodata .lrodata.* .gnu.linkonce.lr.*)

.ldata          0x0000000000628520        0x0
 *(.ldata .ldata.* .gnu.linkonce.l.*)
                0x0000000000628520                . = ALIGN ((. != 0x0)?0x8:0x1)
                0x0000000000628520                . = ALIGN (0x8)
                0x0000000000628520                _end = .
                [!provide]                        PROVIDE (end = .)
                0x0000000000628520                . = DATA_SEGMENT_END (.)

.stab
 *(.stab)

.stabstr
 *(.stabstr)

.stab.excl
 *(.stab.excl)

.stab.exclstr
 *(.stab.exclstr)

.stab.index
 *(.stab.index)

.stab.indexstr
 *(.stab.indexstr)

.comment        0x0000000000000000       0x2a
 *(.comment)
 .comment       0x0000000000000000       0x2a /usr/lib/gcc/x86_64-linux-gnu/7/crtbeginS.o
                                         0x2b (size before relaxing)
 .comment       0x000000000000002a       0x2b demo-sensor.o
 .comment       0x000000000000002a       0x2b build/native///obj/mysensor.o
 .comment       0x000000000000002a       0x2b build/native///contiki-ng-native.a(contiki-main.o)
 .comment       0x000000000000002a       0x2b build/native///contiki-ng-native.a(autostart.o)
 .comment       0x000000000000002a       0x2b build/native///contiki-ng-native.a(ctimer.o)
 .comment       0x000000000000002a       0x2b build/native///contiki-ng-native.a(log.o)
 .comment       0x000000000000002a       0x2b build/native///contiki-ng-native.a(energest.o)
 .comment       0x000000000000002a       0x2b build/native///contiki-ng-native.a(etimer.o)
 .comment       0x000000000000002a       0x2b build/native///contiki-ng-native.a(node-id.o)
 .comment       0x000000000000002a       0x2b build/native///contiki-ng-native.a(process.o)
 .comment       0x000000000000002a       0x2b build/native///contiki-ng-native.a(rtimer.o)
 .comment       0x000000000000002a       0x2b build/native///contiki-ng-native.a(timer.o)
 .comment       0x000000000000002a       0x2b build/native///contiki-ng-native.a(list.o)
 .comment       0x000000000000002a       0x2b build/native///contiki-ng-native.a(queuebuf.o)
 .comment       0x000000000000002a       0x2b build/native///contiki-ng-native.a(packetbuf.o)
 .comment       0x000000000000002a       0x2b build/native///contiki-ng-native.a(netstack.o)
 .comment       0x000000000000002a       0x2b build/native///contiki-ng-native.a(linkaddr.o)
 .comment       0x000000000000002a       0x2b build/native///contiki-ng-native.a(nullmac.o)
 .comment       0x000000000000002a       0x2b build/native///contiki-ng-native.a(uip-ds6.o)
 .comment       0x000000000000002a       0x2b build/native///contiki-ng-native.a(tcpip.o)
 .comment       0x000000000000002a       0x2b build/native///contiki-ng-native.a(uip6.o)
 .comment       0x000000000000002a       0x2b build/native///contiki-ng-native.a(uip-ds6-nbr.o)
 .comment       0x000000000000002a       0x2b build/native///contiki-ng-native.a(uip-nd6.o)
 .comment       0x000000000000002a       0x2b build/native///contiki-ng-native.a(uip-ds6-route.o)
 .comment       0x000000000000002a       0x2b build/native///contiki-ng-native.a(uiplib.o)
 .comment       0x000000000000002a       0x2b build/native///contiki-ng-native.a(rpl.o)
 .comment       0x000000000000002a       0x2b build/native///contiki-ng-native.a(rpl-dag-root.o)
 .comment       0x000000000000002a       0x2b build/native///contiki-ng-native.a(platform.o)
 .comment       0x000000000000002a       0x2b build/native///contiki-ng-native.a(clock.o)
 .comment       0x000000000000002a       0x2b build/native///contiki-ng-native.a(tun6-net.o)
 .comment       0x000000000000002a       0x2b build/native///contiki-ng-native.a(rtimer-arch.o)
 .comment       0x000000000000002a       0x2b build/native///contiki-ng-native.a(watchdog.o)
 .comment       0x000000000000002a       0x2b build/native///contiki-ng-native.a(stimer.o)
 .comment       0x000000000000002a       0x2b build/native///contiki-ng-native.a(button-hal.o)
 .comment       0x000000000000002a       0x2b build/native///contiki-ng-native.a(serial-line.o)
 .comment       0x000000000000002a       0x2b build/native///contiki-ng-native.a(leds.o)
 .comment       0x000000000000002a       0x2b build/native///contiki-ng-native.a(nullradio.o)
 .comment       0x000000000000002a       0x2b build/native///contiki-ng-native.a(gpio-hal.o)
 .comment       0x000000000000002a       0x2b build/native///contiki-ng-native.a(memb.o)
 .comment       0x000000000000002a       0x2b build/native///contiki-ng-native.a(random.o)
 .comment       0x000000000000002a       0x2b build/native///contiki-ng-native.a(ringbuf.o)
 .comment       0x000000000000002a       0x2b build/native///contiki-ng-native.a(nbr-table.o)
 .comment       0x000000000000002a       0x2b build/native///contiki-ng-native.a(link-stats.o)
 .comment       0x000000000000002a       0x2b build/native///contiki-ng-native.a(uipbuf.o)
 .comment       0x000000000000002a       0x2b build/native///contiki-ng-native.a(uip-icmp6.o)
 .comment       0x000000000000002a       0x2b build/native///contiki-ng-native.a(uip-sr.o)
 .comment       0x000000000000002a       0x2b build/native///contiki-ng-native.a(uip-packetqueue)
 .comment       0x000000000000002a       0x2b build/native///contiki-ng-native.a(rpl-icmp6.o)
 .comment       0x000000000000002a       0x2b build/native///contiki-ng-native.a(rpl-neighbor.o)
 .comment       0x000000000000002a       0x2b build/native///contiki-ng-native.a(rpl-dag.o)
 .comment       0x000000000000002a       0x2b build/native///contiki-ng-native.a(rpl-timers.o)
 .comment       0x000000000000002a       0x2b build/native///contiki-ng-native.a(rpl-ext-header.)
 .comment       0x000000000000002a       0x2b build/native///contiki-ng-native.a(rpl-nbr-policy.)
 .comment       0x000000000000002a       0x2b build/native///contiki-ng-native.a(rpl-mrhof.o)
 .comment       0x000000000000002a       0x2b build/native///contiki-ng-native.a(buttons.o)
 .comment       0x000000000000002a       0x2b build/native///contiki-ng-native.a(int-master.o)
 .comment       0x000000000000002a       0x2b build/native///contiki-ng-native.a(gpio-hal-arch.o)
 .comment       0x000000000000002a       0x2b /usr/lib/gcc/x86_64-linux-gnu/7/crtendS.o

.debug
 *(.debug)

.line
 *(.line)

.debug_srcinfo
 *(.debug_srcinfo)

.debug_sfnames
 *(.debug_sfnames)

.debug_aranges  0x0000000000000000      0xaa0
 *(.debug_aranges)
 .debug_aranges
                0x0000000000000000       0x30 demo-sensor.o
 .debug_aranges
                0x0000000000000030       0x30 build/native///obj/mysensor.o
 .debug_aranges
                0x0000000000000060       0x30 build/native///contiki-ng-native.a(contiki-main.o)
 .debug_aranges
                0x0000000000000090       0x30 build/native///contiki-ng-native.a(autostart.o)
 .debug_aranges
                0x00000000000000c0       0x30 build/native///contiki-ng-native.a(ctimer.o)
 .debug_aranges
                0x00000000000000f0       0x30 build/native///contiki-ng-native.a(log.o)
 .debug_aranges
                0x0000000000000120       0x30 build/native///contiki-ng-native.a(energest.o)
 .debug_aranges
                0x0000000000000150       0x30 build/native///contiki-ng-native.a(etimer.o)
 .debug_aranges
                0x0000000000000180       0x30 build/native///contiki-ng-native.a(node-id.o)
 .debug_aranges
                0x00000000000001b0       0x30 build/native///contiki-ng-native.a(process.o)
 .debug_aranges
                0x00000000000001e0       0x30 build/native///contiki-ng-native.a(rtimer.o)
 .debug_aranges
                0x0000000000000210       0x30 build/native///contiki-ng-native.a(timer.o)
 .debug_aranges
                0x0000000000000240       0x30 build/native///contiki-ng-native.a(list.o)
 .debug_aranges
                0x0000000000000270       0x30 build/native///contiki-ng-native.a(queuebuf.o)
 .debug_aranges
                0x00000000000002a0       0x30 build/native///contiki-ng-native.a(packetbuf.o)
 .debug_aranges
                0x00000000000002d0       0x30 build/native///contiki-ng-native.a(netstack.o)
 .debug_aranges
                0x0000000000000300       0x30 build/native///contiki-ng-native.a(linkaddr.o)
 .debug_aranges
                0x0000000000000330       0x30 build/native///contiki-ng-native.a(nullmac.o)
 .debug_aranges
                0x0000000000000360       0x30 build/native///contiki-ng-native.a(uip-ds6.o)
 .debug_aranges
                0x0000000000000390       0x30 build/native///contiki-ng-native.a(tcpip.o)
 .debug_aranges
                0x00000000000003c0       0x30 build/native///contiki-ng-native.a(uip6.o)
 .debug_aranges
                0x00000000000003f0       0x30 build/native///contiki-ng-native.a(uip-ds6-nbr.o)
 .debug_aranges
                0x0000000000000420       0x30 build/native///contiki-ng-native.a(uip-nd6.o)
 .debug_aranges
                0x0000000000000450       0x30 build/native///contiki-ng-native.a(uip-ds6-route.o)
 .debug_aranges
                0x0000000000000480       0x30 build/native///contiki-ng-native.a(uiplib.o)
 .debug_aranges
                0x00000000000004b0       0x30 build/native///contiki-ng-native.a(rpl.o)
 .debug_aranges
                0x00000000000004e0       0x30 build/native///contiki-ng-native.a(rpl-dag-root.o)
 .debug_aranges
                0x0000000000000510       0x30 build/native///contiki-ng-native.a(platform.o)
 .debug_aranges
                0x0000000000000540       0x30 build/native///contiki-ng-native.a(clock.o)
 .debug_aranges
                0x0000000000000570       0x30 build/native///contiki-ng-native.a(tun6-net.o)
 .debug_aranges
                0x00000000000005a0       0x30 build/native///contiki-ng-native.a(rtimer-arch.o)
 .debug_aranges
                0x00000000000005d0       0x30 build/native///contiki-ng-native.a(watchdog.o)
 .debug_aranges
                0x0000000000000600       0x30 build/native///contiki-ng-native.a(stimer.o)
 .debug_aranges
                0x0000000000000630       0x30 build/native///contiki-ng-native.a(button-hal.o)
 .debug_aranges
                0x0000000000000660       0x30 build/native///contiki-ng-native.a(serial-line.o)
 .debug_aranges
                0x0000000000000690       0x30 build/native///contiki-ng-native.a(leds.o)
 .debug_aranges
                0x00000000000006c0       0x30 build/native///contiki-ng-native.a(nullradio.o)
 .debug_aranges
                0x00000000000006f0       0x30 build/native///contiki-ng-native.a(gpio-hal.o)
 .debug_aranges
                0x0000000000000720       0x30 build/native///contiki-ng-native.a(memb.o)
 .debug_aranges
                0x0000000000000750       0x30 build/native///contiki-ng-native.a(random.o)
 .debug_aranges
                0x0000000000000780       0x30 build/native///contiki-ng-native.a(ringbuf.o)
 .debug_aranges
                0x00000000000007b0       0x30 build/native///contiki-ng-native.a(nbr-table.o)
 .debug_aranges
                0x00000000000007e0       0x30 build/native///contiki-ng-native.a(link-stats.o)
 .debug_aranges
                0x0000000000000810       0x30 build/native///contiki-ng-native.a(uipbuf.o)