Archive member included to satisfy reference by file (symbol)

/home/hobian/arm/gcc-arm-none-eabi-8-2018-q4-major/bin/../lib/gcc/arm-none-eabi/8.2.1/../../../../arm-none-eabi/lib/thumb/v7-m/nofp/libm.a(lib_a-w_exp2.o)
                              build/cc26x0-cc13x0/sensortag/cc2650//obj/opt-3001-sensor.o (exp2)
/home/hobian/arm/gcc-arm-none-eabi-8-2018-q4-major/bin/../lib/gcc/arm-none-eabi/8.2.1/../../../../arm-none-eabi/lib/thumb/v7-m/nofp/libm.a(lib_a-w_pow.o)
                              /home/hobian/arm/gcc-arm-none-eabi-8-2018-q4-major/bin/../lib/gcc/arm-none-eabi/8.2.1/../../../../arm-none-eabi/lib/thumb/v7-m/nofp/libm.a(lib_a-w_exp2.o) (pow)
/home/hobian/arm/gcc-arm-none-eabi-8-2018-q4-major/bin/../lib/gcc/arm-none-eabi/8.2.1/../../../../arm-none-eabi/lib/thumb/v7-m/nofp/libm.a(lib_a-e_pow.o)
                              /home/hobian/arm/gcc-arm-none-eabi-8-2018-q4-major/bin/../lib/gcc/arm-none-eabi/8.2.1/../../../../arm-none-eabi/lib/thumb/v7-m/nofp/libm.a(lib_a-w_pow.o) (__ieee754_pow)
/home/hobian/arm/gcc-arm-none-eabi-8-2018-q4-major/bin/../lib/gcc/arm-none-eabi/8.2.1/../../../../arm-none-eabi/lib/thumb/v7-m/nofp/libm.a(lib_a-e_sqrt.o)
                              /home/hobian/arm/gcc-arm-none-eabi-8-2018-q4-major/bin/../lib/gcc/arm-none-eabi/8.2.1/../../../../arm-none-eabi/lib/thumb/v7-m/nofp/libm.a(lib_a-e_pow.o) (__ieee754_sqrt)
/home/hobian/arm/gcc-arm-none-eabi-8-2018-q4-major/bin/../lib/gcc/arm-none-eabi/8.2.1/../../../../arm-none-eabi/lib/thumb/v7-m/nofp/libm.a(lib_a-s_fabs.o)
                              /home/hobian/arm/gcc-arm-none-eabi-8-2018-q4-major/bin/../lib/gcc/arm-none-eabi/8.2.1/../../../../arm-none-eabi/lib/thumb/v7-m/nofp/libm.a(lib_a-e_pow.o) (fabs)
/home/hobian/arm/gcc-arm-none-eabi-8-2018-q4-major/bin/../lib/gcc/arm-none-eabi/8.2.1/../../../../arm-none-eabi/lib/thumb/v7-m/nofp/libm.a(lib_a-s_finite.o)
                              /home/hobian/arm/gcc-arm-none-eabi-8-2018-q4-major/bin/../lib/gcc/arm-none-eabi/8.2.1/../../../../arm-none-eabi/lib/thumb/v7-m/nofp/libm.a(lib_a-w_pow.o) (finite)
/home/hobian/arm/gcc-arm-none-eabi-8-2018-q4-major/bin/../lib/gcc/arm-none-eabi/8.2.1/../../../../arm-none-eabi/lib/thumb/v7-m/nofp/libm.a(lib_a-s_lib_ver.o)
                              /home/hobian/arm/gcc-arm-none-eabi-8-2018-q4-major/bin/../lib/gcc/arm-none-eabi/8.2.1/../../../../arm-none-eabi/lib/thumb/v7-m/nofp/libm.a(lib_a-w_pow.o) (__fdlib_version)
/home/hobian/arm/gcc-arm-none-eabi-8-2018-q4-major/bin/../lib/gcc/arm-none-eabi/8.2.1/../../../../arm-none-eabi/lib/thumb/v7-m/nofp/libm.a(lib_a-s_matherr.o)
                              /home/hobian/arm/gcc-arm-none-eabi-8-2018-q4-major/bin/../lib/gcc/arm-none-eabi/8.2.1/../../../../arm-none-eabi/lib/thumb/v7-m/nofp/libm.a(lib_a-w_pow.o) (matherr)
/home/hobian/arm/gcc-arm-none-eabi-8-2018-q4-major/bin/../lib/gcc/arm-none-eabi/8.2.1/../../../../arm-none-eabi/lib/thumb/v7-m/nofp/libm.a(lib_a-s_nan.o)
                              /home/hobian/arm/gcc-arm-none-eabi-8-2018-q4-major/bin/../lib/gcc/arm-none-eabi/8.2.1/../../../../arm-none-eabi/lib/thumb/v7-m/nofp/libm.a(lib_a-e_pow.o) (nan)
/home/hobian/arm/gcc-arm-none-eabi-8-2018-q4-major/bin/../lib/gcc/arm-none-eabi/8.2.1/../../../../arm-none-eabi/lib/thumb/v7-m/nofp/libm.a(lib_a-s_rint.o)
                              /home/hobian/arm/gcc-arm-none-eabi-8-2018-q4-major/bin/../lib/gcc/arm-none-eabi/8.2.1/../../../../arm-none-eabi/lib/thumb/v7-m/nofp/libm.a(lib_a-w_pow.o) (rint)
/home/hobian/arm/gcc-arm-none-eabi-8-2018-q4-major/bin/../lib/gcc/arm-none-eabi/8.2.1/../../../../arm-none-eabi/lib/thumb/v7-m/nofp/libm.a(lib_a-s_scalbn.o)
                              /home/hobian/arm/gcc-arm-none-eabi-8-2018-q4-major/bin/../lib/gcc/arm-none-eabi/8.2.1/../../../../arm-none-eabi/lib/thumb/v7-m/nofp/libm.a(lib_a-e_pow.o) (scalbn)
/home/hobian/arm/gcc-arm-none-eabi-8-2018-q4-major/bin/../lib/gcc/arm-none-eabi/8.2.1/thumb/v7-m/nofp/libgcc.a(_arm_addsubdf3.o)
                              build/cc26x0-cc13x0/sensortag/cc2650//obj/hdc-1000-sensor.o (__aeabi_dsub)
/home/hobian/arm/gcc-arm-none-eabi-8-2018-q4-major/bin/../lib/gcc/arm-none-eabi/8.2.1/thumb/v7-m/nofp/libgcc.a(_arm_muldivdf3.o)
                              build/cc26x0-cc13x0/sensortag/cc2650//obj/opt-3001-sensor.o (__aeabi_dmul)
/home/hobian/arm/gcc-arm-none-eabi-8-2018-q4-major/bin/../lib/gcc/arm-none-eabi/8.2.1/thumb/v7-m/nofp/libgcc.a(_arm_cmpdf2.o)
                              /home/hobian/arm/gcc-arm-none-eabi-8-2018-q4-major/bin/../lib/gcc/arm-none-eabi/8.2.1/../../../../arm-none-eabi/lib/thumb/v7-m/nofp/libm.a(lib_a-w_pow.o) (__aeabi_dcmpeq)
/home/hobian/arm/gcc-arm-none-eabi-8-2018-q4-major/bin/../lib/gcc/arm-none-eabi/8.2.1/thumb/v7-m/nofp/libgcc.a(_arm_unorddf2.o)
                              /home/hobian/arm/gcc-arm-none-eabi-8-2018-q4-major/bin/../lib/gcc/arm-none-eabi/8.2.1/../../../../arm-none-eabi/lib/thumb/v7-m/nofp/libm.a(lib_a-w_pow.o) (__aeabi_dcmpun)
[...]
Memory Configuration

Name             Origin             Length             Attributes
FLASH            0x0000000000000000 0x000000000001ffa8 xr
FLASH_CCFG       0x000000000001ffa8 0x0000000000000058 xr
SRAM             0x0000000020000000 0x0000000000005000 xrw
GPRAM            0x0000000011000000 0x0000000000002000 xrw
*default*        0x0000000000000000 0xffffffffffffffff

Linker script and memory map

LOAD build/cc26x0-cc13x0/sensortag/cc2650//obj/fault-handlers.o
LOAD build/cc26x0-cc13x0/sensortag/cc2650//obj/ccfg.o
LOAD build/cc26x0-cc13x0/sensortag/cc2650//obj/startup_gcc.o
LOAD build/cc26x0-cc13x0/sensortag/cc2650//obj/platform.o
LOAD build/cc26x0-cc13x0/sensortag/cc2650//obj/leds-arch.o
LOAD build/cc26x0-cc13x0/sensortag/cc2650//obj/sensortag-sensors.o
LOAD build/cc26x0-cc13x0/sensortag/cc2650//obj/board-buttons.o
LOAD build/cc26x0-cc13x0/sensortag/cc2650//obj/sensor-common.o
LOAD build/cc26x0-cc13x0/sensortag/cc2650//obj/bmp-280-sensor.o
LOAD build/cc26x0-cc13x0/sensortag/cc2650//obj/tmp-007-sensor.o
LOAD build/cc26x0-cc13x0/sensortag/cc2650//obj/opt-3001-sensor.o
LOAD build/cc26x0-cc13x0/sensortag/cc2650//obj/hdc-1000-sensor.o
LOAD build/cc26x0-cc13x0/sensortag/cc2650//obj/mpu-9250-sensor.o
LOAD build/cc26x0-cc13x0/sensortag/cc2650//obj/xmem.o
LOAD build/cc26x0-cc13x0/sensortag/cc2650//obj/buzzer.o
LOAD build/cc26x0-cc13x0/sensortag/cc2650//obj/board.o
LOAD build/cc26x0-cc13x0/sensortag/cc2650//obj/board-i2c.o
LOAD build/cc26x0-cc13x0/sensortag/cc2650//obj/clock.o
LOAD build/cc26x0-cc13x0/sensortag/cc2650//obj/rtimer-arch.o
LOAD build/cc26x0-cc13x0/sensortag/cc2650//obj/soc-rtc.o
LOAD build/cc26x0-cc13x0/sensortag/cc2650//obj/uart.o
LOAD build/cc26x0-cc13x0/sensortag/cc2650//obj/contiki-watchdog.o
LOAD build/cc26x0-cc13x0/sensortag/cc2650//obj/aux-ctrl.o
LOAD build/cc26x0-cc13x0/sensortag/cc2650//obj/dbg.o
LOAD build/cc26x0-cc13x0/sensortag/cc2650//obj/ieee-addr.o
LOAD build/cc26x0-cc13x0/sensortag/cc2650//obj/batmon-sensor.o
LOAD build/cc26x0-cc13x0/sensortag/cc2650//obj/adc-sensor.o
LOAD build/cc26x0-cc13x0/sensortag/cc2650//obj/slip-arch.o
LOAD build/cc26x0-cc13x0/sensortag/cc2650//obj/slip.o
LOAD build/cc26x0-cc13x0/sensortag/cc2650//obj/cc26xx-uart.o
LOAD build/cc26x0-cc13x0/sensortag/cc2650//obj/lpm.o
LOAD build/cc26x0-cc13x0/sensortag/cc2650//obj/gpio-interrupt.o
LOAD build/cc26x0-cc13x0/sensortag/cc2650//obj/gpio-hal-arch.o
LOAD build/cc26x0-cc13x0/sensortag/cc2650//obj/oscillators.o
LOAD build/cc26x0-cc13x0/sensortag/cc2650//obj/rf-core.o
LOAD build/cc26x0-cc13x0/sensortag/cc2650//obj/rf-ble.o
LOAD build/cc26x0-cc13x0/sensortag/cc2650//obj/ieee-mode.o
LOAD build/cc26x0-cc13x0/sensortag/cc2650//obj/ble-cc2650.o
LOAD build/cc26x0-cc13x0/sensortag/cc2650//obj/ble-hal-cc26xx.o
LOAD build/cc26x0-cc13x0/sensortag/cc2650//obj/ble-addr.o
LOAD build/cc26x0-cc13x0/sensortag/cc2650//obj/rf-ble-cmd.o
LOAD build/cc26x0-cc13x0/sensortag/cc2650//obj/random.o
LOAD build/cc26x0-cc13x0/sensortag/cc2650//obj/soc-trng.o
LOAD build/cc26x0-cc13x0/sensortag/cc2650//obj/int-master.o
LOAD build/cc26x0-cc13x0/sensortag/cc2650//obj/spi-arch.o
LOAD build/cc26x0-cc13x0/sensortag/cc2650//obj/cc26xx-aes.o
LOAD build/cc26x0-cc13x0/sensortag/cc2650//obj/contiki-main.o
LOAD build/cc26x0-cc13x0/sensortag/cc2650//obj/autostart.o
LOAD build/cc26x0-cc13x0/sensortag/cc2650//obj/ctimer.o
LOAD build/cc26x0-cc13x0/sensortag/cc2650//obj/log.o
LOAD build/cc26x0-cc13x0/sensortag/cc2650//obj/energest.o
LOAD build/cc26x0-cc13x0/sensortag/cc2650//obj/etimer.o
LOAD build/cc26x0-cc13x0/sensortag/cc2650//obj/node-id.o
LOAD build/cc26x0-cc13x0/sensortag/cc2650//obj/mutex.o
LOAD build/cc26x0-cc13x0/sensortag/cc2650//obj/stimer.o
LOAD build/cc26x0-cc13x0/sensortag/cc2650//obj/compower.o
LOAD build/cc26x0-cc13x0/sensortag/cc2650//obj/process.o
LOAD build/cc26x0-cc13x0/sensortag/cc2650//obj/rtimer.o
LOAD build/cc26x0-cc13x0/sensortag/cc2650//obj/timer.o
LOAD build/cc26x0-cc13x0/sensortag/cc2650//obj/stack-check.o
LOAD build/cc26x0-cc13x0/sensortag/cc2650//obj/button-hal.o
LOAD build/cc26x0-cc13x0/sensortag/cc2650//obj/serial-line.o
LOAD build/cc26x0-cc13x0/sensortag/cc2650//obj/spi.o
LOAD build/cc26x0-cc13x0/sensortag/cc2650//obj/leds.o
LOAD build/cc26x0-cc13x0/sensortag/cc2650//obj/nullradio.o
LOAD build/cc26x0-cc13x0/sensortag/cc2650//obj/gpio-hal.o
LOAD build/cc26x0-cc13x0/sensortag/cc2650//obj/dbl-list.o
LOAD build/cc26x0-cc13x0/sensortag/cc2650//obj/dbl-circ-list.o
LOAD build/cc26x0-cc13x0/sensortag/cc2650//obj/crc16.o
LOAD build/cc26x0-cc13x0/sensortag/cc2650//obj/ifft.o
LOAD build/cc26x0-cc13x0/sensortag/cc2650//obj/ccm-star.o
LOAD build/cc26x0-cc13x0/sensortag/cc2650//obj/sensors.o
LOAD build/cc26x0-cc13x0/sensortag/cc2650//obj/ringbufindex.o
LOAD build/cc26x0-cc13x0/sensortag/cc2650//obj/list.o
LOAD build/cc26x0-cc13x0/sensortag/cc2650//obj/circular-list.o
LOAD build/cc26x0-cc13x0/sensortag/cc2650//obj/aes-128.o
LOAD build/cc26x0-cc13x0/sensortag/cc2650//obj/trickle-timer.o
LOAD build/cc26x0-cc13x0/sensortag/cc2650//obj/memb.o
LOAD build/cc26x0-cc13x0/sensortag/cc2650//obj/heapmem.o
LOAD build/cc26x0-cc13x0/sensortag/cc2650//obj/assert.o
LOAD build/cc26x0-cc13x0/sensortag/cc2650//obj/ringbuf.o
LOAD build/cc26x0-cc13x0/sensortag/cc2650//obj/queuebuf.o
LOAD build/cc26x0-cc13x0/sensortag/cc2650//obj/nbr-table.o
LOAD build/cc26x0-cc13x0/sensortag/cc2650//obj/packetbuf.o
LOAD build/cc26x0-cc13x0/sensortag/cc2650//obj/netstack.o
LOAD build/cc26x0-cc13x0/sensortag/cc2650//obj/linkaddr.o
LOAD build/cc26x0-cc13x0/sensortag/cc2650//obj/net-debug.o
LOAD build/cc26x0-cc13x0/sensortag/cc2650//obj/link-stats.o
LOAD build/cc26x0-cc13x0/sensortag/cc2650//obj/mac-sequence.o
LOAD build/cc26x0-cc13x0/sensortag/cc2650//obj/mac.o
LOAD build/cc26x0-cc13x0/sensortag/cc2650//obj/frame802154e-ie.o
LOAD build/cc26x0-cc13x0/sensortag/cc2650//obj/framer-802154.o
LOAD build/cc26x0-cc13x0/sensortag/cc2650//obj/nullframer.o
LOAD build/cc26x0-cc13x0/sensortag/cc2650//obj/frame802154.o
LOAD build/cc26x0-cc13x0/sensortag/cc2650//obj/ext-flash.o
LOAD build/cc26x0-cc13x0/sensortag/cc2650//obj/driverlib_release.o
LOAD build/cc26x0-cc13x0/sensortag/cc2650//obj/udma.o
LOAD build/cc26x0-cc13x0/sensortag/cc2650//obj/aux_wuc.o
LOAD build/cc26x0-cc13x0/sensortag/cc2650//obj/aux_smph.o
LOAD build/cc26x0-cc13x0/sensortag/cc2650//obj/setup_rom.o
LOAD build/cc26x0-cc13x0/sensortag/cc2650//obj/watchdog.o
LOAD build/cc26x0-cc13x0/sensortag/cc2650//obj/ssi.o
LOAD build/cc26x0-cc13x0/sensortag/cc2650//obj/setup.o
LOAD build/cc26x0-cc13x0/sensortag/cc2650//obj/trng.o
LOAD build/cc26x0-cc13x0/sensortag/cc2650//obj/adi.o
LOAD build/cc26x0-cc13x0/sensortag/cc2650//obj/aux_adc.o
LOAD build/cc26x0-cc13x0/sensortag/cc2650//obj/i2c.o
LOAD build/cc26x0-cc13x0/sensortag/cc2650//obj/crypto.o
LOAD build/cc26x0-cc13x0/sensortag/cc2650//obj/ioc.o
LOAD build/cc26x0-cc13x0/sensortag/cc2650//obj/aon_ioc.o
LOAD build/cc26x0-cc13x0/sensortag/cc2650//obj/systick.o
LOAD build/cc26x0-cc13x0/sensortag/cc2650//obj/ccfgread.o
LOAD build/cc26x0-cc13x0/sensortag/cc2650//obj/interrupt.o
LOAD build/cc26x0-cc13x0/sensortag/cc2650//obj/aux_tdc.o
LOAD build/cc26x0-cc13x0/sensortag/cc2650//obj/flash.o
LOAD build/cc26x0-cc13x0/sensortag/cc2650//obj/smph.o
LOAD build/cc26x0-cc13x0/sensortag/cc2650//obj/vims.o
LOAD build/cc26x0-cc13x0/sensortag/cc2650//obj/gpio.o
LOAD build/cc26x0-cc13x0/sensortag/cc2650//obj/cpu.o
LOAD build/cc26x0-cc13x0/sensortag/cc2650//obj/pwr_ctrl.o
LOAD build/cc26x0-cc13x0/sensortag/cc2650//obj/aon_batmon.o
LOAD build/cc26x0-cc13x0/sensortag/cc2650//obj/ddi.o
LOAD build/cc26x0-cc13x0/sensortag/cc2650//obj/sys_ctrl.o
LOAD build/cc26x0-cc13x0/sensortag/cc2650//obj/event.o
LOAD build/cc26x0-cc13x0/sensortag/cc2650//obj/rom_crypto.o
LOAD build/cc26x0-cc13x0/sensortag/cc2650//obj/prcm.o
LOAD build/cc26x0-cc13x0/sensortag/cc2650//obj/aux_timer.o
LOAD build/cc26x0-cc13x0/sensortag/cc2650//obj/i2s.o
LOAD build/cc26x0-cc13x0/sensortag/cc2650//obj/aon_event.o
LOAD build/cc26x0-cc13x0/sensortag/cc2650//obj/aon_wuc.o
LOAD build/cc26x0-cc13x0/sensortag/cc2650//obj/aon_rtc.o
LOAD build/cc26x0-cc13x0/sensortag/cc2650//obj/chipinfo.o
LOAD build/cc26x0-cc13x0/sensortag/cc2650//obj/osc.o
LOAD build/cc26x0-cc13x0/sensortag/cc2650//obj/rfc.o
LOAD build/cc26x0-cc13x0/sensortag/cc2650//obj/syscalls.o
LOAD build/cc26x0-cc13x0/sensortag/cc2650//obj/strformat.o
LOAD build/cc26x0-cc13x0/sensortag/cc2650//obj/printf.o
LOAD build/cc26x0-cc13x0/sensortag/cc2650//obj/sprintf.o
LOAD build/cc26x0-cc13x0/sensortag/cc2650//obj/snprintf.o
LOAD build/cc26x0-cc13x0/sensortag/cc2650//obj/puts.o
LOAD build/cc26x0-cc13x0/sensortag/cc2650//obj/putchar.o
LOAD build/cc26x0-cc13x0/sensortag/cc2650//obj/csma-security.o
LOAD build/cc26x0-cc13x0/sensortag/cc2650//obj/anti-replay.o
LOAD build/cc26x0-cc13x0/sensortag/cc2650//obj/csma.o
LOAD build/cc26x0-cc13x0/sensortag/cc2650//obj/csma-output.o
LOAD build/cc26x0-cc13x0/sensortag/cc2650//obj/ccm-star-packetbuf.o
LOAD build/cc26x0-cc13x0/sensortag/cc2650//obj/nullnet.o
LOAD build/cc26x0-cc13x0/sensortag/cc2650//obj/nullrouting.o
LOAD mTorch.o
START GROUP
LOAD /home/hobian/arm/gcc-arm-none-eabi-8-2018-q4-major/bin/../lib/gcc/arm-none-eabi/8.2.1/../../../../arm-none-eabi/lib/thumb/v7-m/nofp/libm.a
END GROUP
START GROUP
LOAD /home/hobian/arm/gcc-arm-none-eabi-8-2018-q4-major/bin/../lib/gcc/arm-none-eabi/8.2.1/thumb/v7-m/nofp/libgcc.a
LOAD /home/hobian/arm/gcc-arm-none-eabi-8-2018-q4-major/bin/../lib/gcc/arm-none-eabi/8.2.1/../../../../arm-none-eabi/lib/thumb/v7-m/nofp/libc.a
END GROUP
                0x0000000020005000                _estack = (ORIGIN (SRAM) + LENGTH (SRAM))
                0x0000000000000000                _Min_Heap_Size = 0x0
                0x0000000000000400                _Min_Stack_Size = 0x400

.text           0x0000000000000000     0xa5dd
                0x0000000000000000                _text = .
 *(SORT_BY_ALIGNMENT(.vectors))
 .vectors       0x0000000000000000       0xc8 build/cc26x0-cc13x0/sensortag/cc2650//obj/startup_gcc.o
                0x0000000000000000                g_pfnVectors
 *(SORT_BY_ALIGNMENT(.text*))
 .text.value    0x00000000000000c8       0xb0 build/cc26x0-cc13x0/sensortag/cc2650//obj/opt-3001-sensor.o
 .text.value    0x0000000000000178       0x9c build/cc26x0-cc13x0/sensortag/cc2650//obj/hdc-1000-sensor.o
 *fill*         0x0000000000000214        0x4 00000000
 .text.value    0x0000000000000218      0x194 build/cc26x0-cc13x0/sensortag/cc2650//obj/mpu-9250-sensor.o
 *fill*         0x00000000000003ac        0x4 00000000
 .text.__ieee754_pow
                0x00000000000003b0      0xaa4 /home/hobian/arm/gcc-arm-none-eabi-8-2018-q4-major/bin/../lib/gcc/arm-none-eabi/8.2.1/../../../../arm-none-eabi/lib/thumb/v7-m/nofp/libm.a(lib_a-e_pow.o)
                0x00000000000003b0                __ieee754_pow
 *fill*         0x0000000000000e54        0x4 00000000
 .text.scalbn   0x0000000000000e58       0xf4 /home/hobian/arm/gcc-arm-none-eabi-8-2018-q4-major/bin/../lib/gcc/arm-none-eabi/8.2.1/../../../../arm-none-eabi/lib/thumb/v7-m/nofp/libm.a(lib_a-s_scalbn.o)
                0x0000000000000e58                scalbn
 .text.FaultISR
                0x0000000000000f4c       0x18 build/cc26x0-cc13x0/sensortag/cc2650//obj/fault-handlers.o
                0x0000000000000f4c                FaultISR
 .text.NmiSRHandler
                0x0000000000000f64        0x4 build/cc26x0-cc13x0/sensortag/cc2650//obj/startup_gcc.o
                0x0000000000000f64                NmiSR
 .text.IntDefaultHandler
                0x0000000000000f68        0x4 build/cc26x0-cc13x0/sensortag/cc2650//obj/startup_gcc.o
                0x0000000000000f68                SSI0IntHandler
                0x0000000000000f68                SWEvent0IntHandler
                0x0000000000000f68                uDMAIntHandler
                0x0000000000000f68                WatchdogIntHandler
                0x0000000000000f68                RFCHardwareIntHandler
                0x0000000000000f68                Timer1BIntHandler
                0x0000000000000f68                I2SIntHandler
                0x0000000000000f68                Timer2BIntHandler
                0x0000000000000f68                Timer2AIntHandler
                0x0000000000000f68                Timer1AIntHandler
                0x0000000000000f68                AONIntHandler
                0x0000000000000f68                AUXSWEvent0IntHandler
                0x0000000000000f68                AUXADCIntHandler
                0x0000000000000f68                PendSVIntHandler
                0x0000000000000f68                AUXSWEvent1IntHandler
                0x0000000000000f68                SVCallIntHandler
                0x0000000000000f68                MPUFaultIntHandler
                0x0000000000000f68                SysTickIntHandler
                0x0000000000000f68                BusFaultIntHandler
                0x0000000000000f68                AONProgIntHandler
                0x0000000000000f68                AUXCompAIntHandler
                0x0000000000000f68                SSI1IntHandler
                0x0000000000000f68                FlashIntHandler
                0x0000000000000f68                uDMAErrIntHandler
                0x0000000000000f68                UsageFaultIntHandler
                0x0000000000000f68                RFCCmdAckIntHandler
                0x0000000000000f68                CryptoIntHandler
                0x0000000000000f68                Timer0AIntHandler
                0x0000000000000f68                I2CIntHandler
                0x0000000000000f68                DebugMonIntHandler
                0x0000000000000f68                Timer0BIntHandler
                0x0000000000000f68                AUXCombEventIntHandler
                0x0000000000000f68                Timer3AIntHandler
                0x0000000000000f68                DynProgIntHandler
                0x0000000000000f68                Timer3BIntHandler
 .text.ResetISR
                0x0000000000000f6c       0x5c build/cc26x0-cc13x0/sensortag/cc2650//obj/startup_gcc.o
                0x0000000000000f6c                ResetISR
 .text.fade     0x0000000000000fc8       0x64 build/cc26x0-cc13x0/sensortag/cc2650//obj/platform.o
 .text.platform_init_stage_one
                0x000000000000102c       0x7c build/cc26x0-cc13x0/sensortag/cc2650//obj/platform.o
                0x000000000000102c                platform_init_stage_one
 .text.platform_init_stage_two
                0x00000000000010a8       0x2c build/cc26x0-cc13x0/sensortag/cc2650//obj/platform.o
                0x00000000000010a8                platform_init_stage_two
 .text.platform_init_stage_three
                0x00000000000010d4       0xd8 build/cc26x0-cc13x0/sensortag/cc2650//obj/platform.o
                0x00000000000010d4                platform_init_stage_three
 .text.platform_idle
                0x00000000000011ac        0x4 build/cc26x0-cc13x0/sensortag/cc2650//obj/platform.o
                0x00000000000011ac                platform_idle
 .text.sensor_common_read_reg
                0x00000000000011b0       0x1c build/cc26x0-cc13x0/sensortag/cc2650//obj/sensor-common.o
                0x00000000000011b0                sensor_common_read_reg
 .text.sensor_common_write_reg
                0x00000000000011cc       0x38 build/cc26x0-cc13x0/sensortag/cc2650//obj/sensor-common.o
                0x00000000000011cc                sensor_common_write_reg
 .text.sensor_common_set_error_data
                0x0000000000001204       0x18 build/cc26x0-cc13x0/sensortag/cc2650//obj/sensor-common.o
                0x0000000000001204                sensor_common_set_error_data
 .text.status   0x000000000000121c       0x14 build/cc26x0-cc13x0/sensortag/cc2650//obj/bmp-280-sensor.o
 .text.notify_ready
                0x0000000000001230       0x14 build/cc26x0-cc13x0/sensortag/cc2650//obj/bmp-280-sensor.o
 .text.enable_sensor
                0x0000000000001244       0x2c build/cc26x0-cc13x0/sensortag/cc2650//obj/bmp-280-sensor.o
 .text.configure
                0x0000000000001270       0x98 build/cc26x0-cc13x0/sensortag/cc2650//obj/bmp-280-sensor.o
 .text.value    0x0000000000001308      0x15c build/cc26x0-cc13x0/sensortag/cc2650//obj/bmp-280-sensor.o
 .text.status   0x0000000000001464       0x14 build/cc26x0-cc13x0/sensortag/cc2650//obj/tmp-007-sensor.o
 .text.notify_ready
                0x0000000000001478       0x14 build/cc26x0-cc13x0/sensortag/cc2650//obj/tmp-007-sensor.o
 .text.enable_sensor
                0x000000000000148c       0x2c build/cc26x0-cc13x0/sensortag/cc2650//obj/tmp-007-sensor.o
 .text.configure
                0x00000000000014b8       0x98 build/cc26x0-cc13x0/sensortag/cc2650//obj/tmp-007-sensor.o
 .text.value    0x0000000000001550       0xf0 build/cc26x0-cc13x0/sensortag/cc2650//obj/tmp-007-sensor.o
 .text.status   0x0000000000001640        0xc build/cc26x0-cc13x0/sensortag/cc2650//obj/opt-3001-sensor.o
 .text.enable_sensor
                0x000000000000164c       0x44 build/cc26x0-cc13x0/sensortag/cc2650//obj/opt-3001-sensor.o
 .text.notify_ready
                0x0000000000001690       0x54 build/cc26x0-cc13x0/sensortag/cc2650//obj/opt-3001-sensor.o
 .text.configure
                0x00000000000016e4       0x48 build/cc26x0-cc13x0/sensortag/cc2650//obj/opt-3001-sensor.o
 .text.status   0x000000000000172c       0x14 build/cc26x0-cc13x0/sensortag/cc2650//obj/hdc-1000-sensor.o
 .text.notify_ready
                0x0000000000001740       0x6c build/cc26x0-cc13x0/sensortag/cc2650//obj/hdc-1000-sensor.o
 .text.configure
                0x00000000000017ac       0xc4 build/cc26x0-cc13x0/sensortag/cc2650//obj/hdc-1000-sensor.o
 .text.acc_convert
                0x0000000000001870       0x70 build/cc26x0-cc13x0/sensortag/cc2650//obj/mpu-9250-sensor.o
 .text.status   0x00000000000018e0       0x14 build/cc26x0-cc13x0/sensortag/cc2650//obj/mpu-9250-sensor.o
 .text.notify_ready
                0x00000000000018f4       0x14 build/cc26x0-cc13x0/sensortag/cc2650//obj/mpu-9250-sensor.o
 .text.sensor_sleep
                0x0000000000001908       0x38 build/cc26x0-cc13x0/sensortag/cc2650//obj/mpu-9250-sensor.o
 .text.configure
                0x0000000000001940       0xdc build/cc26x0-cc13x0/sensortag/cc2650//obj/mpu-9250-sensor.o
 .text.int_status
                0x0000000000001a1c       0x28 build/cc26x0-cc13x0/sensortag/cc2650//obj/mpu-9250-sensor.o
 .text.initialise
                0x0000000000001a44       0xfc build/cc26x0-cc13x0/sensortag/cc2650//obj/mpu-9250-sensor.o
 .text.buzzer_init
                0x0000000000001b40        0xc build/cc26x0-cc13x0/sensortag/cc2650//obj/buzzer.o
                0x0000000000001b40                buzzer_init
 .text.buzzer_stop
                0x0000000000001b4c       0x74 build/cc26x0-cc13x0/sensortag/cc2650//obj/buzzer.o
                0x0000000000001b4c                buzzer_stop
 .text.power_domains_on
                0x0000000000001bc0       0x20 build/cc26x0-cc13x0/sensortag/cc2650//obj/board.o
 .text.lpm_wakeup_handler
                0x0000000000001be0        0x4 build/cc26x0-cc13x0/sensortag/cc2650//obj/board.o
 .text.shutdown_handler
                0x0000000000001be4       0x68 build/cc26x0-cc13x0/sensortag/cc2650//obj/board.o
 .text.board_init
                0x0000000000001c4c      0x110 build/cc26x0-cc13x0/sensortag/cc2650//obj/board.o
                0x0000000000001c4c                board_init
 .text.i2c_status
                0x0000000000001d5c       0x3c build/cc26x0-cc13x0/sensortag/cc2650//obj/board-i2c.o
 .text.accessible
                0x0000000000001d98       0x24 build/cc26x0-cc13x0/sensortag/cc2650//obj/board-i2c.o
 .text.board_i2c_wakeup
                0x0000000000001dbc       0x5c build/cc26x0-cc13x0/sensortag/cc2650//obj/board-i2c.o
                0x0000000000001dbc                board_i2c_wakeup
 .text.board_i2c_shutdown
                0x0000000000001e18       0xa4 build/cc26x0-cc13x0/sensortag/cc2650//obj/board-i2c.o
                0x0000000000001e18                board_i2c_shutdown
 .text.board_i2c_write
                0x0000000000001ebc      0x134 build/cc26x0-cc13x0/sensortag/cc2650//obj/board-i2c.o
                0x0000000000001ebc                board_i2c_write
 .text.board_i2c_write_single
                0x0000000000001ff0       0x70 build/cc26x0-cc13x0/sensortag/cc2650//obj/board-i2c.o
                0x0000000000001ff0                board_i2c_write_single
 .text.board_i2c_read
                0x0000000000002060       0xfc build/cc26x0-cc13x0/sensortag/cc2650//obj/board-i2c.o
                0x0000000000002060                board_i2c_read
 .text.board_i2c_write_read
                0x000000000000215c      0x1a8 build/cc26x0-cc13x0/sensortag/cc2650//obj/board-i2c.o
                0x000000000000215c                board_i2c_write_read
 .text.board_i2c_select
                0x0000000000002304       0xd4 build/cc26x0-cc13x0/sensortag/cc2650//obj/board-i2c.o
                0x0000000000002304                board_i2c_select
 .text.power_domain_on
                0x00000000000023d8       0x20 build/cc26x0-cc13x0/sensortag/cc2650//obj/clock.o
 .text.clock_init
                0x00000000000023f8       0x9c build/cc26x0-cc13x0/sensortag/cc2650//obj/clock.o
                0x00000000000023f8                clock_init
 .text.clock_time
                0x0000000000002494       0x34 build/cc26x0-cc13x0/sensortag/cc2650//obj/clock.o
                0x0000000000002494                clock_time
 .text.clock_update
                0x00000000000024c8       0x3c build/cc26x0-cc13x0/sensortag/cc2650//obj/clock.o
                0x00000000000024c8                clock_update
 .text.rtimer_arch_init
                0x0000000000002504        0x4 build/cc26x0-cc13x0/sensortag/cc2650//obj/rtimer-arch.o
                0x0000000000002504                rtimer_arch_init
 .text.rtimer_arch_schedule
                0x0000000000002508        0x8 build/cc26x0-cc13x0/sensortag/cc2650//obj/rtimer-arch.o
                0x0000000000002508                rtimer_arch_schedule
 .text.rtimer_arch_now
                0x0000000000002510        0x4 build/cc26x0-cc13x0/sensortag/cc2650//obj/rtimer-arch.o
                0x0000000000002510                rtimer_arch_now
 .text.soc_rtc_init
                0x0000000000002514       0xa0 build/cc26x0-cc13x0/sensortag/cc2650//obj/soc-rtc.o
                0x0000000000002514                soc_rtc_init
 .text.soc_rtc_schedule_one_shot
                0x00000000000025b4       0x70 build/cc26x0-cc13x0/sensortag/cc2650//obj/soc-rtc.o
                0x00000000000025b4                soc_rtc_schedule_one_shot
 .text.soc_rtc_last_isr_time
                0x0000000000002624        0xc build/cc26x0-cc13x0/sensortag/cc2650//obj/soc-rtc.o
                0x0000000000002624                soc_rtc_last_isr_time
 .text.AONRTCIntHandler
                0x0000000000002630       0x88 build/cc26x0-cc13x0/sensortag/cc2650//obj/soc-rtc.o
                0x0000000000002630                AONRTCIntHandler
 .text.watchdog_init
                0x00000000000026b8       0x1c build/cc26x0-cc13x0/sensortag/cc2650//obj/contiki-watchdog.o
                0x00000000000026b8                watchdog_init
 .text.watchdog_start
                0x00000000000026d4       0x64 build/cc26x0-cc13x0/sensortag/cc2650//obj/contiki-watchdog.o
                0x00000000000026d4                watchdog_start
 .text.watchdog_periodic
                0x0000000000002738       0x1c build/cc26x0-cc13x0/sensortag/cc2650//obj/contiki-watchdog.o
                0x0000000000002738                watchdog_periodic
 .text.aux_ctrl_power_up
                0x0000000000002754       0x28 build/cc26x0-cc13x0/sensortag/cc2650//obj/aux-ctrl.o
                0x0000000000002754                aux_ctrl_power_up
 .text.aux_ctrl_register_consumer
                0x000000000000277c       0x40 build/cc26x0-cc13x0/sensortag/cc2650//obj/aux-ctrl.o
                0x000000000000277c                aux_ctrl_register_consumer
 .text.aux_ctrl_power_down
                0x00000000000027bc       0x6c build/cc26x0-cc13x0/sensortag/cc2650//obj/aux-ctrl.o
                0x00000000000027bc                aux_ctrl_power_down
 .text.aux_ctrl_unregister_consumer
                0x0000000000002828       0x28 build/cc26x0-cc13x0/sensortag/cc2650//obj/aux-ctrl.o
                0x0000000000002828                aux_ctrl_unregister_consumer
 .text.dbg_send_bytes
                0x0000000000002850       0x44 build/cc26x0-cc13x0/sensortag/cc2650//obj/dbg.o
                0x0000000000002850                dbg_send_bytes
 .text.ieee_addr_cpy_to
                0x0000000000002894       0x44 build/cc26x0-cc13x0/sensortag/cc2650//obj/ieee-addr.o
                0x0000000000002894                ieee_addr_cpy_to
 .text.power_and_clock
                0x00000000000028d8       0x40 build/cc26x0-cc13x0/sensortag/cc2650//obj/cc26xx-uart.o
 .text.enable   0x0000000000002918       0xf0 build/cc26x0-cc13x0/sensortag/cc2650//obj/cc26xx-uart.o
 .text.accessible
                0x0000000000002a08       0x24 build/cc26x0-cc13x0/sensortag/cc2650//obj/cc26xx-uart.o
 .text.lpm_drop_handler
                0x0000000000002a2c       0xcc build/cc26x0-cc13x0/sensortag/cc2650//obj/cc26xx-uart.o
 .text.cc26xx_uart_init
                0x0000000000002af8       0x28 build/cc26x0-cc13x0/sensortag/cc2650//obj/cc26xx-uart.o
                0x0000000000002af8                cc26xx_uart_init
 .text.cc26xx_uart_write_byte
                0x0000000000002b20       0x28 build/cc26x0-cc13x0/sensortag/cc2650//obj/cc26xx-uart.o
                0x0000000000002b20                cc26xx_uart_write_byte
 .text.cc26xx_uart_busy
                0x0000000000002b48       0x18 build/cc26x0-cc13x0/sensortag/cc2650//obj/cc26xx-uart.o
                0x0000000000002b48                cc26xx_uart_busy
 .text.UART0IntHandler
                0x0000000000002b60       0x54 build/cc26x0-cc13x0/sensortag/cc2650//obj/cc26xx-uart.o
                0x0000000000002b60                UART0IntHandler
 .text.lpm_sleep
                0x0000000000002bb4       0x14 build/cc26x0-cc13x0/sensortag/cc2650//obj/lpm.o
                0x0000000000002bb4                lpm_sleep
 .text.lpm_drop
                0x0000000000002bc8      0x248 build/cc26x0-cc13x0/sensortag/cc2650//obj/lpm.o
                0x0000000000002bc8                lpm_drop
 .text.lpm_register_module
                0x0000000000002e10        0xc build/cc26x0-cc13x0/sensortag/cc2650//obj/lpm.o
                0x0000000000002e10                lpm_register_module
 .text.lpm_unregister_module
                0x0000000000002e1c        0xc build/cc26x0-cc13x0/sensortag/cc2650//obj/lpm.o
                0x0000000000002e1c                lpm_unregister_module
 .text.lpm_init
                0x0000000000002e28       0x20 build/cc26x0-cc13x0/sensortag/cc2650//obj/lpm.o
                0x0000000000002e28                lpm_init
 .text.lpm_pin_set_default_state
                0x0000000000002e48       0x2c build/cc26x0-cc13x0/sensortag/cc2650//obj/lpm.o
                0x0000000000002e48                lpm_pin_set_default_state
 .text.GPIOIntHandler
                0x0000000000002e74       0x10 build/cc26x0-cc13x0/sensortag/cc2650//obj/gpio-interrupt.o
                0x0000000000002e74                GPIOIntHandler
 .text.gpio_hal_arch_pin_cfg_set
                0x0000000000002e84       0x74 build/cc26x0-cc13x0/sensortag/cc2650//obj/gpio-hal-arch.o
                0x0000000000002e84                gpio_hal_arch_pin_cfg_set
 .text.gpio_hal_arch_read_pin
                0x0000000000002ef8       0x30 build/cc26x0-cc13x0/sensortag/cc2650//obj/gpio-hal-arch.o
                0x0000000000002ef8                gpio_hal_arch_read_pin
 .text.oscillators_select_lf_xosc
                0x0000000000002f28       0x5c build/cc26x0-cc13x0/sensortag/cc2650//obj/oscillators.o
                0x0000000000002f28                oscillators_select_lf_xosc
 .text.oscillators_request_hf_xosc
                0x0000000000002f84       0x30 build/cc26x0-cc13x0/sensortag/cc2650//obj/oscillators.o
                0x0000000000002f84                oscillators_request_hf_xosc
 .text.oscillators_switch_to_hf_xosc
                0x0000000000002fb4       0x34 build/cc26x0-cc13x0/sensortag/cc2650//obj/oscillators.o
                0x0000000000002fb4                oscillators_switch_to_hf_xosc
 .text.oscillators_switch_to_hf_rc
                0x0000000000002fe8       0x44 build/cc26x0-cc13x0/sensortag/cc2650//obj/oscillators.o
                0x0000000000002fe8                oscillators_switch_to_hf_rc
 .text.process_thread_rf_core_process
                0x000000000000302c       0x58 build/cc26x0-cc13x0/sensortag/cc2650//obj/rf-core.o
 .text.rf_core_is_accessible
                0x0000000000003084       0x10 build/cc26x0-cc13x0/sensortag/cc2650//obj/rf-core.o
                0x0000000000003084                rf_core_is_accessible
 .text.rf_core_send_cmd
                0x0000000000003094       0x94 build/cc26x0-cc13x0/sensortag/cc2650//obj/rf-core.o
                0x0000000000003094                rf_core_send_cmd
 .text.rf_core_wait_cmd_done
                0x0000000000003128       0x30 build/cc26x0-cc13x0/sensortag/cc2650//obj/rf-core.o
                0x0000000000003128                rf_core_wait_cmd_done
 .text.rf_core_power_up
                0x0000000000003158       0xcc build/cc26x0-cc13x0/sensortag/cc2650//obj/rf-core.o
                0x0000000000003158                rf_core_power_up
 .text.rf_core_start_rat
                0x0000000000003224       0x70 build/cc26x0-cc13x0/sensortag/cc2650//obj/rf-core.o
                0x0000000000003224                rf_core_start_rat
 .text.rf_core_stop_rat
                0x0000000000003294       0x88 build/cc26x0-cc13x0/sensortag/cc2650//obj/rf-core.o
                0x0000000000003294                rf_core_stop_rat
 .text.rf_core_power_down
                0x000000000000331c       0xf8 build/cc26x0-cc13x0/sensortag/cc2650//obj/rf-core.o
                0x000000000000331c                rf_core_power_down
 .text.rf_core_set_modesel
                0x0000000000003414       0x44 build/cc26x0-cc13x0/sensortag/cc2650//obj/rf-core.o
                0x0000000000003414                rf_core_set_modesel
 .text.rf_core_boot
                0x0000000000003458       0x1c build/cc26x0-cc13x0/sensortag/cc2650//obj/rf-core.o
                0x0000000000003458                rf_core_boot
 .text.rf_core_restart_rat
                0x0000000000003474       0x18 build/cc26x0-cc13x0/sensortag/cc2650//obj/rf-core.o
                0x0000000000003474                rf_core_restart_rat
 .text.rf_core_setup_interrupts
                0x000000000000348c       0x78 build/cc26x0-cc13x0/sensortag/cc2650//obj/rf-core.o
                0x000000000000348c                rf_core_setup_interrupts
 .text.rf_core_cmd_done_en
                0x0000000000003504       0x3c build/cc26x0-cc13x0/sensortag/cc2650//obj/rf-core.o
                0x0000000000003504                rf_core_cmd_done_en
 .text.rf_core_cmd_done_dis
                0x0000000000003540       0x20 build/cc26x0-cc13x0/sensortag/cc2650//obj/rf-core.o
                0x0000000000003540                rf_core_cmd_done_dis
 .text.rf_core_get_last_radio_op
                0x0000000000003560        0xc build/cc26x0-cc13x0/sensortag/cc2650//obj/rf-core.o
                0x0000000000003560                rf_core_get_last_radio_op
 .text.rf_core_init_radio_op
                0x000000000000356c       0x1c build/cc26x0-cc13x0/sensortag/cc2650//obj/rf-core.o
                0x000000000000356c                rf_core_init_radio_op
 .text.rf_core_primary_mode_register
                0x0000000000003588        0xc build/cc26x0-cc13x0/sensortag/cc2650//obj/rf-core.o
                0x0000000000003588                rf_core_primary_mode_register
 .text.rf_core_rat_init
                0x0000000000003594       0x2c build/cc26x0-cc13x0/sensortag/cc2650//obj/rf-core.o
                0x0000000000003594                rf_core_rat_init
 .text.rf_core_check_rat_overflow
                0x00000000000035c0       0x80 build/cc26x0-cc13x0/sensortag/cc2650//obj/rf-core.o
                0x00000000000035c0                rf_core_check_rat_overflow
 .text.rat_overflow_check_timer_cb
                0x0000000000003640       0x60 build/cc26x0-cc13x0/sensortag/cc2650//obj/rf-core.o
 .text.rf_core_convert_rat_to_rtimer
                0x00000000000036a0       0xa0 build/cc26x0-cc13x0/sensortag/cc2650//obj/rf-core.o
                0x00000000000036a0                rf_core_convert_rat_to_rtimer
 .text.RFCCPE1IntHandler
                0x0000000000003740       0x54 build/cc26x0-cc13x0/sensortag/cc2650//obj/rf-core.o
                0x0000000000003740                RFCCPE1IntHandler
 .text.RFCCPE0IntHandler
                0x0000000000003794       0x5c build/cc26x0-cc13x0/sensortag/cc2650//obj/rf-core.o
                0x0000000000003794                RFCCPE0IntHandler
 .text.rf_ble_is_active
                0x00000000000037f0        0xc build/cc26x0-cc13x0/sensortag/cc2650//obj/rf-ble.o
                0x00000000000037f0                rf_ble_is_active
 .text.rf_is_on
                0x00000000000037fc       0x1c build/cc26x0-cc13x0/sensortag/cc2650//obj/ieee-mode.o
 .text.rx_on    0x0000000000003818       0x64 build/cc26x0-cc13x0/sensortag/cc2650//obj/ieee-mode.o
 .text.prepare  0x000000000000387c       0x1c build/cc26x0-cc13x0/sensortag/cc2650//obj/ieee-mode.o
 .text.rf_radio_setup
                0x0000000000003898       0x5c build/cc26x0-cc13x0/sensortag/cc2650//obj/ieee-mode.o
 .text.soft_on  0x00000000000038f4       0x18 build/cc26x0-cc13x0/sensortag/cc2650//obj/ieee-mode.o
 .text.pending_packet
                0x000000000000390c       0x48 build/cc26x0-cc13x0/sensortag/cc2650//obj/ieee-mode.o
 .text.soft_off
                0x0000000000003954       0x54 build/cc26x0-cc13x0/sensortag/cc2650//obj/ieee-mode.o
 .text.get_object
                0x00000000000039a8       0x44 build/cc26x0-cc13x0/sensortag/cc2650//obj/ieee-mode.o
 .text.request  0x00000000000039ec       0x20 build/cc26x0-cc13x0/sensortag/cc2650//obj/ieee-mode.o
 .text.transmitting.part.2
                0x0000000000003a0c       0x48 build/cc26x0-cc13x0/sensortag/cc2650//obj/ieee-mode.o
 .text.rx_off   0x0000000000003a54       0x98 build/cc26x0-cc13x0/sensortag/cc2650//obj/ieee-mode.o
 .text.set_object
                0x0000000000003aec       0x60 build/cc26x0-cc13x0/sensortag/cc2650//obj/ieee-mode.o
 .text.get_cca_info
                0x0000000000003b4c       0x60 build/cc26x0-cc13x0/sensortag/cc2650//obj/ieee-mode.o
 .text.receiving_packet
                0x0000000000003bac       0x3c build/cc26x0-cc13x0/sensortag/cc2650//obj/ieee-mode.o
 .text.off.part.7
                0x0000000000003be8       0x84 build/cc26x0-cc13x0/sensortag/cc2650//obj/ieee-mode.o
 .text.off      0x0000000000003c6c       0x14 build/cc26x0-cc13x0/sensortag/cc2650//obj/ieee-mode.o
 .text.on       0x0000000000003c80       0x94 build/cc26x0-cc13x0/sensortag/cc2650//obj/ieee-mode.o
 .text.set_value
                0x0000000000003d14      0x188 build/cc26x0-cc13x0/sensortag/cc2650//obj/ieee-mode.o
 .text.get_value
                0x0000000000003e9c      0x1bc build/cc26x0-cc13x0/sensortag/cc2650//obj/ieee-mode.o
 .text.transmit
                0x0000000000004058       0xec build/cc26x0-cc13x0/sensortag/cc2650//obj/ieee-mode.o
 .text.send     0x0000000000004144       0x24 build/cc26x0-cc13x0/sensortag/cc2650//obj/ieee-mode.o
 .text.channel_clear
                0x0000000000004168       0xa0 build/cc26x0-cc13x0/sensortag/cc2650//obj/ieee-mode.o
 .text.read_frame
                0x0000000000004208       0xe8 build/cc26x0-cc13x0/sensortag/cc2650//obj/ieee-mode.o
 .text.init     0x00000000000042f0      0x128 build/cc26x0-cc13x0/sensortag/cc2650//obj/ieee-mode.o
 .text.random_rand
                0x0000000000004418        0xc build/cc26x0-cc13x0/sensortag/cc2650//obj/random.o
                0x0000000000004418                random_rand
 .text.random_init
                0x0000000000004424        0x4 build/cc26x0-cc13x0/sensortag/cc2650//obj/random.o
                0x0000000000004424                random_init
 .text.power_up
                0x0000000000004428       0x40 build/cc26x0-cc13x0/sensortag/cc2650//obj/soc-trng.o
 .text.request  0x0000000000004468       0x14 build/cc26x0-cc13x0/sensortag/cc2650//obj/soc-trng.o
 .text.process_thread_soc_trng_process
                0x000000000000447c       0x94 build/cc26x0-cc13x0/sensortag/cc2650//obj/soc-trng.o
 .text.accessible
                0x0000000000004510       0x24 build/cc26x0-cc13x0/sensortag/cc2650//obj/soc-trng.o
 .text.soc_trng_rand_synchronous
                0x0000000000004534       0xcc build/cc26x0-cc13x0/sensortag/cc2650//obj/soc-trng.o
                0x0000000000004534                soc_trng_rand_synchronous
 .text.TRNGIntHandler
                0x0000000000004600       0x50 build/cc26x0-cc13x0/sensortag/cc2650//obj/soc-trng.o
                0x0000000000004600                TRNGIntHandler
 .text.soc_trng_init
                0x0000000000004650       0x28 build/cc26x0-cc13x0/sensortag/cc2650//obj/soc-trng.o
                0x0000000000004650                soc_trng_init
 .text.int_master_read_and_disable
                0x0000000000004678       0x10 build/cc26x0-cc13x0/sensortag/cc2650//obj/int-master.o
                0x0000000000004678                int_master_read_and_disable
 .text.int_master_status_set
                0x0000000000004688        0x8 build/cc26x0-cc13x0/sensortag/cc2650//obj/int-master.o
                0x0000000000004688                int_master_status_set
 .text.spi_arch_has_lock
                0x0000000000004690       0x18 build/cc26x0-cc13x0/sensortag/cc2650//obj/spi-arch.o
                0x0000000000004690                spi_arch_has_lock
 .text.spi_arch_lock_and_open
                0x00000000000046a8      0x140 build/cc26x0-cc13x0/sensortag/cc2650//obj/spi-arch.o
                0x00000000000046a8                spi_arch_lock_and_open
 .text.spi_arch_close_and_unlock
                0x00000000000047e8       0xa0 build/cc26x0-cc13x0/sensortag/cc2650//obj/spi-arch.o
                0x00000000000047e8                spi_arch_close_and_unlock
 .text.spi_arch_transfer
                0x0000000000004888       0xdc build/cc26x0-cc13x0/sensortag/cc2650//obj/spi-arch.o
                0x0000000000004888                spi_arch_transfer
 .text.startup.main
                0x0000000000004964      0x190 build/cc26x0-cc13x0/sensortag/cc2650//obj/contiki-main.o
                0x0000000000004964                main
 .text.autostart_start
                0x0000000000004af4       0x18 build/cc26x0-cc13x0/sensortag/cc2650//obj/autostart.o
                0x0000000000004af4                autostart_start
 .text.process_thread_ctimer_process
                0x0000000000004b0c       0x94 build/cc26x0-cc13x0/sensortag/cc2650//obj/ctimer.o
 .text.ctimer_init
                0x0000000000004ba0       0x28 build/cc26x0-cc13x0/sensortag/cc2650//obj/ctimer.o
                0x0000000000004ba0                ctimer_init
 .text.ctimer_set_with_process
                0x0000000000004bc8       0x4c build/cc26x0-cc13x0/sensortag/cc2650//obj/ctimer.o
                0x0000000000004bc8                ctimer_set_with_process
 .text.ctimer_set
                0x0000000000004c14       0x18 build/cc26x0-cc13x0/sensortag/cc2650//obj/ctimer.o
                0x0000000000004c14                ctimer_set
 .text.ctimer_reset
                0x0000000000004c2c       0x44 build/cc26x0-cc13x0/sensortag/cc2650//obj/ctimer.o
                0x0000000000004c2c                ctimer_reset
 .text.ctimer_restart
                0x0000000000004c70       0x44 build/cc26x0-cc13x0/sensortag/cc2650//obj/ctimer.o
                0x0000000000004c70                ctimer_restart
 .text.ctimer_stop
                0x0000000000004cb4       0x34 build/cc26x0-cc13x0/sensortag/cc2650//obj/ctimer.o
                0x0000000000004cb4                ctimer_stop
 .text.ctimer_expired
                0x0000000000004ce8       0x38 build/cc26x0-cc13x0/sensortag/cc2650//obj/ctimer.o
                0x0000000000004ce8                ctimer_expired
 .text.log_lladdr
                0x0000000000004d20       0x54 build/cc26x0-cc13x0/sensortag/cc2650//obj/log.o
                0x0000000000004d20                log_lladdr
 .text.energest_init
                0x0000000000004d74        0x4 build/cc26x0-cc13x0/sensortag/cc2650//obj/energest.o
                0x0000000000004d74                energest_init
 .text.update_time.part.0
                0x0000000000004d78       0x3c build/cc26x0-cc13x0/sensortag/cc2650//obj/etimer.o
 .text.process_thread_etimer_process
                0x0000000000004db4       0xd4 build/cc26x0-cc13x0/sensortag/cc2650//obj/etimer.o
 .text.add_timer
                0x0000000000004e88       0x54 build/cc26x0-cc13x0/sensortag/cc2650//obj/etimer.o
 .text.etimer_request_poll
                0x0000000000004edc        0xc build/cc26x0-cc13x0/sensortag/cc2650//obj/etimer.o
                0x0000000000004edc                etimer_request_poll
 .text.etimer_set
                0x0000000000004ee8       0x14 build/cc26x0-cc13x0/sensortag/cc2650//obj/etimer.o
                0x0000000000004ee8                etimer_set
 .text.etimer_reset
                0x0000000000004efc       0x14 build/cc26x0-cc13x0/sensortag/cc2650//obj/etimer.o
                0x0000000000004efc                etimer_reset
 .text.etimer_restart
                0x0000000000004f10       0x14 build/cc26x0-cc13x0/sensortag/cc2650//obj/etimer.o
                0x0000000000004f10                etimer_restart
 .text.etimer_expired
                0x0000000000004f24        0xc build/cc26x0-cc13x0/sensortag/cc2650//obj/etimer.o
                0x0000000000004f24                etimer_expired
 .text.etimer_pending
                0x0000000000004f30       0x10 build/cc26x0-cc13x0/sensortag/cc2650//obj/etimer.o
                0x0000000000004f30                etimer_pending
 .text.etimer_next_expiration_time
                0x0000000000004f40       0x14 build/cc26x0-cc13x0/sensortag/cc2650//obj/etimer.o
                0x0000000000004f40                etimer_next_expiration_time
 .text.etimer_stop
                0x0000000000004f54       0x5c build/cc26x0-cc13x0/sensortag/cc2650//obj/etimer.o
                0x0000000000004f54                etimer_stop
 .text.node_id_init
                0x0000000000004fb0       0x18 build/cc26x0-cc13x0/sensortag/cc2650//obj/node-id.o
                0x0000000000004fb0                node_id_init
 .text.exit_process
                0x0000000000004fc8       0xb4 build/cc26x0-cc13x0/sensortag/cc2650//obj/process.o
 .text.call_process.part.0
                0x000000000000507c       0x38 build/cc26x0-cc13x0/sensortag/cc2650//obj/process.o
 .text.do_poll  0x00000000000050b4       0x38 build/cc26x0-cc13x0/sensortag/cc2650//obj/process.o
 .text.process_alloc_event
                0x00000000000050ec       0x10 build/cc26x0-cc13x0/sensortag/cc2650//obj/process.o
                0x00000000000050ec                process_alloc_event
 .text.process_start
                0x00000000000050fc       0x48 build/cc26x0-cc13x0/sensortag/cc2650//obj/process.o
                0x00000000000050fc                process_start
 .text.process_init
                0x0000000000005144       0x34 build/cc26x0-cc13x0/sensortag/cc2650//obj/process.o
                0x0000000000005144                process_init
 .text.process_run
                0x0000000000005178       0xa0 build/cc26x0-cc13x0/sensortag/cc2650//obj/process.o
                0x0000000000005178                process_run
 .text.process_nevents
                0x0000000000005218       0x14 build/cc26x0-cc13x0/sensortag/cc2650//obj/process.o
                0x0000000000005218                process_nevents
 .text.process_post
                0x000000000000522c       0x40 build/cc26x0-cc13x0/sensortag/cc2650//obj/process.o
                0x000000000000522c                process_post
 .text.process_poll
                0x000000000000526c       0x1c build/cc26x0-cc13x0/sensortag/cc2650//obj/process.o
                0x000000000000526c                process_poll
 .text.rtimer_init
                0x0000000000005288        0x4 build/cc26x0-cc13x0/sensortag/cc2650//obj/rtimer.o
                0x0000000000005288                rtimer_init
 .text.rtimer_run_next
                0x000000000000528c       0x28 build/cc26x0-cc13x0/sensortag/cc2650//obj/rtimer.o
                0x000000000000528c                rtimer_run_next
 .text.timer_set
                0x00000000000052b4       0x10 build/cc26x0-cc13x0/sensortag/cc2650//obj/timer.o
                0x00000000000052b4                timer_set
 .text.timer_reset
                0x00000000000052c4       0x1c build/cc26x0-cc13x0/sensortag/cc2650//obj/timer.o
                0x00000000000052c4                timer_reset
 .text.timer_restart
                0x00000000000052e0        0xc build/cc26x0-cc13x0/sensortag/cc2650//obj/timer.o
                0x00000000000052e0                timer_restart
 .text.timer_expired
                0x00000000000052ec       0x1c build/cc26x0-cc13x0/sensortag/cc2650//obj/timer.o
                0x00000000000052ec                timer_expired
 .text.stack_check_init
                0x0000000000005308       0x28 build/cc26x0-cc13x0/sensortag/cc2650//obj/stack-check.o
                0x0000000000005308                stack_check_init
 .text.stack_check_get_usage
                0x0000000000005330       0x54 build/cc26x0-cc13x0/sensortag/cc2650//obj/stack-check.o
                0x0000000000005330                stack_check_get_usage
 .text.process_thread_stack_check_process
                0x0000000000005384       0x8c build/cc26x0-cc13x0/sensortag/cc2650//obj/stack-check.o
 .text.duration_exceeded_callback
                0x0000000000005410       0x34 build/cc26x0-cc13x0/sensortag/cc2650//obj/button-hal.o
 .text.process_thread_button_hal_process
                0x0000000000005444       0x80 build/cc26x0-cc13x0/sensortag/cc2650//obj/button-hal.o
 .text.press_release_handler
                0x00000000000054c4       0x18 build/cc26x0-cc13x0/sensortag/cc2650//obj/button-hal.o
 .text.button_hal_get_by_index
                0x00000000000054dc       0x1c build/cc26x0-cc13x0/sensortag/cc2650//obj/button-hal.o
                0x00000000000054dc                button_hal_get_by_index
 .text.button_hal_get_state
                0x00000000000054f8       0x24 build/cc26x0-cc13x0/sensortag/cc2650//obj/button-hal.o
                0x00000000000054f8                button_hal_get_state
 .text.debounce_handler
                0x000000000000551c       0x74 build/cc26x0-cc13x0/sensortag/cc2650//obj/button-hal.o
 .text.button_hal_init
                0x0000000000005590       0xb4 build/cc26x0-cc13x0/sensortag/cc2650//obj/button-hal.o
                0x0000000000005590                button_hal_init
 .text.process_thread_serial_line_process
                0x0000000000005644       0xa4 build/cc26x0-cc13x0/sensortag/cc2650//obj/serial-line.o
 .text.serial_line_init
                0x00000000000056e8       0x24 build/cc26x0-cc13x0/sensortag/cc2650//obj/serial-line.o
                0x00000000000056e8                serial_line_init
 .text.spi_acquire
                0x000000000000570c       0x10 build/cc26x0-cc13x0/sensortag/cc2650//obj/spi.o
                0x000000000000570c                spi_acquire
 .text.spi_release
                0x000000000000571c       0x10 build/cc26x0-cc13x0/sensortag/cc2650//obj/spi.o
                0x000000000000571c                spi_release
 .text.spi_select
                0x000000000000572c       0x20 build/cc26x0-cc13x0/sensortag/cc2650//obj/spi.o
                0x000000000000572c                spi_select
 .text.spi_deselect
                0x000000000000574c       0x14 build/cc26x0-cc13x0/sensortag/cc2650//obj/spi.o
                0x000000000000574c                spi_deselect
 .text.spi_write_byte
                0x0000000000005760       0x3c build/cc26x0-cc13x0/sensortag/cc2650//obj/spi.o
                0x0000000000005760                spi_write_byte
 .text.spi_write
                0x000000000000579c       0x3c build/cc26x0-cc13x0/sensortag/cc2650//obj/spi.o
                0x000000000000579c                spi_write
 .text.spi_read
                0x00000000000057d8       0x3c build/cc26x0-cc13x0/sensortag/cc2650//obj/spi.o
                0x00000000000057d8                spi_read
 .text.leds_init
                0x0000000000005814       0x50 build/cc26x0-cc13x0/sensortag/cc2650//obj/leds.o
                0x0000000000005814                leds_init
 .text.leds_single_off
                0x0000000000005864       0x30 build/cc26x0-cc13x0/sensortag/cc2650//obj/leds.o
                0x0000000000005864                leds_single_off
 .text.leds_single_toggle
                0x0000000000005894       0x1c build/cc26x0-cc13x0/sensortag/cc2650//obj/leds.o
                0x0000000000005894                leds_single_toggle
 .text.leds_on  0x00000000000058b0       0x44 build/cc26x0-cc13x0/sensortag/cc2650//obj/leds.o
                0x00000000000058b0                leds_on
 .text.leds_off
                0x00000000000058f4       0x44 build/cc26x0-cc13x0/sensortag/cc2650//obj/leds.o
                0x00000000000058f4                leds_off
 .text.gpio_hal_register_handler
                0x0000000000005938        0xc build/cc26x0-cc13x0/sensortag/cc2650//obj/gpio-hal.o
                0x0000000000005938                gpio_hal_register_handler
 .text.gpio_hal_event_handler
                0x0000000000005944       0x28 build/cc26x0-cc13x0/sensortag/cc2650//obj/gpio-hal.o
                0x0000000000005944                gpio_hal_event_handler
 .text.gpio_hal_init
                0x000000000000596c        0xc build/cc26x0-cc13x0/sensortag/cc2650//obj/gpio-hal.o
                0x000000000000596c                gpio_hal_init
 .text.process_thread_sensors_process
                0x0000000000005978       0xf4 build/cc26x0-cc13x0/sensortag/cc2650//obj/sensors.o
 .text.sensors_changed
                0x0000000000005a6c       0x4c build/cc26x0-cc13x0/sensortag/cc2650//obj/sensors.o
                0x0000000000005a6c                sensors_changed
 .text.list_init
                0x0000000000005ab8        0x8 build/cc26x0-cc13x0/sensortag/cc2650//obj/list.o
                0x0000000000005ab8                list_init
 .text.list_head
                0x0000000000005ac0        0x4 build/cc26x0-cc13x0/sensortag/cc2650//obj/list.o
                0x0000000000005ac0                list_head
 .text.list_add
                0x0000000000005ac4       0x4c build/cc26x0-cc13x0/sensortag/cc2650//obj/list.o
                0x0000000000005ac4                list_add
 .text.list_remove
                0x0000000000005b10       0x38 build/cc26x0-cc13x0/sensortag/cc2650//obj/list.o
                0x0000000000005b10                list_remove
 .text.list_length
                0x0000000000005b48       0x14 build/cc26x0-cc13x0/sensortag/cc2650//obj/list.o
                0x0000000000005b48                list_length
 .text.list_item_next
                0x0000000000005b5c        0x8 build/cc26x0-cc13x0/sensortag/cc2650//obj/list.o
                0x0000000000005b5c                list_item_next
 .text.memb_init
                0x0000000000005b64       0x24 build/cc26x0-cc13x0/sensortag/cc2650//obj/memb.o
                0x0000000000005b64                memb_init
 .text.memb_alloc
                0x0000000000005b88       0x3c build/cc26x0-cc13x0/sensortag/cc2650//obj/memb.o
                0x0000000000005b88                memb_alloc
 .text.memb_free
                0x0000000000005bc4       0x3c build/cc26x0-cc13x0/sensortag/cc2650//obj/memb.o
                0x0000000000005bc4                memb_free
 .text.memb_inmemb
                0x0000000000005c00       0x1c build/cc26x0-cc13x0/sensortag/cc2650//obj/memb.o
                0x0000000000005c00                memb_inmemb
 .text.ringbuf_init
                0x0000000000005c1c       0x10 build/cc26x0-cc13x0/sensortag/cc2650//obj/ringbuf.o
                0x0000000000005c1c                ringbuf_init
 .text.ringbuf_get
                0x0000000000005c2c       0x24 build/cc26x0-cc13x0/sensortag/cc2650//obj/ringbuf.o
                0x0000000000005c2c                ringbuf_get
 .text.queuebuf_init
                0x0000000000005c50       0x1c build/cc26x0-cc13x0/sensortag/cc2650//obj/queuebuf.o
                0x0000000000005c50                queuebuf_init
 .text.queuebuf_new_from_packetbuf
                0x0000000000005c6c       0x44 build/cc26x0-cc13x0/sensortag/cc2650//obj/queuebuf.o
                0x0000000000005c6c                queuebuf_new_from_packetbuf
 .text.queuebuf_update_attr_from_packetbuf
                0x0000000000005cb0        0xc build/cc26x0-cc13x0/sensortag/cc2650//obj/queuebuf.o
                0x0000000000005cb0                queuebuf_update_attr_from_packetbuf
 .text.queuebuf_free
                0x0000000000005cbc       0x2c build/cc26x0-cc13x0/sensortag/cc2650//obj/queuebuf.o
                0x0000000000005cbc                queuebuf_free
 .text.queuebuf_to_packetbuf
                0x0000000000005ce8       0x30 build/cc26x0-cc13x0/sensortag/cc2650//obj/queuebuf.o
                0x0000000000005ce8                queuebuf_to_packetbuf
 .text.packetbuf_copyto
                0x0000000000005d18       0x4c build/cc26x0-cc13x0/sensortag/cc2650//obj/packetbuf.o
                0x0000000000005d18                packetbuf_copyto
 .text.packetbuf_hdralloc
                0x0000000000005d64       0x60 build/cc26x0-cc13x0/sensortag/cc2650//obj/packetbuf.o
                0x0000000000005d64                packetbuf_hdralloc
 .text.packetbuf_hdrreduce
                0x0000000000005dc4       0x2c build/cc26x0-cc13x0/sensortag/cc2650//obj/packetbuf.o
                0x0000000000005dc4                packetbuf_hdrreduce
 .text.packetbuf_set_datalen
                0x0000000000005df0        0xc build/cc26x0-cc13x0/sensortag/cc2650//obj/packetbuf.o
                0x0000000000005df0                packetbuf_set_datalen
 .text.packetbuf_dataptr
                0x0000000000005dfc       0x20 build/cc26x0-cc13x0/sensortag/cc2650//obj/packetbuf.o
                0x0000000000005dfc                packetbuf_dataptr
 .text.packetbuf_hdrptr
                0x0000000000005e1c        0x8 build/cc26x0-cc13x0/sensortag/cc2650//obj/packetbuf.o
                0x0000000000005e1c                packetbuf_hdrptr
 .text.packetbuf_datalen
                0x0000000000005e24        0xc build/cc26x0-cc13x0/sensortag/cc2650//obj/packetbuf.o
                0x0000000000005e24                packetbuf_datalen
 .text.packetbuf_totlen
                0x0000000000005e30       0x24 build/cc26x0-cc13x0/sensortag/cc2650//obj/packetbuf.o
                0x0000000000005e30                packetbuf_totlen
 .text.packetbuf_attr_clear
                0x0000000000005e54       0x34 build/cc26x0-cc13x0/sensortag/cc2650//obj/packetbuf.o
                0x0000000000005e54                packetbuf_attr_clear
 .text.packetbuf_clear
                0x0000000000005e88       0x20 build/cc26x0-cc13x0/sensortag/cc2650//obj/packetbuf.o
                0x0000000000005e88                packetbuf_clear
 .text.packetbuf_copyfrom
                0x0000000000005ea8       0x40 build/cc26x0-cc13x0/sensortag/cc2650//obj/packetbuf.o
                0x0000000000005ea8                packetbuf_copyfrom
 .text.packetbuf_attr_copyto
                0x0000000000005ee8       0x24 build/cc26x0-cc13x0/sensortag/cc2650//obj/packetbuf.o
                0x0000000000005ee8                packetbuf_attr_copyto
 .text.packetbuf_attr_copyfrom
                0x0000000000005f0c       0x24 build/cc26x0-cc13x0/sensortag/cc2650//obj/packetbuf.o
                0x0000000000005f0c                packetbuf_attr_copyfrom
 .text.packetbuf_set_attr
                0x0000000000005f30       0x10 build/cc26x0-cc13x0/sensortag/cc2650//obj/packetbuf.o
                0x0000000000005f30                packetbuf_set_attr
 .text.packetbuf_attr
                0x0000000000005f40        0xc build/cc26x0-cc13x0/sensortag/cc2650//obj/packetbuf.o
                0x0000000000005f40                packetbuf_attr
 .text.packetbuf_set_addr
                0x0000000000005f4c       0x18 build/cc26x0-cc13x0/sensortag/cc2650//obj/packetbuf.o
                0x0000000000005f4c                packetbuf_set_addr
 .text.packetbuf_addr
                0x0000000000005f64       0x10 build/cc26x0-cc13x0/sensortag/cc2650//obj/packetbuf.o
                0x0000000000005f64                packetbuf_addr
 .text.packetbuf_holds_broadcast
                0x0000000000005f74       0x10 build/cc26x0-cc13x0/sensortag/cc2650//obj/packetbuf.o
                0x0000000000005f74                packetbuf_holds_broadcast
 .text.netstack_init
                0x0000000000005f84       0x24 build/cc26x0-cc13x0/sensortag/cc2650//obj/netstack.o
                0x0000000000005f84                netstack_init
 .text.linkaddr_copy
                0x0000000000005fa8        0x8 build/cc26x0-cc13x0/sensortag/cc2650//obj/linkaddr.o
                0x0000000000005fa8                linkaddr_copy
 .text.linkaddr_cmp
                0x0000000000005fb0       0x10 build/cc26x0-cc13x0/sensortag/cc2650//obj/linkaddr.o
                0x0000000000005fb0                linkaddr_cmp
 .text.mac_sequence_is_duplicate
                0x0000000000005fc0       0x4c build/cc26x0-cc13x0/sensortag/cc2650//obj/mac-sequence.o
                0x0000000000005fc0                mac_sequence_is_duplicate
 .text.mac_sequence_register_seqno
                0x000000000000600c       0x64 build/cc26x0-cc13x0/sensortag/cc2650//obj/mac-sequence.o
                0x000000000000600c                mac_sequence_register_seqno
 .text.mac_call_sent_callback
                0x0000000000006070       0x18 build/cc26x0-cc13x0/sensortag/cc2650//obj/mac.o
                0x0000000000006070                mac_call_sent_callback
 .text.parse    0x0000000000006088       0xa0 build/cc26x0-cc13x0/sensortag/cc2650//obj/framer-802154.o
 .text.framer_802154_setup_params.part.0
                0x0000000000006128       0x88 build/cc26x0-cc13x0/sensortag/cc2650//obj/framer-802154.o
 .text.create_frame
                0x00000000000061b0       0xe0 build/cc26x0-cc13x0/sensortag/cc2650//obj/framer-802154.o
 .text.create   0x0000000000006290        0x8 build/cc26x0-cc13x0/sensortag/cc2650//obj/framer-802154.o
 .text.hdr_length
                0x0000000000006298        0x8 build/cc26x0-cc13x0/sensortag/cc2650//obj/framer-802154.o
 .text.frame802154_get_pan_id
                0x00000000000062a0        0xc build/cc26x0-cc13x0/sensortag/cc2650//obj/frame802154.o
                0x00000000000062a0                frame802154_get_pan_id
 .text.frame802154_has_panid
                0x00000000000062ac       0xd8 build/cc26x0-cc13x0/sensortag/cc2650//obj/frame802154.o
                0x00000000000062ac                frame802154_has_panid
 .text.field_len
                0x0000000000006384       0x8c build/cc26x0-cc13x0/sensortag/cc2650//obj/frame802154.o
 .text.frame802154_is_broadcast_addr
                0x0000000000006410       0x24 build/cc26x0-cc13x0/sensortag/cc2650//obj/frame802154.o
                0x0000000000006410                frame802154_is_broadcast_addr
 .text.frame802154_hdrlen
                0x0000000000006434       0x34 build/cc26x0-cc13x0/sensortag/cc2650//obj/frame802154.o
                0x0000000000006434                frame802154_hdrlen
 .text.frame802154_create_fcf
                0x0000000000006468       0x64 build/cc26x0-cc13x0/sensortag/cc2650//obj/frame802154.o
                0x0000000000006468                frame802154_create_fcf
 .text.frame802154_create
                0x00000000000064cc       0xa4 build/cc26x0-cc13x0/sensortag/cc2650//obj/frame802154.o
                0x00000000000064cc                frame802154_create
 .text.frame802154_parse_fcf
                0x0000000000006570       0x64 build/cc26x0-cc13x0/sensortag/cc2650//obj/frame802154.o
                0x0000000000006570                frame802154_parse_fcf
 .text.frame802154_parse
                0x00000000000065d4      0x138 build/cc26x0-cc13x0/sensortag/cc2650//obj/frame802154.o
                0x00000000000065d4                frame802154_parse
 .text.verify_part
                0x000000000000670c       0x74 build/cc26x0-cc13x0/sensortag/cc2650//obj/ext-flash.o
 .text.wait_ready
                0x0000000000006780       0x64 build/cc26x0-cc13x0/sensortag/cc2650//obj/ext-flash.o
 .text.ext_flash_open
                0x00000000000067e4       0x74 build/cc26x0-cc13x0/sensortag/cc2650//obj/ext-flash.o
                0x00000000000067e4                ext_flash_open
 .text.ext_flash_close
                0x0000000000006858       0x64 build/cc26x0-cc13x0/sensortag/cc2650//obj/ext-flash.o
                0x0000000000006858                ext_flash_close
 .text.ext_flash_init
                0x00000000000068bc       0x18 build/cc26x0-cc13x0/sensortag/cc2650//obj/ext-flash.o
                0x00000000000068bc                ext_flash_init
 .text.NOROM_SetupGetTrimForXoscHfCtl.part.3
                0x00000000000068d4       0x20 build/cc26x0-cc13x0/sensortag/cc2650//obj/setup_rom.o
 .text.NOROM_SetupGetTrimForRadcExtCfg.part.4
                0x00000000000068f4       0x1c build/cc26x0-cc13x0/sensortag/cc2650//obj/setup_rom.o
 .text.NOROM_SetupAfterColdResetWakeupFromShutDownCfg1
                0x0000000000006910       0x74 build/cc26x0-cc13x0/sensortag/cc2650//obj/setup_rom.o
                0x0000000000006910                NOROM_SetupAfterColdResetWakeupFromShutDownCfg1
 .text.NOROM_SetupAfterColdResetWakeupFromShutDownCfg3
                0x0000000000006984      0x1ac build/cc26x0-cc13x0/sensortag/cc2650//obj/setup_rom.o
                0x0000000000006984                NOROM_SetupAfterColdResetWakeupFromShutDownCfg3
 .text.NOROM_SetupGetTrimForAnabypassValue1
                0x0000000000006b30       0x64 build/cc26x0-cc13x0/sensortag/cc2650//obj/setup_rom.o
                0x0000000000006b30                NOROM_SetupGetTrimForAnabypassValue1
 .text.NOROM_SetupGetTrimForAmpcompCtrl
                0x0000000000006b94       0x58 build/cc26x0-cc13x0/sensortag/cc2650//obj/setup_rom.o
                0x0000000000006b94                NOROM_SetupGetTrimForAmpcompCtrl
 .text.NOROM_SetupAfterColdResetWakeupFromShutDownCfg2
                0x0000000000006bec      0x190 build/cc26x0-cc13x0/sensortag/cc2650//obj/setup_rom.o
                0x0000000000006bec                NOROM_SetupAfterColdResetWakeupFromShutDownCfg2
 .text.NOROM_SetupSetCacheModeAccordingToCcfgSetting
                0x0000000000006d7c       0x6c build/cc26x0-cc13x0/sensortag/cc2650//obj/setup_rom.o
                0x0000000000006d7c                NOROM_SetupSetCacheModeAccordingToCcfgSetting
 .text.TrimAfterColdResetWakeupFromShutDown
                0x0000000000006de8       0xe0 build/cc26x0-cc13x0/sensortag/cc2650//obj/setup.o
 .text.NOROM_SetupTrimDevice
                0x0000000000006ec8       0xa0 build/cc26x0-cc13x0/sensortag/cc2650//obj/setup.o
                0x0000000000006ec8                NOROM_SetupTrimDevice
 .text.NOROM_TRNGConfigure
                0x0000000000006f68       0x38 build/cc26x0-cc13x0/sensortag/cc2650//obj/trng.o
                0x0000000000006f68                NOROM_TRNGConfigure
 .text.SafeHapiVoid
                0x0000000000006fa0       0x28 build/cc26x0-cc13x0/sensortag/cc2650//obj/adi.o
                0x0000000000006fa0                SafeHapiVoid
 .text.NOROM_CPUcpsid
                0x0000000000006fc8        0x8 build/cc26x0-cc13x0/sensortag/cc2650//obj/cpu.o
                0x0000000000006fc8                NOROM_CPUcpsid
 .text.NOROM_CPUcpsie
                0x0000000000006fd0        0x8 build/cc26x0-cc13x0/sensortag/cc2650//obj/cpu.o
                0x0000000000006fd0                NOROM_CPUcpsie
 .text.NOROM_CPUdelay
                0x0000000000006fd8        0x8 build/cc26x0-cc13x0/sensortag/cc2650//obj/cpu.o
                0x0000000000006fd8                NOROM_CPUdelay
 .text.NOROM_PowerCtrlSourceSet
                0x0000000000006fe0       0x30 build/cc26x0-cc13x0/sensortag/cc2650//obj/pwr_ctrl.o
                0x0000000000006fe0                NOROM_PowerCtrlSourceSet
 .text.NOROM_AONBatMonTemperatureGetDegC
                0x0000000000007010       0x30 build/cc26x0-cc13x0/sensortag/cc2650//obj/aon_batmon.o
                0x0000000000007010                NOROM_AONBatMonTemperatureGetDegC
 .text.NOROM_DDI32RegWrite
                0x0000000000007040       0x2c build/cc26x0-cc13x0/sensortag/cc2650//obj/ddi.o
                0x0000000000007040                NOROM_DDI32RegWrite
 .text.NOROM_DDI16BitfieldWrite
                0x000000000000706c       0x48 build/cc26x0-cc13x0/sensortag/cc2650//obj/ddi.o
                0x000000000000706c                NOROM_DDI16BitfieldWrite
 .text.NOROM_DDI16BitfieldRead
                0x00000000000070b4       0x44 build/cc26x0-cc13x0/sensortag/cc2650//obj/ddi.o
                0x00000000000070b4                NOROM_DDI16BitfieldRead
 .text.NOROM_SysCtrlSetRechargeBeforePowerDown
                0x00000000000070f8      0x230 build/cc26x0-cc13x0/sensortag/cc2650//obj/sys_ctrl.o
                0x00000000000070f8                NOROM_SysCtrlSetRechargeBeforePowerDown
 .text.NOROM_SysCtrlAdjustRechargeAfterPowerDown
                0x0000000000007328       0x64 build/cc26x0-cc13x0/sensortag/cc2650//obj/sys_ctrl.o
                0x0000000000007328                NOROM_SysCtrlAdjustRechargeAfterPowerDown
 .text.NOROM_SysCtrl_DCDC_VoltageConditionalControl
                0x000000000000738c       0x7c build/cc26x0-cc13x0/sensortag/cc2650//obj/sys_ctrl.o
                0x000000000000738c                NOROM_SysCtrl_DCDC_VoltageConditionalControl
 .text.NOROM_AONRTCCurrentCompareValueGet
                0x0000000000007408       0x24 build/cc26x0-cc13x0/sensortag/cc2650//obj/aon_rtc.o
                0x0000000000007408                NOROM_AONRTCCurrentCompareValueGet
 .text.NOROM_ChipInfo_GetChipFamily
                0x000000000000742c       0x4c build/cc26x0-cc13x0/sensortag/cc2650//obj/chipinfo.o
                0x000000000000742c                NOROM_ChipInfo_GetChipFamily
 .text.NOROM_ChipInfo_GetChipType
                0x0000000000007478       0x50 build/cc26x0-cc13x0/sensortag/cc2650//obj/chipinfo.o
                0x0000000000007478                NOROM_ChipInfo_GetChipType
 .text.NOROM_ChipInfo_GetHwRevision
                0x00000000000074c8       0x8c build/cc26x0-cc13x0/sensortag/cc2650//obj/chipinfo.o
                0x00000000000074c8                NOROM_ChipInfo_GetHwRevision
 .text.NOROM_ThisCodeIsBuiltForCC26xxHwRev22AndLater_HaltIfViolated
                0x0000000000007554       0x14 build/cc26x0-cc13x0/sensortag/cc2650//obj/chipinfo.o
                0x0000000000007554                NOROM_ThisCodeIsBuiltForCC26xxHwRev22AndLater_HaltIfViolated
 .text.NOROM_OSCClockSourceSet
                0x0000000000007568       0x58 build/cc26x0-cc13x0/sensortag/cc2650//obj/osc.o
                0x0000000000007568                NOROM_OSCClockSourceSet
 .text.NOROM_OSCClockSourceGet
                0x00000000000075c0       0x20 build/cc26x0-cc13x0/sensortag/cc2650//obj/osc.o
                0x00000000000075c0                NOROM_OSCClockSourceGet
 .text.fill_space.isra.0
                0x00000000000075e0       0x44 build/cc26x0-cc13x0/sensortag/cc2650//obj/strformat.o
 .text.format_str_v
                0x0000000000007624      0x89c build/cc26x0-cc13x0/sensortag/cc2650//obj/strformat.o
                0x0000000000007624                format_str_v
 .text.write_str
                0x0000000000007ec0       0x14 build/cc26x0-cc13x0/sensortag/cc2650//obj/printf.o
 .text.printf   0x0000000000007ed4       0x24 build/cc26x0-cc13x0/sensortag/cc2650//obj/printf.o
                0x0000000000007ed4                printf
 .text.csma_security_create_frame
                0x0000000000007ef8       0x18 build/cc26x0-cc13x0/sensortag/cc2650//obj/csma-security.o
                0x0000000000007ef8                csma_security_create_frame
 .text.csma_security_parse_frame
                0x0000000000007f10        0xc build/cc26x0-cc13x0/sensortag/cc2650//obj/csma-security.o
                0x0000000000007f10                csma_security_parse_frame
 .text.on       0x0000000000007f1c        0xc build/cc26x0-cc13x0/sensortag/cc2650//obj/csma.o
 .text.off      0x0000000000007f28        0xc build/cc26x0-cc13x0/sensortag/cc2650//obj/csma.o
 .text.max_payload
                0x0000000000007f34       0x18 build/cc26x0-cc13x0/sensortag/cc2650//obj/csma.o
 .text.send_packet
                0x0000000000007f4c        0x4 build/cc26x0-cc13x0/sensortag/cc2650//obj/csma.o
 .text.init     0x0000000000007f50       0x14 build/cc26x0-cc13x0/sensortag/cc2650//obj/csma.o
 .text.input_packet
                0x0000000000007f64       0x64 build/cc26x0-cc13x0/sensortag/cc2650//obj/csma.o
 .text.schedule_transmission
                0x0000000000007fc8       0x38 build/cc26x0-cc13x0/sensortag/cc2650//obj/csma-output.o
 .text.tx_done  0x0000000000008000       0x8c build/cc26x0-cc13x0/sensortag/cc2650//obj/csma-output.o
 .text.transmit_from_queue
                0x000000000000808c      0x1bc build/cc26x0-cc13x0/sensortag/cc2650//obj/csma-output.o
 .text.csma_output_packet
                0x0000000000008248      0x154 build/cc26x0-cc13x0/sensortag/cc2650//obj/csma-output.o
                0x0000000000008248                csma_output_packet
 .text.csma_output_init
                0x000000000000839c       0x24 build/cc26x0-cc13x0/sensortag/cc2650//obj/csma-output.o
                0x000000000000839c                csma_output_init
 .text.init     0x00000000000083c0        0xc build/cc26x0-cc13x0/sensortag/cc2650//obj/nullnet.o
 .text.output   0x00000000000083cc       0x54 build/cc26x0-cc13x0/sensortag/cc2650//obj/nullnet.o
 .text.input    0x0000000000008420       0x3c build/cc26x0-cc13x0/sensortag/cc2650//obj/nullnet.o
 .text.nullnet_set_input_callback
                0x000000000000845c        0xc build/cc26x0-cc13x0/sensortag/cc2650//obj/nullnet.o
                0x000000000000845c                nullnet_set_input_callback
 .text.init     0x0000000000008468        0x4 build/cc26x0-cc13x0/sensortag/cc2650//obj/nullrouting.o
 .text.root_set_prefix
                0x000000000000846c        0x4 build/cc26x0-cc13x0/sensortag/cc2650//obj/nullrouting.o
 .text.root_start
                0x0000000000008470        0x4 build/cc26x0-cc13x0/sensortag/cc2650//obj/nullrouting.o
 .text.get_root_ipaddr
                0x0000000000008474        0x4 build/cc26x0-cc13x0/sensortag/cc2650//obj/nullrouting.o
 .text.get_sr_node_ipaddr
                0x0000000000008478        0x4 build/cc26x0-cc13x0/sensortag/cc2650//obj/nullrouting.o
 .text.node_has_joined
                0x000000000000847c        0x4 build/cc26x0-cc13x0/sensortag/cc2650//obj/nullrouting.o
 .text.global_repair
                0x0000000000008480        0x4 build/cc26x0-cc13x0/sensortag/cc2650//obj/nullrouting.o
 .text.ext_header_hbh_update
                0x0000000000008484        0x4 build/cc26x0-cc13x0/sensortag/cc2650//obj/nullrouting.o
 .text.link_callback
                0x0000000000008488        0x4 build/cc26x0-cc13x0/sensortag/cc2650//obj/nullrouting.o
 .text.local_repair
                0x000000000000848c        0x4 build/cc26x0-cc13x0/sensortag/cc2650//obj/nullrouting.o
 .text.ext_header_srh_get_next_hop
                0x0000000000008490        0x4 build/cc26x0-cc13x0/sensortag/cc2650//obj/nullrouting.o
 .text.neighbor_state_changed
                0x0000000000008494        0x4 build/cc26x0-cc13x0/sensortag/cc2650//obj/nullrouting.o
 .text.drop_route
                0x0000000000008498        0x4 build/cc26x0-cc13x0/sensortag/cc2650//obj/nullrouting.o
 .text.node_is_root
                0x000000000000849c        0x4 build/cc26x0-cc13x0/sensortag/cc2650//obj/nullrouting.o
 .text.node_is_reachable
                0x00000000000084a0        0x4 build/cc26x0-cc13x0/sensortag/cc2650//obj/nullrouting.o
 .text.ext_header_update
                0x00000000000084a4        0x4 build/cc26x0-cc13x0/sensortag/cc2650//obj/nullrouting.o
 .text.ext_header_srh_update
                0x00000000000084a8        0x4 build/cc26x0-cc13x0/sensortag/cc2650//obj/nullrouting.o
 .text.leave_network
                0x00000000000084ac        0x4 build/cc26x0-cc13x0/sensortag/cc2650//obj/nullrouting.o
 .text.ext_header_remove
                0x00000000000084b0        0x4 build/cc26x0-cc13x0/sensortag/cc2650//obj/nullrouting.o
 .text.init_opt_reading
                0x00000000000084b4       0x10 mTorch.o
 .text.process_thread_mTorch_process
                0x00000000000084c4      0x118 mTorch.o
 .text.my_toggle_func
                0x00000000000085dc       0x54 mTorch.o
 .text.input_callback
                0x0000000000008630       0x98 mTorch.o
                0x0000000000008630                input_callback
 .text.exp2     0x00000000000086c8       0x10 /home/hobian/arm/gcc-arm-none-eabi-8-2018-q4-major/bin/../lib/gcc/arm-none-eabi/8.2.1/../../../../arm-none-eabi/lib/thumb/v7-m/nofp/libm.a(lib_a-w_exp2.o)
                0x00000000000086c8                exp2
 .text.pow      0x00000000000086d8      0x320 /home/hobian/arm/gcc-arm-none-eabi-8-2018-q4-major/bin/../lib/gcc/arm-none-eabi/8.2.1/../../../../arm-none-eabi/lib/thumb/v7-m/nofp/libm.a(lib_a-w_pow.o)
                0x00000000000086d8                pow
 .text.__ieee754_sqrt
                0x00000000000089f8      0x184 /home/hobian/arm/gcc-arm-none-eabi-8-2018-q4-major/bin/../lib/gcc/arm-none-eabi/8.2.1/../../../../arm-none-eabi/lib/thumb/v7-m/nofp/libm.a(lib_a-e_sqrt.o)
                0x00000000000089f8                __ieee754_sqrt
 .text.fabs     0x0000000000008b7c        0x8 /home/hobian/arm/gcc-arm-none-eabi-8-2018-q4-major/bin/../lib/gcc/arm-none-eabi/8.2.1/../../../../arm-none-eabi/lib/thumb/v7-m/nofp/libm.a(lib_a-s_fabs.o)
                0x0000000000008b7c                fabs
 .text.finite   0x0000000000008b84        0xc /home/hobian/arm/gcc-arm-none-eabi-8-2018-q4-major/bin/../lib/gcc/arm-none-eabi/8.2.1/../../../../arm-none-eabi/lib/thumb/v7-m/nofp/libm.a(lib_a-s_finite.o)
                0x0000000000008b84                finite
 .text.matherr  0x0000000000008b90        0x4 /home/hobian/arm/gcc-arm-none-eabi-8-2018-q4-major/bin/../lib/gcc/arm-none-eabi/8.2.1/../../../../arm-none-eabi/lib/thumb/v7-m/nofp/libm.a(lib_a-s_matherr.o)
                0x0000000000008b90                matherr
 .text.nan      0x0000000000008b94        0xc /home/hobian/arm/gcc-arm-none-eabi-8-2018-q4-major/bin/../lib/gcc/arm-none-eabi/8.2.1/../../../../arm-none-eabi/lib/thumb/v7-m/nofp/libm.a(lib_a-s_nan.o)
                0x0000000000008b94                nan
 .text.rint     0x0000000000008ba0      0x114 /home/hobian/arm/gcc-arm-none-eabi-8-2018-q4-major/bin/../lib/gcc/arm-none-eabi/8.2.1/../../../../arm-none-eabi/lib/thumb/v7-m/nofp/libm.a(lib_a-s_rint.o)
                0x0000000000008ba0                rint
 .text          0x0000000000008cb4      0x378 /home/hobian/arm/gcc-arm-none-eabi-8-2018-q4-major/bin/../lib/gcc/arm-none-eabi/8.2.1/thumb/v7-m/nofp/libgcc.a(_arm_addsubdf3.o)
                0x0000000000008cb4                __aeabi_drsub
                0x0000000000008cbc                __aeabi_dsub
                0x0000000000008cbc                __subdf3
                0x0000000000008cc0                __adddf3
                0x0000000000008cc0                __aeabi_dadd
                0x0000000000008f38                __aeabi_ui2d
                0x0000000000008f38                __floatunsidf
                0x0000000000008f58                __floatsidf
                0x0000000000008f58                __aeabi_i2d
                0x0000000000008f7c                __extendsfdf2
                0x0000000000008f7c                __aeabi_f2d
                0x0000000000008fc0                __aeabi_ul2d
                0x0000000000008fc0                __floatundidf
                0x0000000000008fd0                __floatdidf
                0x0000000000008fd0                __aeabi_l2d
 .text          0x000000000000902c      0x424 /home/hobian/arm/gcc-arm-none-eabi-8-2018-q4-major/bin/../lib/gcc/arm-none-eabi/8.2.1/thumb/v7-m/nofp/libgcc.a(_arm_muldivdf3.o)
                0x000000000000902c                __aeabi_dmul
                0x000000000000902c                __muldf3
                0x0000000000009280                __aeabi_ddiv
                0x0000000000009280                __divdf3
 .text          0x0000000000009450      0x110 /home/hobian/arm/gcc-arm-none-eabi-8-2018-q4-major/bin/../lib/gcc/arm-none-eabi/8.2.1/thumb/v7-m/nofp/libgcc.a(_arm_cmpdf2.o)
                0x0000000000009450                __gtdf2
                0x0000000000009450                __gedf2
                0x0000000000009458                __ltdf2
                0x0000000000009458                __ledf2
                0x0000000000009460                __cmpdf2
                0x0000000000009460                __eqdf2
                0x0000000000009460                __nedf2
                0x00000000000094dc                __aeabi_cdrcmple
                0x00000000000094ec                __aeabi_cdcmple
                0x00000000000094ec                __aeabi_cdcmpeq
                0x00000000000094fc                __aeabi_dcmpeq
                0x0000000000009510                __aeabi_dcmplt
                0x0000000000009524                __aeabi_dcmple
                0x0000000000009538                __aeabi_dcmpge
                0x000000000000954c                __aeabi_dcmpgt
 .text          0x0000000000009560       0x2c /home/hobian/arm/gcc-arm-none-eabi-8-2018-q4-major/bin/../lib/gcc/arm-none-eabi/8.2.1/thumb/v7-m/nofp/libgcc.a(_arm_unorddf2.o)
                0x0000000000009560                __aeabi_dcmpun
                0x0000000000009560                __unorddf2
 .text          0x000000000000958c       0xa0 /home/hobian/arm/gcc-arm-none-eabi-8-2018-q4-major/bin/../lib/gcc/arm-none-eabi/8.2.1/thumb/v7-m/nofp/libgcc.a(_arm_truncdfsf2.o)
                0x000000000000958c                __aeabi_d2f
                0x000000000000958c                __truncdfsf2
 .text          0x000000000000962c      0x21c /home/hobian/arm/gcc-arm-none-eabi-8-2018-q4-major/bin/../lib/gcc/arm-none-eabi/8.2.1/thumb/v7-m/nofp/libgcc.a(_arm_addsubsf3.o)
                0x000000000000962c                __aeabi_frsub
                0x0000000000009634                __subsf3
                0x0000000000009634                __aeabi_fsub
                0x0000000000009638                __aeabi_fadd
                0x0000000000009638                __addsf3
                0x0000000000009798                __aeabi_ui2f
                0x0000000000009798                __floatunsisf
                0x00000000000097a0                __aeabi_i2f
                0x00000000000097a0                __floatsisf
                0x00000000000097bc                __floatundisf
                0x00000000000097bc                __aeabi_ul2f
                0x00000000000097cc                __floatdisf
                0x00000000000097cc                __aeabi_l2f
 .text          0x0000000000009848      0x2a0 /home/hobian/arm/gcc-arm-none-eabi-8-2018-q4-major/bin/../lib/gcc/arm-none-eabi/8.2.1/thumb/v7-m/nofp/libgcc.a(_arm_muldivsf3.o)
                0x0000000000009848                __mulsf3
                0x0000000000009848                __aeabi_fmul
                0x00000000000099b0                __divsf3
                0x00000000000099b0                __aeabi_fdiv
 .text          0x0000000000009ae8       0x4c /home/hobian/arm/gcc-arm-none-eabi-8-2018-q4-major/bin/../lib/gcc/arm-none-eabi/8.2.1/thumb/v7-m/nofp/libgcc.a(_arm_fixsfsi.o)
                0x0000000000009ae8                __fixsfsi
                0x0000000000009ae8                __aeabi_f2iz
 .text          0x0000000000009b34       0x30 /home/hobian/arm/gcc-arm-none-eabi-8-2018-q4-major/bin/../lib/gcc/arm-none-eabi/8.2.1/thumb/v7-m/nofp/libgcc.a(_aeabi_uldivmod.o)
                0x0000000000009b34                __aeabi_uldivmod
 .text          0x0000000000009b64      0x2d0 /home/hobian/arm/gcc-arm-none-eabi-8-2018-q4-major/bin/../lib/gcc/arm-none-eabi/8.2.1/thumb/v7-m/nofp/libgcc.a(_udivmoddi4.o)
                0x0000000000009b64                __udivmoddi4
 .text          0x0000000000009e34        0x4 /home/hobian/arm/gcc-arm-none-eabi-8-2018-q4-major/bin/../lib/gcc/arm-none-eabi/8.2.1/thumb/v7-m/nofp/libgcc.a(_dvmd_tls.o)
                0x0000000000009e34                __aeabi_ldiv0
                0x0000000000009e34                __aeabi_idiv0
 .text.__errno  0x0000000000009e38        0xc /home/hobian/arm/gcc-arm-none-eabi-8-2018-q4-major/bin/../lib/gcc/arm-none-eabi/8.2.1/../../../../arm-none-eabi/lib/thumb/v7-m/nofp/libc.a(lib_a-errno.o)
                0x0000000000009e38                __errno
 .text.memcmp   0x0000000000009e44       0x64 /home/hobian/arm/gcc-arm-none-eabi-8-2018-q4-major/bin/../lib/gcc/arm-none-eabi/8.2.1/../../../../arm-none-eabi/lib/thumb/v7-m/nofp/libc.a(lib_a-memcmp.o)
                0x0000000000009e44                memcmp
 .text          0x0000000000009ea8       0xec /home/hobian/arm/gcc-arm-none-eabi-8-2018-q4-major/bin/../lib/gcc/arm-none-eabi/8.2.1/../../../../arm-none-eabi/lib/thumb/v7-m/nofp/libc.a(lib_a-memcpy.o)
                0x0000000000009ea8                memcpy
 .text.memset   0x0000000000009f94       0xa0 /home/hobian/arm/gcc-arm-none-eabi-8-2018-q4-major/bin/../lib/gcc/arm-none-eabi/8.2.1/../../../../arm-none-eabi/lib/thumb/v7-m/nofp/libc.a(lib_a-memset.o)
                0x0000000000009f94                memset
 .text.rand     0x000000000000a034       0x3c /home/hobian/arm/gcc-arm-none-eabi-8-2018-q4-major/bin/../lib/gcc/arm-none-eabi/8.2.1/../../../../arm-none-eabi/lib/thumb/v7-m/nofp/libc.a(lib_a-rand.o)
                0x000000000000a034                rand
 *(SORT_BY_ALIGNMENT(.rodata*))
 .rodata.TWO52  0x000000000000a070       0x10 /home/hobian/arm/gcc-arm-none-eabi-8-2018-q4-major/bin/../lib/gcc/arm-none-eabi/8.2.1/../../../../arm-none-eabi/lib/thumb/v7-m/nofp/libm.a(lib_a-s_rint.o)
 .rodata.platform_init_stage_three.str1.4
                0x000000000000a080       0x5f build/cc26x0-cc13x0/sensortag/cc2650//obj/platform.o
                                         0x62 (size before relaxing)
 *fill*         0x000000000000a0df        0x1 00000000
 .rodata.leds_arch_leds
                0x000000000000a0e0        0x4 build/cc26x0-cc13x0/sensortag/cc2650//obj/leds-arch.o
                0x000000000000a0e0                leds_arch_leds
 .rodata.str1.4
                0x000000000000a0e4       0x23 build/cc26x0-cc13x0/sensortag/cc2650//obj/board-buttons.o
 *fill*         0x000000000000a107        0x1 00000000
 .rodata.bmp_280_sensor
                0x000000000000a108       0x10 build/cc26x0-cc13x0/sensortag/cc2650//obj/bmp-280-sensor.o
                0x000000000000a108                bmp_280_sensor
 .rodata.str1.4
                0x000000000000a118        0x7 build/cc26x0-cc13x0/sensortag/cc2650//obj/bmp-280-sensor.o
 *fill*         0x000000000000a11f        0x1 00000000
 .rodata.str1.4
                0x000000000000a120        0x7 build/cc26x0-cc13x0/sensortag/cc2650//obj/tmp-007-sensor.o
 *fill*         0x000000000000a127        0x1 00000000
 .rodata.tmp_007_sensor
                0x000000000000a128       0x10 build/cc26x0-cc13x0/sensortag/cc2650//obj/tmp-007-sensor.o
                0x000000000000a128                tmp_007_sensor
 .rodata.opt_3001_sensor
                0x000000000000a138       0x10 build/cc26x0-cc13x0/sensortag/cc2650//obj/opt-3001-sensor.o
                0x000000000000a138                opt_3001_sensor
 .rodata.str1.4
                0x000000000000a148        0x8 build/cc26x0-cc13x0/sensortag/cc2650//obj/opt-3001-sensor.o
 .rodata.hdc_1000_sensor
                0x000000000000a150       0x10 build/cc26x0-cc13x0/sensortag/cc2650//obj/hdc-1000-sensor.o
                0x000000000000a150                hdc_1000_sensor
 .rodata.str1.4
                0x000000000000a160        0x8 build/cc26x0-cc13x0/sensortag/cc2650//obj/hdc-1000-sensor.o
 .rodata.mpu_9250_sensor
                0x000000000000a168       0x10 build/cc26x0-cc13x0/sensortag/cc2650//obj/mpu-9250-sensor.o
                0x000000000000a168                mpu_9250_sensor
 .rodata.str1.4
                0x000000000000a178        0x8 build/cc26x0-cc13x0/sensortag/cc2650//obj/mpu-9250-sensor.o
 .rodata.RFCCPE0IntHandler.str1.4
                0x000000000000a180       0x2b build/cc26x0-cc13x0/sensortag/cc2650//obj/rf-core.o
 *fill*         0x000000000000a1ab        0x1 00000000
 .rodata.str1.4
                0x000000000000a1ac       0x1a build/cc26x0-cc13x0/sensortag/cc2650//obj/rf-core.o
 *fill*         0x000000000000a1c6        0x2 00000000
 .rodata.ieee_mode_driver
                0x000000000000a1c8       0x38 build/cc26x0-cc13x0/sensortag/cc2650//obj/ieee-mode.o
                0x000000000000a1c8                ieee_mode_driver
 .rodata.mode_ieee
                0x000000000000a200       0x10 build/cc26x0-cc13x0/sensortag/cc2650//obj/ieee-mode.o
 .rodata.output_power
                0x000000000000a210       0x68 build/cc26x0-cc13x0/sensortag/cc2650//obj/ieee-mode.o
 .rodata.str1.4
                0x000000000000a278       0x1b build/cc26x0-cc13x0/sensortag/cc2650//obj/soc-trng.o
 *fill*         0x000000000000a293        0x1 00000000
 .rodata.spi_controller
                0x000000000000a294       0x20 build/cc26x0-cc13x0/sensortag/cc2650//obj/spi-arch.o
 .rodata.main.str1.4
                0x000000000000a2b4       0xc9 build/cc26x0-cc13x0/sensortag/cc2650//obj/contiki-main.o
                                         0xe6 (size before relaxing)
 *fill*         0x000000000000a37d        0x3 00000000
 .rodata.str1.4
                0x000000000000a380        0xf build/cc26x0-cc13x0/sensortag/cc2650//obj/ctimer.o
 *fill*         0x000000000000a38f        0x1 00000000
 .rodata.log_lladdr.str1.4
                0x000000000000a390       0x19 build/cc26x0-cc13x0/sensortag/cc2650//obj/log.o
 *fill*         0x000000000000a3a9        0x3 00000000
 .rodata.str1.4
                0x000000000000a3ac        0xc build/cc26x0-cc13x0/sensortag/cc2650//obj/etimer.o
 .rodata.process_thread_stack_check_process.str1.4
                0x000000000000a3b8       0x25 build/cc26x0-cc13x0/sensortag/cc2650//obj/stack-check.o
                                         0x35 (size before relaxing)
 *fill*         0x000000000000a3dd        0x3 00000000
 .rodata.str1.4
                0x000000000000a3e0        0xc build/cc26x0-cc13x0/sensortag/cc2650//obj/stack-check.o
 .rodata.str1.4
                0x000000000000a3ec       0x13 build/cc26x0-cc13x0/sensortag/cc2650//obj/button-hal.o
 *fill*         0x000000000000a3ff        0x1 00000000
 .rodata.str1.4
                0x000000000000a400        0xe build/cc26x0-cc13x0/sensortag/cc2650//obj/serial-line.o
 *fill*         0x000000000000a40e        0x2 00000000
 .rodata.str1.4
                0x000000000000a410        0x8 build/cc26x0-cc13x0/sensortag/cc2650//obj/sensors.o
 .rodata.linkaddr_null
                0x000000000000a418        0x8 build/cc26x0-cc13x0/sensortag/cc2650//obj/linkaddr.o
                0x000000000000a418                linkaddr_null
 .rodata.framer_802154
                0x000000000000a420        0xc build/cc26x0-cc13x0/sensortag/cc2650//obj/framer-802154.o
                0x000000000000a420                framer_802154
 .rodata        0x000000000000a42c        0x4 build/cc26x0-cc13x0/sensortag/cc2650//obj/ext-flash.o
 .rodata.flash_spi_configuration_default
                0x000000000000a430        0xc build/cc26x0-cc13x0/sensortag/cc2650//obj/ext-flash.o
 .rodata.buffer.5052
                0x000000000000a43c       0x10 build/cc26x0-cc13x0/sensortag/cc2650//obj/strformat.o
 .rodata.buffer.5061
                0x000000000000a44c       0x10 build/cc26x0-cc13x0/sensortag/cc2650//obj/strformat.o
 .rodata.format_str_v.str1.4
                0x000000000000a45c       0x46 build/cc26x0-cc13x0/sensortag/cc2650//obj/strformat.o
 *fill*         0x000000000000a4a2        0x2 00000000
 .rodata.csma_driver
                0x000000000000a4a4       0x1c build/cc26x0-cc13x0/sensortag/cc2650//obj/csma.o
                0x000000000000a4a4                csma_driver
 .rodata.str1.4
                0x000000000000a4c0        0x5 build/cc26x0-cc13x0/sensortag/cc2650//obj/csma.o
 *fill*         0x000000000000a4c5        0x3 00000000
 .rodata.nullnet_driver
                0x000000000000a4c8       0x10 build/cc26x0-cc13x0/sensortag/cc2650//obj/nullnet.o
                0x000000000000a4c8                nullnet_driver
 .rodata.str1.4
                0x000000000000a4d8        0x8 build/cc26x0-cc13x0/sensortag/cc2650//obj/nullnet.o
 .rodata.nullrouting_driver
                0x000000000000a4e0       0x50 build/cc26x0-cc13x0/sensortag/cc2650//obj/nullrouting.o
                0x000000000000a4e0                nullrouting_driver
 .rodata.str1.4
                0x000000000000a530        0xc build/cc26x0-cc13x0/sensortag/cc2650//obj/nullrouting.o
 .rodata.autostart_processes
                0x000000000000a53c        0x8 mTorch.o
                0x000000000000a53c                autostart_processes
 .rodata.input_callback.str1.4
                0x000000000000a544       0x5f mTorch.o
                                         0x77 (size before relaxing)
 *fill*         0x000000000000a5a3        0x1 00000000
 .rodata.process_thread_mTorch_process.str1.4
                0x000000000000a5a4       0x2c mTorch.o
 .rodata.str1.4
                0x000000000000a5d0        0x7 mTorch.o
 *fill*         0x000000000000a5d7        0x1 00000000
 .rodata.pow.str1.4
                0x000000000000a5d8        0x4 /home/hobian/arm/gcc-arm-none-eabi-8-2018-q4-major/bin/../lib/gcc/arm-none-eabi/8.2.1/../../../../arm-none-eabi/lib/thumb/v7-m/nofp/libm.a(lib_a-w_pow.o)
 .rodata.__ieee754_pow.str1.4
                0x000000000000a5dc        0x4 /home/hobian/arm/gcc-arm-none-eabi-8-2018-q4-major/bin/../lib/gcc/arm-none-eabi/8.2.1/../../../../arm-none-eabi/lib/thumb/v7-m/nofp/libm.a(lib_a-e_pow.o)
                                          0x1 (size before relaxing)
 .rodata.button_hal_button_count
                0x000000000000a5dc        0x1 build/cc26x0-cc13x0/sensortag/cc2650//obj/board-buttons.o
                0x000000000000a5dc                button_hal_button_count
                0x000000000000a5e0                _etext = .

.glue_7         0x000000000000a5e0        0x0
 .glue_7        0x000000000000a5e0        0x0 linker stubs

.glue_7t        0x000000000000a5e0        0x0
 .glue_7t       0x000000000000a5e0        0x0 linker stubs

.vfp11_veneer   0x000000000000a5e0        0x0
 .vfp11_veneer  0x000000000000a5e0        0x0 linker stubs

.v4_bx          0x000000000000a5e0        0x0
 .v4_bx         0x000000000000a5e0        0x0 linker stubs

.iplt           0x000000000000a5e0        0x0
 .iplt          0x000000000000a5e0        0x0 build/cc26x0-cc13x0/sensortag/cc2650//obj/startup_gcc.o

.data           0x0000000020000000      0x6b6 load address 0x000000000000a5dd
                0x0000000020000000                _data = .
 *(SORT_BY_ALIGNMENT(vtable))
 *(SORT_BY_ALIGNMENT(.data*))
 .data.impure_data
                0x0000000020000000      0x428 /home/hobian/arm/gcc-arm-none-eabi-8-2018-q4-major/bin/../lib/gcc/arm-none-eabi/8.2.1/../../../../arm-none-eabi/lib/thumb/v7-m/nofp/libc.a(lib_a-impure.o)
 .data.sensors  0x0000000020000428       0x18 build/cc26x0-cc13x0/sensortag/cc2650//obj/sensortag-sensors.o
                0x0000000020000428                sensors
 .data.button_hal_buttons
                0x0000000020000440       0x10 build/cc26x0-cc13x0/sensortag/cc2650//obj/board-buttons.o
                0x0000000020000440                button_hal_buttons
 .data.key_left
                0x0000000020000450       0x50 build/cc26x0-cc13x0/sensortag/cc2650//obj/board-buttons.o
 .data.key_right
                0x00000000200004a0       0x50 build/cc26x0-cc13x0/sensortag/cc2650//obj/board-buttons.o
 .data.reed_relay
                0x00000000200004f0       0x50 build/cc26x0-cc13x0/sensortag/cc2650//obj/board-buttons.o
 .data.buzzer_module
                0x0000000020000540       0x14 build/cc26x0-cc13x0/sensortag/cc2650//obj/buzzer.o
 .data.sensortag_module
                0x0000000020000554       0x14 build/cc26x0-cc13x0/sensortag/cc2650//obj/board.o
 .data.uart_module
                0x0000000020000568       0x14 build/cc26x0-cc13x0/sensortag/cc2650//obj/cc26xx-uart.o
 .data.rf_core_process
                0x000000002000057c       0x10 build/cc26x0-cc13x0/sensortag/cc2650//obj/rf-core.o
                0x000000002000057c                rf_core_process
 .data.cc26xx_rf_lpm_module
                0x000000002000058c       0x14 build/cc26x0-cc13x0/sensortag/cc2650//obj/ieee-mode.o
 .data.ieee_overrides
                0x00000000200005a0       0x2c build/cc26x0-cc13x0/sensortag/cc2650//obj/ieee-mode.o
 .data.tx_power_current
                0x00000000200005cc        0x4 build/cc26x0-cc13x0/sensortag/cc2650//obj/ieee-mode.o
 .data.rng_module
                0x00000000200005d0       0x14 build/cc26x0-cc13x0/sensortag/cc2650//obj/soc-trng.o
 .data.soc_trng_process
                0x00000000200005e4       0x10 build/cc26x0-cc13x0/sensortag/cc2650//obj/soc-trng.o
                0x00000000200005e4                soc_trng_process
 .data.ctimer_process
                0x00000000200005f4       0x10 build/cc26x0-cc13x0/sensortag/cc2650//obj/ctimer.o
                0x00000000200005f4                ctimer_process
 .data.curr_log_level_main
                0x0000000020000604        0x4 build/cc26x0-cc13x0/sensortag/cc2650//obj/log.o
                0x0000000020000604                curr_log_level_main
 .data.etimer_process
                0x0000000020000608       0x10 build/cc26x0-cc13x0/sensortag/cc2650//obj/etimer.o
                0x0000000020000608                etimer_process
 .data.stack_check_process
                0x0000000020000618       0x10 build/cc26x0-cc13x0/sensortag/cc2650//obj/stack-check.o
                0x0000000020000618                stack_check_process
 .data.button_hal_process
                0x0000000020000628       0x10 build/cc26x0-cc13x0/sensortag/cc2650//obj/button-hal.o
                0x0000000020000628                button_hal_process
 .data.serial_line_process
                0x0000000020000638       0x10 build/cc26x0-cc13x0/sensortag/cc2650//obj/serial-line.o